Component: ARM Compiler 5.06 update 3 (build 300) Tool: armlink [4d35c9]

==============================================================================

Section Cross References

    main.o(i.SystemClock_Config) refers to stm32f4xx_hal_rcc.o(i.HAL_RCC_OscConfig) for HAL_RCC_OscConfig
    main.o(i.SystemClock_Config) refers to stm32f4xx_hal_rcc.o(i.HAL_RCC_ClockConfig) for HAL_RCC_ClockConfig
    main.o(i.SystemClock_Config) refers to stm32f4xx_hal_rcc.o(i.HAL_RCC_GetHCLKFreq) for HAL_RCC_GetHCLKFreq
    main.o(i.SystemClock_Config) refers to stm32f4xx_hal_cortex.o(i.HAL_SYSTICK_Config) for HAL_SYSTICK_Config
    main.o(i.SystemClock_Config) refers to stm32f4xx_hal_cortex.o(i.HAL_SYSTICK_CLKSourceConfig) for HAL_SYSTICK_CLKSourceConfig
    main.o(i.SystemClock_Config) refers to stm32f4xx_hal_cortex.o(i.HAL_NVIC_SetPriority) for HAL_NVIC_SetPriority
    main.o(i.main) refers to stm32f4xx_hal.o(i.HAL_Init) for HAL_Init
    main.o(i.main) refers to main.o(i.SystemClock_Config) for SystemClock_Config
    main.o(i.main) refers to gpio.o(i.MX_GPIO_Init) for MX_GPIO_Init
    main.o(i.main) refers to dma.o(i.MX_DMA_Init) for MX_DMA_Init
    main.o(i.main) refers to can.o(i.MX_CAN1_Init) for MX_CAN1_Init
    main.o(i.main) refers to can.o(i.MX_CAN2_Init) for MX_CAN2_Init
    main.o(i.main) refers to tim.o(i.MX_TIM2_Init) for MX_TIM2_Init
    main.o(i.main) refers to tim.o(i.MX_TIM3_Init) for MX_TIM3_Init
    main.o(i.main) refers to tim.o(i.MX_TIM4_Init) for MX_TIM4_Init
    main.o(i.main) refers to usart.o(i.MX_USART1_UART_Init) for MX_USART1_UART_Init
    main.o(i.main) refers to usart.o(i.MX_USART2_UART_Init) for MX_USART2_UART_Init
    main.o(i.main) refers to usart.o(i.MX_USART3_UART_Init) for MX_USART3_UART_Init
    main.o(i.main) refers to i2c.o(i.IIC_Init) for IIC_Init
    main.o(i.main) refers to 6050.o(i.InitMPU6050) for InitMPU6050
    main.o(i.main) refers to 6050.o(i.Gyro_OFFEST) for Gyro_OFFEST
    main.o(i.main) refers to gpio.o(i.led_config) for led_config
    main.o(i.main) refers to stm32f4xx_hal_gpio.o(i.HAL_GPIO_WritePin) for HAL_GPIO_WritePin
    main.o(i.main) refers to usart.o(i.Remote_rx_start) for Remote_rx_start
    main.o(i.main) refers to usart.o(i.Usart2_rx_start) for Usart2_rx_start
    gpio.o(i.led_config) refers to stm32f4xx_hal_gpio.o(i.HAL_GPIO_Init) for HAL_GPIO_Init
    gpio.o(i.led_config) refers to stm32f4xx_hal_gpio.o(i.HAL_GPIO_WritePin) for HAL_GPIO_WritePin
    usart.o(i.HAL_UART_MspDeInit) refers to stm32f4xx_hal_gpio.o(i.HAL_GPIO_DeInit) for HAL_GPIO_DeInit
    usart.o(i.HAL_UART_MspDeInit) refers to stm32f4xx_hal_dma.o(i.HAL_DMA_DeInit) for HAL_DMA_DeInit
    usart.o(i.HAL_UART_MspDeInit) refers to stm32f4xx_hal_cortex.o(i.HAL_NVIC_DisableIRQ) for HAL_NVIC_DisableIRQ
    usart.o(i.HAL_UART_MspInit) refers to stm32f4xx_hal_gpio.o(i.HAL_GPIO_Init) for HAL_GPIO_Init
    usart.o(i.HAL_UART_MspInit) refers to stm32f4xx_hal_dma.o(i.HAL_DMA_Init) for HAL_DMA_Init
    usart.o(i.HAL_UART_MspInit) refers to stm32f4xx_hal_cortex.o(i.HAL_NVIC_SetPriority) for HAL_NVIC_SetPriority
    usart.o(i.HAL_UART_MspInit) refers to stm32f4xx_hal_cortex.o(i.HAL_NVIC_EnableIRQ) for HAL_NVIC_EnableIRQ
    usart.o(i.HAL_UART_MspInit) refers to usart.o(.bss) for .bss
    usart.o(i.MX_USART1_UART_Init) refers to stm32f4xx_hal_uart.o(i.HAL_UART_Init) for HAL_UART_Init
    usart.o(i.MX_USART1_UART_Init) refers to usart.o(.bss) for .bss
    usart.o(i.MX_USART2_UART_Init) refers to stm32f4xx_hal_uart.o(i.HAL_UART_Init) for HAL_UART_Init
    usart.o(i.MX_USART2_UART_Init) refers to usart.o(.bss) for .bss
    usart.o(i.MX_USART3_UART_Init) refers to stm32f4xx_hal_uart.o(i.HAL_UART_Init) for HAL_UART_Init
    usart.o(i.MX_USART3_UART_Init) refers to usart.o(.bss) for .bss
    usart.o(i.Remote_rx_start) refers to stm32f4xx_hal_uart.o(i.HAL_UART_Receive_DMA) for HAL_UART_Receive_DMA
    usart.o(i.Remote_rx_start) refers to usart.o(.bss) for .bss
    usart.o(i.Usart2_rx_start) refers to stm32f4xx_hal_uart.o(i.HAL_UART_Receive_DMA) for HAL_UART_Receive_DMA
    usart.o(i.Usart2_rx_start) refers to usart.o(.data) for .data
    usart.o(i.Usart2_rx_start) refers to usart.o(.bss) for .bss
    usart.o(i.Usart3_rx_start) refers to stm32f4xx_hal_uart.o(i.HAL_UART_Receive_DMA) for HAL_UART_Receive_DMA
    usart.o(i.Usart3_rx_start) refers to usart.o(.data) for .data
    usart.o(i.Usart3_rx_start) refers to usart.o(.bss) for .bss
    dma.o(i.MX_DMA_Init) refers to stm32f4xx_hal_cortex.o(i.HAL_NVIC_SetPriority) for HAL_NVIC_SetPriority
    dma.o(i.MX_DMA_Init) refers to stm32f4xx_hal_cortex.o(i.HAL_NVIC_EnableIRQ) for HAL_NVIC_EnableIRQ
    tim.o(i.HAL_TIM_Base_MspDeInit) refers to stm32f4xx_hal_cortex.o(i.HAL_NVIC_DisableIRQ) for HAL_NVIC_DisableIRQ
    tim.o(i.HAL_TIM_Base_MspInit) refers to stm32f4xx_hal_cortex.o(i.HAL_NVIC_SetPriority) for HAL_NVIC_SetPriority
    tim.o(i.HAL_TIM_Base_MspInit) refers to stm32f4xx_hal_cortex.o(i.HAL_NVIC_EnableIRQ) for HAL_NVIC_EnableIRQ
[...]
    Removing stm32f4xx_hal_uart.o(i.HAL_MultiProcessor_ExitMuteMode), (46 bytes).
    Removing stm32f4xx_hal_uart.o(i.HAL_MultiProcessor_Init), (142 bytes).
    Removing stm32f4xx_hal_uart.o(i.HAL_UART_DMAPause), (66 bytes).
    Removing stm32f4xx_hal_uart.o(i.HAL_UART_DMAResume), (74 bytes).
    Removing stm32f4xx_hal_uart.o(i.HAL_UART_DMAStop), (52 bytes).
    Removing stm32f4xx_hal_uart.o(i.HAL_UART_DeInit), (40 bytes).
    Removing stm32f4xx_hal_uart.o(i.HAL_UART_GetError), (4 bytes).
    Removing stm32f4xx_hal_uart.o(i.HAL_UART_GetState), (10 bytes).
    Removing stm32f4xx_hal_uart.o(i.HAL_UART_MspDeInit), (2 bytes).
    Removing stm32f4xx_hal_uart.o(i.HAL_UART_MspInit), (2 bytes).
    Removing stm32f4xx_hal_uart.o(i.HAL_UART_Receive), (172 bytes).
    Removing stm32f4xx_hal_uart.o(i.HAL_UART_Receive_IT), (88 bytes).
    Removing stm32f4xx_hal_uart.o(i.HAL_UART_Transmit), (170 bytes).
    Removing stm32f4xx_hal_uart.o(i.HAL_UART_Transmit_DMA), (124 bytes).
    Removing stm32f4xx_hal_uart.o(i.HAL_UART_Transmit_IT), (62 bytes).
    Removing stm32f4xx_hal_uart.o(i.HAL_UART_TxHalfCpltCallback), (2 bytes).
    Removing stm32f4xx_hal_uart.o(i.UART_DMATransmitCplt), (46 bytes).
    Removing stm32f4xx_hal_uart.o(i.UART_DMATxHalfCplt), (10 bytes).
    Removing stm32f4xx_hal_uart.o(i.UART_WaitOnFlagUntilTimeout), (150 bytes).
    Removing stm32f4xx_hal_rcc.o(.rev16_text), (4 bytes).
    Removing stm32f4xx_hal_rcc.o(.revsh_text), (4 bytes).
    Removing stm32f4xx_hal_rcc.o(.rrx_text), (6 bytes).
    Removing stm32f4xx_hal_rcc.o(i.HAL_RCC_CSSCallback), (2 bytes).
    Removing stm32f4xx_hal_rcc.o(i.HAL_RCC_DeInit), (2 bytes).
    Removing stm32f4xx_hal_rcc.o(i.HAL_RCC_DisableCSS), (12 bytes).
    Removing stm32f4xx_hal_rcc.o(i.HAL_RCC_EnableCSS), (12 bytes).
    Removing stm32f4xx_hal_rcc.o(i.HAL_RCC_GetClockConfig), (64 bytes).
    Removing stm32f4xx_hal_rcc.o(i.HAL_RCC_GetOscConfig), (224 bytes).
    Removing stm32f4xx_hal_rcc.o(i.HAL_RCC_MCOConfig), (140 bytes).
    Removing stm32f4xx_hal_rcc.o(i.HAL_RCC_NMI_IRQHandler), (28 bytes).
    Removing stm32f4xx_hal_gpio.o(.rev16_text), (4 bytes).
    Removing stm32f4xx_hal_gpio.o(.revsh_text), (4 bytes).
    Removing stm32f4xx_hal_gpio.o(.rrx_text), (6 bytes).
    Removing stm32f4xx_hal_gpio.o(i.HAL_GPIO_DeInit), (352 bytes).
    Removing stm32f4xx_hal_gpio.o(i.HAL_GPIO_EXTI_Callback), (2 bytes).
    Removing stm32f4xx_hal_gpio.o(i.HAL_GPIO_EXTI_IRQHandler), (24 bytes).
    Removing stm32f4xx_hal_gpio.o(i.HAL_GPIO_LockPin), (34 bytes).
    Removing stm32f4xx_hal_flash_ramfunc.o(.rev16_text), (4 bytes).
    Removing stm32f4xx_hal_flash_ramfunc.o(.revsh_text), (4 bytes).
    Removing stm32f4xx_hal_flash_ramfunc.o(.rrx_text), (6 bytes).
    Removing stm32f4xx_hal.o(.rev16_text), (4 bytes).
    Removing stm32f4xx_hal.o(.revsh_text), (4 bytes).
    Removing stm32f4xx_hal.o(.rrx_text), (6 bytes).
    Removing stm32f4xx_hal.o(i.HAL_DBGMCU_DisableDBGSleepMode), (16 bytes).
    Removing stm32f4xx_hal.o(i.HAL_DBGMCU_DisableDBGStandbyMode), (16 bytes).
    Removing stm32f4xx_hal.o(i.HAL_DBGMCU_DisableDBGStopMode), (16 bytes).
    Removing stm32f4xx_hal.o(i.HAL_DBGMCU_EnableDBGSleepMode), (16 bytes).
    Removing stm32f4xx_hal.o(i.HAL_DBGMCU_EnableDBGStandbyMode), (16 bytes).
    Removing stm32f4xx_hal.o(i.HAL_DBGMCU_EnableDBGStopMode), (16 bytes).
    Removing stm32f4xx_hal.o(i.HAL_DeInit), (52 bytes).
    Removing stm32f4xx_hal.o(i.HAL_Delay), (22 bytes).
    Removing stm32f4xx_hal.o(i.HAL_DisableCompensationCell), (28 bytes).
    Removing stm32f4xx_hal.o(i.HAL_EnableCompensationCell), (28 bytes).
    Removing stm32f4xx_hal.o(i.HAL_GetDEVID), (16 bytes).
    Removing stm32f4xx_hal.o(i.HAL_GetHalVersion), (8 bytes).
    Removing stm32f4xx_hal.o(i.HAL_GetREVID), (12 bytes).
    Removing stm32f4xx_hal.o(i.HAL_MspDeInit), (2 bytes).
    Removing stm32f4xx_hal.o(i.HAL_MspInit), (2 bytes).
    Removing stm32f4xx_hal.o(i.HAL_ResumeTick), (14 bytes).
    Removing stm32f4xx_hal.o(i.HAL_SuspendTick), (14 bytes).
    Removing stm32f4xx_hal_pwr_ex.o(.rev16_text), (4 bytes).
    Removing stm32f4xx_hal_pwr_ex.o(.revsh_text), (4 bytes).
    Removing stm32f4xx_hal_pwr_ex.o(.rrx_text), (6 bytes).
    Removing stm32f4xx_hal_pwr_ex.o(i.HAL_PWREx_ControlVoltageScaling), (88 bytes).
    Removing stm32f4xx_hal_pwr_ex.o(i.HAL_PWREx_DisableBkUpReg), (76 bytes).
    Removing stm32f4xx_hal_pwr_ex.o(i.HAL_PWREx_DisableFlashPowerDown), (28 bytes).
    Removing stm32f4xx_hal_pwr_ex.o(i.HAL_PWREx_EnableBkUpReg), (76 bytes).
    Removing stm32f4xx_hal_pwr_ex.o(i.HAL_PWREx_EnableFlashPowerDown), (24 bytes).
    Removing stm32f4xx_hal_pwr_ex.o(i.HAL_PWREx_GetVoltageRange), (16 bytes).
    Removing stm32f4xx_hal_rcc_ex.o(.rev16_text), (4 bytes).
    Removing stm32f4xx_hal_rcc_ex.o(.revsh_text), (4 bytes).
    Removing stm32f4xx_hal_rcc_ex.o(.rrx_text), (6 bytes).
    Removing stm32f4xx_hal_rcc_ex.o(i.HAL_RCCEx_GetPeriphCLKConfig), (80 bytes).
    Removing stm32f4xx_hal_rcc_ex.o(i.HAL_RCCEx_PeriphCLKConfig), (332 bytes).
    Removing stm32f4xx_hal_rcc_ex.o(i.HAL_RCC_DeInit), (88 bytes).
    Removing stm32f4xx_hal_dma_ex.o(.rev16_text), (4 bytes).
    Removing stm32f4xx_hal_dma_ex.o(.revsh_text), (4 bytes).
    Removing stm32f4xx_hal_dma_ex.o(.rrx_text), (6 bytes).
    Removing stm32f4xx_hal_dma_ex.o(i.DMA_MultiBufferSetConfig), (30 bytes).
    Removing stm32f4xx_hal_dma_ex.o(i.HAL_DMAEx_ChangeMemory), (14 bytes).
    Removing stm32f4xx_hal_dma_ex.o(i.HAL_DMAEx_MultiBufferStart), (92 bytes).
    Removing stm32f4xx_hal_dma_ex.o(i.HAL_DMAEx_MultiBufferStart_IT), (142 bytes).
    Removing stm32f4xx_hal_pwr.o(.rev16_text), (4 bytes).
    Removing stm32f4xx_hal_pwr.o(.revsh_text), (4 bytes).
    Removing stm32f4xx_hal_pwr.o(.rrx_text), (6 bytes).
    Removing stm32f4xx_hal_pwr.o(i.HAL_PWR_ConfigPVD), (124 bytes).
    Removing stm32f4xx_hal_pwr.o(i.HAL_PWR_DeInit), (24 bytes).
    Removing stm32f4xx_hal_pwr.o(i.HAL_PWR_DisableBkUpAccess), (28 bytes).
    Removing stm32f4xx_hal_pwr.o(i.HAL_PWR_DisablePVD), (24 bytes).
    Removing stm32f4xx_hal_pwr.o(i.HAL_PWR_DisableSEVOnPend), (16 bytes).
    Removing stm32f4xx_hal_pwr.o(i.HAL_PWR_DisableSleepOnExit), (16 bytes).
    Removing stm32f4xx_hal_pwr.o(i.HAL_PWR_DisableWakeUpPin), (16 bytes).
    Removing stm32f4xx_hal_pwr.o(i.HAL_PWR_EnableBkUpAccess), (24 bytes).
    Removing stm32f4xx_hal_pwr.o(i.HAL_PWR_EnablePVD), (24 bytes).
    Removing stm32f4xx_hal_pwr.o(i.HAL_PWR_EnableSEVOnPend), (16 bytes).
    Removing stm32f4xx_hal_pwr.o(i.HAL_PWR_EnableSleepOnExit), (16 bytes).
    Removing stm32f4xx_hal_pwr.o(i.HAL_PWR_EnableWakeUpPin), (16 bytes).
    Removing stm32f4xx_hal_pwr.o(i.HAL_PWR_EnterSLEEPMode), (32 bytes).
    Removing stm32f4xx_hal_pwr.o(i.HAL_PWR_EnterSTANDBYMode), (32 bytes).
    Removing stm32f4xx_hal_pwr.o(i.HAL_PWR_EnterSTOPMode), (56 bytes).
    Removing stm32f4xx_hal_pwr.o(i.HAL_PWR_PVDCallback), (2 bytes).
    Removing stm32f4xx_hal_pwr.o(i.HAL_PWR_PVD_IRQHandler), (28 bytes).
    Removing stm32f4xx_hal_dma.o(.rev16_text), (4 bytes).
    Removing stm32f4xx_hal_dma.o(.revsh_text), (4 bytes).
    Removing stm32f4xx_hal_dma.o(.rrx_text), (6 bytes).
    Removing stm32f4xx_hal_dma.o(i.HAL_DMA_Abort), (84 bytes).
    Removing stm32f4xx_hal_dma.o(i.HAL_DMA_DeInit), (86 bytes).
    Removing stm32f4xx_hal_dma.o(i.HAL_DMA_GetError), (4 bytes).
    Removing stm32f4xx_hal_dma.o(i.HAL_DMA_GetState), (6 bytes).
    Removing stm32f4xx_hal_dma.o(i.HAL_DMA_PollForTransfer), (336 bytes).
    Removing stm32f4xx_hal_dma.o(i.HAL_DMA_Start), (58 bytes).
    Removing stm32f4xx_hal_flash.o(.rev16_text), (4 bytes).
    Removing stm32f4xx_hal_flash.o(.revsh_text), (4 bytes).
    Removing stm32f4xx_hal_flash.o(.rrx_text), (6 bytes).
    Removing stm32f4xx_hal_flash.o(i.FLASH_Program_Byte), (32 bytes).
    Removing stm32f4xx_hal_flash.o(i.FLASH_Program_DoubleWord), (40 bytes).
    Removing stm32f4xx_hal_flash.o(i.FLASH_Program_HalfWord), (36 bytes).
    Removing stm32f4xx_hal_flash.o(i.FLASH_Program_Word), (36 bytes).
    Removing stm32f4xx_hal_flash.o(i.FLASH_SetErrorCode), (136 bytes).
    Removing stm32f4xx_hal_flash.o(i.FLASH_WaitForLastOperation), (88 bytes).
    Removing stm32f4xx_hal_flash.o(i.HAL_FLASH_EndOfOperationCallback), (2 bytes).
    Removing stm32f4xx_hal_flash.o(i.HAL_FLASH_GetError), (12 bytes).
    Removing stm32f4xx_hal_flash.o(i.HAL_FLASH_IRQHandler), (208 bytes).
    Removing stm32f4xx_hal_flash.o(i.HAL_FLASH_Lock), (20 bytes).
    Removing stm32f4xx_hal_flash.o(i.HAL_FLASH_OB_Launch), (24 bytes).
    Removing stm32f4xx_hal_flash.o(i.HAL_FLASH_OB_Lock), (20 bytes).
    Removing stm32f4xx_hal_flash.o(i.HAL_FLASH_OB_Unlock), (40 bytes).
    Removing stm32f4xx_hal_flash.o(i.HAL_FLASH_OperationErrorCallback), (2 bytes).
    Removing stm32f4xx_hal_flash.o(i.HAL_FLASH_Program), (124 bytes).
    Removing stm32f4xx_hal_flash.o(i.HAL_FLASH_Program_IT), (108 bytes).
    Removing stm32f4xx_hal_flash.o(i.HAL_FLASH_Unlock), (40 bytes).
    Removing stm32f4xx_hal_flash.o(.bss), (32 bytes).
    Removing stm32f4xx_hal_i2c.o(.rev16_text), (4 bytes).
    Removing stm32f4xx_hal_i2c.o(.revsh_text), (4 bytes).
    Removing stm32f4xx_hal_i2c.o(.rrx_text), (6 bytes).
    Removing stm32f4xx_hal_i2c.o(i.HAL_I2C_AddrCallback), (2 bytes).
    Removing stm32f4xx_hal_i2c.o(i.HAL_I2C_DeInit), (50 bytes).
    Removing stm32f4xx_hal_i2c.o(i.HAL_I2C_DisableListen_IT), (68 bytes).
    Removing stm32f4xx_hal_i2c.o(i.HAL_I2C_ER_IRQHandler), (284 bytes).
    Removing stm32f4xx_hal_i2c.o(i.HAL_I2C_EV_IRQHandler), (488 bytes).
    Removing stm32f4xx_hal_i2c.o(i.HAL_I2C_EnableListen_IT), (42 bytes).
    Removing stm32f4xx_hal_i2c.o(i.HAL_I2C_ErrorCallback), (2 bytes).
    Removing stm32f4xx_hal_i2c.o(i.HAL_I2C_GetError), (4 bytes).
    Removing stm32f4xx_hal_i2c.o(i.HAL_I2C_GetMode), (6 bytes).
    Removing stm32f4xx_hal_i2c.o(i.HAL_I2C_GetState), (6 bytes).
    Removing stm32f4xx_hal_i2c.o(i.HAL_I2C_Init), (264 bytes).
    Removing stm32f4xx_hal_i2c.o(i.HAL_I2C_IsDeviceReady), (332 bytes).
    Removing stm32f4xx_hal_i2c.o(i.HAL_I2C_ListenCpltCallback), (2 bytes).
    Removing stm32f4xx_hal_i2c.o(i.HAL_I2C_MasterRxCpltCallback), (2 bytes).
    Removing stm32f4xx_hal_i2c.o(i.HAL_I2C_MasterTxCpltCallback), (2 bytes).
    Removing stm32f4xx_hal_i2c.o(i.HAL_I2C_Master_Abort_IT), (92 bytes).
    Removing stm32f4xx_hal_i2c.o(i.HAL_I2C_Master_Receive), (468 bytes).
    Removing stm32f4xx_hal_i2c.o(i.HAL_I2C_Master_Receive_DMA), (260 bytes).
    Removing stm32f4xx_hal_i2c.o(i.HAL_I2C_Master_Receive_IT), (248 bytes).
    Removing stm32f4xx_hal_i2c.o(i.HAL_I2C_Master_Sequential_Receive_IT), (320 bytes).
    Removing stm32f4xx_hal_i2c.o(i.HAL_I2C_Master_Sequential_Transmit_IT), (220 bytes).
    Removing stm32f4xx_hal_i2c.o(i.HAL_I2C_Master_Transmit), (316 bytes).
    Removing stm32f4xx_hal_i2c.o(i.HAL_I2C_Master_Transmit_DMA), (252 bytes).
    Removing stm32f4xx_hal_i2c.o(i.HAL_I2C_Master_Transmit_IT), (200 bytes).
    Removing stm32f4xx_hal_i2c.o(i.HAL_I2C_MemRxCpltCallback), (2 bytes).
    Removing stm32f4xx_hal_i2c.o(i.HAL_I2C_MemTxCpltCallback), (2 bytes).
    Removing stm32f4xx_hal_i2c.o(i.HAL_I2C_Mem_Read), (468 bytes).
    Removing stm32f4xx_hal_i2c.o(i.HAL_I2C_Mem_Read_DMA), (276 bytes).
    Removing stm32f4xx_hal_i2c.o(i.HAL_I2C_Mem_Read_IT), (256 bytes).
    Removing stm32f4xx_hal_i2c.o(i.HAL_I2C_Mem_Write), (244 bytes).
    Removing stm32f4xx_hal_i2c.o(i.HAL_I2C_Mem_Write_DMA), (252 bytes).
    Removing stm32f4xx_hal_i2c.o(i.HAL_I2C_Mem_Write_IT), (204 bytes).
    Removing stm32f4xx_hal_i2c.o(i.HAL_I2C_MspDeInit), (2 bytes).
    Removing stm32f4xx_hal_i2c.o(i.HAL_I2C_MspInit), (2 bytes).
    Removing stm32f4xx_hal_i2c.o(i.HAL_I2C_SlaveRxCpltCallback), (2 bytes).
    Removing stm32f4xx_hal_i2c.o(i.HAL_I2C_SlaveTxCpltCallback), (2 bytes).
    Removing stm32f4xx_hal_i2c.o(i.HAL_I2C_Slave_Receive), (284 bytes).
    Removing stm32f4xx_hal_i2c.o(i.HAL_I2C_Slave_Receive_DMA), (204 bytes).
    Removing stm32f4xx_hal_i2c.o(i.HAL_I2C_Slave_Receive_IT), (132 bytes).
    Removing stm32f4xx_hal_i2c.o(i.HAL_I2C_Slave_Sequential_Receive_IT), (92 bytes).
    Removing stm32f4xx_hal_i2c.o(i.HAL_I2C_Slave_Sequential_Transmit_IT), (92 bytes).
    Removing stm32f4xx_hal_i2c.o(i.HAL_I2C_Slave_Transmit), (304 bytes).
    Removing stm32f4xx_hal_i2c.o(i.HAL_I2C_Slave_Transmit_DMA), (240 bytes).
    Removing stm32f4xx_hal_i2c.o(i.HAL_I2C_Slave_Transmit_IT), (132 bytes).
    Removing stm32f4xx_hal_i2c.o(i.I2C_DMAError), (42 bytes).
    Removing stm32f4xx_hal_i2c.o(i.I2C_DMAMasterReceiveCplt), (74 bytes).
    Removing stm32f4xx_hal_i2c.o(i.I2C_DMAMasterTransmitCplt), (84 bytes).
    Removing stm32f4xx_hal_i2c.o(i.I2C_DMAMemReceiveCplt), (74 bytes).
    Removing stm32f4xx_hal_i2c.o(i.I2C_DMAMemTransmitCplt), (84 bytes).
    Removing stm32f4xx_hal_i2c.o(i.I2C_DMASlaveReceiveCplt), (102 bytes).
    Removing stm32f4xx_hal_i2c.o(i.I2C_DMASlaveTransmitCplt), (90 bytes).
    Removing stm32f4xx_hal_i2c.o(i.I2C_IsAcknowledgeFailed), (40 bytes).
    Removing stm32f4xx_hal_i2c.o(i.I2C_MasterReceive_BTF), (232 bytes).
    Removing stm32f4xx_hal_i2c.o(i.I2C_MasterReceive_RXNE), (178 bytes).
    Removing stm32f4xx_hal_i2c.o(i.I2C_MasterRequestRead), (212 bytes).
    Removing stm32f4xx_hal_i2c.o(i.I2C_MasterRequestWrite), (144 bytes).
    Removing stm32f4xx_hal_i2c.o(i.I2C_MasterTransmit_BTF), (134 bytes).
    Removing stm32f4xx_hal_i2c.o(i.I2C_RequestMemoryRead), (226 bytes).
    Removing stm32f4xx_hal_i2c.o(i.I2C_RequestMemoryWrite), (152 bytes).
    Removing stm32f4xx_hal_i2c.o(i.I2C_Slave_AF), (148 bytes).
    Removing stm32f4xx_hal_i2c.o(i.I2C_Slave_STOPF), (112 bytes).
    Removing stm32f4xx_hal_i2c.o(i.I2C_WaitOnFlagUntilTimeout), (142 bytes).
    Removing stm32f4xx_hal_i2c.o(i.I2C_WaitOnMasterAddressFlagUntilTimeout), (140 bytes).
    Removing stm32f4xx_hal_i2c.o(i.I2C_WaitOnRXNEFlagUntilTimeout), (104 bytes).
    Removing stm32f4xx_hal_i2c.o(i.I2C_WaitOnSTOPFlagUntilTimeout), (78 bytes).
    Removing stm32f4xx_hal_i2c.o(i.I2C_WaitOnTXEFlagUntilTimeout), (82 bytes).
    Removing stm32f4xx_hal_i2c_ex.o(.rev16_text), (4 bytes).
    Removing stm32f4xx_hal_i2c_ex.o(.revsh_text), (4 bytes).
    Removing stm32f4xx_hal_i2c_ex.o(.rrx_text), (6 bytes).
    Removing dadd.o(.text), (334 bytes).
    Removing dmul.o(.text), (228 bytes).
    Removing ddiv.o(.text), (222 bytes).
    Removing dflti.o(.text), (34 bytes).
    Removing dfixi.o(.text), (62 bytes).
    Removing f2d.o(.text), (38 bytes).
    Removing d2f.o(.text), (56 bytes).
    Removing fepilogue.o(.text), (110 bytes).
    Removing depilogue.o(.text), (186 bytes).
    Removing dneg.o(.text), (6 bytes).
    Removing dsqrt.o(.text), (162 bytes).
    Removing cdcmple.o(.text), (48 bytes).

470 unused section(s) (total 33162 bytes) removed from the image.

==============================================================================

Image Symbol Table

    Local Symbols

    Symbol Name                              Value     Ov Type        Size  Object(Section)

    ../Drivers/CMSIS/Device/ST/STM32F4xx/Source/Templates/system_stm32f4xx.c 0x00000000   Number         0  system_stm32f4xx.o ABSOLUTE
    ../Drivers/STM32F4xx_HAL_Driver/Src/stm32f4xx_hal.c 0x00000000   Number         0  stm32f4xx_hal.o ABSOLUTE
    ../Drivers/STM32F4xx_HAL_Driver/Src/stm32f4xx_hal_can.c 0x00000000   Number         0  stm32f4xx_hal_can.o ABSOLUTE
    ../Drivers/STM32F4xx_HAL_Driver/Src/stm32f4xx_hal_cortex.c 0x00000000   Number         0  stm32f4xx_hal_cortex.o ABSOLUTE
    ../Drivers/STM32F4xx_HAL_Driver/Src/stm32f4xx_hal_dma.c 0x00000000   Number         0  stm32f4xx_hal_dma.o ABSOLUTE
    ../Drivers/STM32F4xx_HAL_Driver/Src/stm32f4xx_hal_dma_ex.c 0x00000000   Number         0  stm32f4xx_hal_dma_ex.o ABSOLUTE
    ../Drivers/STM32F4xx_HAL_Driver/Src/stm32f4xx_hal_flash.c 0x00000000   Number         0  stm32f4xx_hal_flash.o ABSOLUTE
    ../Drivers/STM32F4xx_HAL_Driver/Src/stm32f4xx_hal_flash_ex.c 0x00000000   Number         0  stm32f4xx_hal_flash_ex.o ABSOLUTE
    ../Drivers/STM32F4xx_HAL_Driver/Src/stm32f4xx_hal_flash_ramfunc.c 0x00000000   Number         0  stm32f4xx_hal_flash_ramfunc.o ABSOLUTE
    ../Drivers/STM32F4xx_HAL_Driver/Src/stm32f4xx_hal_gpio.c 0x00000000   Number         0  stm32f4xx_hal_gpio.o ABSOLUTE
    ../Drivers/STM32F4xx_HAL_Driver/Src/stm32f4xx_hal_pwr.c 0x00000000   Number         0  stm32f4xx_hal_pwr.o ABSOLUTE
    ../Drivers/STM32F4xx_HAL_Driver/Src/stm32f4xx_hal_pwr_ex.c 0x00000000   Number         0  stm32f4xx_hal_pwr_ex.o ABSOLUTE
    ../Drivers/STM32F4xx_HAL_Driver/Src/stm32f4xx_hal_rcc.c 0x00000000   Number         0  stm32f4xx_hal_rcc.o ABSOLUTE
    ../Drivers/STM32F4xx_HAL_Driver/Src/stm32f4xx_hal_rcc_ex.c 0x00000000   Number         0  stm32f4xx_hal_rcc_ex.o ABSOLUTE
    ../Drivers/STM32F4xx_HAL_Driver/Src/stm32f4xx_hal_tim.c 0x00000000   Number         0  stm32f4xx_hal_tim.o ABSOLUTE
    ../Drivers/STM32F4xx_HAL_Driver/Src/stm32f4xx_hal_tim_ex.c 0x00000000   Number         0  stm32f4xx_hal_tim_ex.o ABSOLUTE
    ../Drivers/STM32F4xx_HAL_Driver/Src/stm32f4xx_hal_uart.c 0x00000000   Number         0  stm32f4xx_hal_uart.o ABSOLUTE
    ../Src/can.c                             0x00000000   Number         0  can.o ABSOLUTE
    ../Src/dma.c                             0x00000000   Number         0  dma.o ABSOLUTE
    ../Src/gpio.c                            0x00000000   Number         0  gpio.o ABSOLUTE
    ../Src/main.c                            0x00000000   Number         0  main.o ABSOLUTE
    ../Src/stm32f4xx_hal_msp.c               0x00000000   Number         0  stm32f4xx_hal_msp.o ABSOLUTE
    ../Src/stm32f4xx_it.c                    0x00000000   Number         0  stm32f4xx_it.o ABSOLUTE
    ../Src/tim.c                             0x00000000   Number         0  tim.o ABSOLUTE
    ../Src/usart.c                           0x00000000   Number         0  usart.o ABSOLUTE
    ../clib/microlib/errno.c                 0x00000000   Number         0  errno.o ABSOLUTE
    ../clib/microlib/init/entry.s            0x00000000   Number         0  entry10b.o ABSOLUTE
    ../clib/microlib/init/entry.s            0x00000000   Number         0  entry5.o ABSOLUTE
    ../clib/microlib/init/entry.s            0x00000000   Number         0  entry.o ABSOLUTE
    ../clib/microlib/init/entry.s            0x00000000   Number         0  entry2.o ABSOLUTE
    ../clib/microlib/init/entry.s            0x00000000   Number         0  entry7a.o ABSOLUTE
    ../clib/microlib/init/entry.s            0x00000000   Number         0  entry7b.o ABSOLUTE
    ../clib/microlib/init/entry.s            0x00000000   Number         0  entry8a.o ABSOLUTE
    ../clib/microlib/init/entry.s            0x00000000   Number         0  entry10a.o ABSOLUTE
    ../clib/microlib/init/entry.s            0x00000000   Number         0  entry8b.o ABSOLUTE
    ../clib/microlib/init/entry.s            0x00000000   Number         0  entry11b.o ABSOLUTE
    ../clib/microlib/init/entry.s            0x00000000   Number         0  entry9a.o ABSOLUTE
    ../clib/microlib/init/entry.s            0x00000000   Number         0  entry11a.o ABSOLUTE
    ../clib/microlib/init/entry.s            0x00000000   Number         0  entry9b.o ABSOLUTE
    ../clib/microlib/longlong.c              0x00000000   Number         0  llushr.o ABSOLUTE
    ../clib/microlib/longlong.c              0x00000000   Number         0  llsshr.o ABSOLUTE
    ../clib/microlib/longlong.c              0x00000000   Number         0  llshl.o ABSOLUTE
    ../clib/microlib/string/memcpy.c         0x00000000   Number         0  memcpyb.o ABSOLUTE
    ../clib/microlib/string/memcpy.c         0x00000000   Number         0  memcpya.o ABSOLUTE
    ../clib/microlib/stubs.s                 0x00000000   Number         0  iusefp.o ABSOLUTE
    ../fplib/microlib/d2f.c                  0x00000000   Number         0  d2f.o ABSOLUTE
    ../fplib/microlib/f2d.c                  0x00000000   Number         0  f2d.o ABSOLUTE
    ../fplib/microlib/fpadd.c                0x00000000   Number         0  dadd.o ABSOLUTE
    ../fplib/microlib/fpdiv.c                0x00000000   Number         0  ddiv.o ABSOLUTE
    ../fplib/microlib/fpepilogue.c           0x00000000   Number         0  depilogue.o ABSOLUTE
    ../fplib/microlib/fpepilogue.c           0x00000000   Number         0  fepilogue.o ABSOLUTE
    ../fplib/microlib/fpfix.c                0x00000000   Number         0  dfixi.o ABSOLUTE
    ../fplib/microlib/fpflt.c                0x00000000   Number         0  dflti.o ABSOLUTE
    ../fplib/microlib/fpmul.c                0x00000000   Number         0  dmul.o ABSOLUTE
    ../fplib/microlib/fpneg.c                0x00000000   Number         0  dneg.o ABSOLUTE
    ../fplib/microlib/fpsqrt.c               0x00000000   Number         0  dsqrt.o ABSOLUTE
    ../mathlib/asin.c                        0x00000000   Number         0  asin_x.o ABSOLUTE
    ../mathlib/asin.c                        0x00000000   Number         0  asin.o ABSOLUTE
    ../mathlib/atan.c                        0x00000000   Number         0  atan.o ABSOLUTE
    ../mathlib/atan.c                        0x00000000   Number         0  atan_x.o ABSOLUTE
    ../mathlib/atan2.c                       0x00000000   Number         0  atan2_x.o ABSOLUTE
    ../mathlib/atan2.c                       0x00000000   Number         0  atan2.o ABSOLUTE
    ../mathlib/dunder.c                      0x00000000   Number         0  dunder.o ABSOLUTE
    ../mathlib/fabs.c                        0x00000000   Number         0  fabs.o ABSOLUTE
    ../mathlib/fpclassify.c                  0x00000000   Number         0  fpclassify.o ABSOLUTE
    ../mathlib/poly.c                        0x00000000   Number         0  poly.o ABSOLUTE
    ../mathlib/qnan.c                        0x00000000   Number         0  qnan.o ABSOLUTE
    ../mathlib/sqrt.c                        0x00000000   Number         0  sqrt_x.o ABSOLUTE
    ../mathlib/sqrt.c                        0x00000000   Number         0  sqrt.o ABSOLUTE
    ..\Drivers\CMSIS\Device\ST\STM32F4xx\Source\Templates\system_stm32f4xx.c 0x00000000   Number         0  system_stm32f4xx.o ABSOLUTE
    ..\Drivers\STM32F4xx_HAL_Driver\Src\stm32f4xx_hal.c 0x00000000   Number         0  stm32f4xx_hal.o ABSOLUTE
    ..\Drivers\STM32F4xx_HAL_Driver\Src\stm32f4xx_hal_can.c 0x00000000   Number         0  stm32f4xx_hal_can.o ABSOLUTE
    ..\Drivers\STM32F4xx_HAL_Driver\Src\stm32f4xx_hal_cortex.c 0x00000000   Number         0  stm32f4xx_hal_cortex.o ABSOLUTE
    ..\Drivers\STM32F4xx_HAL_Driver\Src\stm32f4xx_hal_dma.c 0x00000000   Number         0  stm32f4xx_hal_dma.o ABSOLUTE
    ..\Drivers\STM32F4xx_HAL_Driver\Src\stm32f4xx_hal_dma_ex.c 0x00000000   Number         0  stm32f4xx_hal_dma_ex.o ABSOLUTE
    ..\Drivers\STM32F4xx_HAL_Driver\Src\stm32f4xx_hal_flash.c 0x00000000   Number         0  stm32f4xx_hal_flash.o ABSOLUTE
    ..\Drivers\STM32F4xx_HAL_Driver\Src\stm32f4xx_hal_flash_ex.c 0x00000000   Number         0  stm32f4xx_hal_flash_ex.o ABSOLUTE
    ..\Drivers\STM32F4xx_HAL_Driver\Src\stm32f4xx_hal_flash_ramfunc.c 0x00000000   Number         0  stm32f4xx_hal_flash_ramfunc.o ABSOLUTE
    ..\Drivers\STM32F4xx_HAL_Driver\Src\stm32f4xx_hal_gpio.c 0x00000000   Number         0  stm32f4xx_hal_gpio.o ABSOLUTE
    ..\Drivers\STM32F4xx_HAL_Driver\Src\stm32f4xx_hal_i2c.c 0x00000000   Number         0  stm32f4xx_hal_i2c.o ABSOLUTE
    ..\Drivers\STM32F4xx_HAL_Driver\Src\stm32f4xx_hal_i2c_ex.c 0x00000000   Number         0  stm32f4xx_hal_i2c_ex.o ABSOLUTE
    ..\Drivers\STM32F4xx_HAL_Driver\Src\stm32f4xx_hal_pwr.c 0x00000000   Number         0  stm32f4xx_hal_pwr.o ABSOLUTE
    ..\Drivers\STM32F4xx_HAL_Driver\Src\stm32f4xx_hal_pwr_ex.c 0x00000000   Number         0  stm32f4xx_hal_pwr_ex.o ABSOLUTE
    ..\Drivers\STM32F4xx_HAL_Driver\Src\stm32f4xx_hal_rcc.c 0x00000000   Number         0  stm32f4xx_hal_rcc.o ABSOLUTE
    ..\Drivers\STM32F4xx_HAL_Driver\Src\stm32f4xx_hal_rcc_ex.c 0x00000000   Number         0  stm32f4xx_hal_rcc_ex.o ABSOLUTE
    ..\Drivers\STM32F4xx_HAL_Driver\Src\stm32f4xx_hal_tim.c 0x00000000   Number         0  stm32f4xx_hal_tim.o ABSOLUTE
    ..\Drivers\STM32F4xx_HAL_Driver\Src\stm32f4xx_hal_tim_ex.c 0x00000000   Number         0  stm32f4xx_hal_tim_ex.o ABSOLUTE
    ..\Drivers\STM32F4xx_HAL_Driver\Src\stm32f4xx_hal_uart.c 0x00000000   Number         0  stm32f4xx_hal_uart.o ABSOLUTE
    ..\Src\6050.c                            0x00000000   Number         0  6050.o ABSOLUTE
    ..\Src\can.c                             0x00000000   Number         0  can.o ABSOLUTE
    ..\Src\chassis.c                         0x00000000   Number         0  chassis.o ABSOLUTE
    ..\Src\communi.c                         0x00000000   Number         0  communi.o ABSOLUTE
    ..\Src\core.c                            0x00000000   Number         0  core.o ABSOLUTE
    ..\Src\dma.c                             0x00000000   Number         0  dma.o ABSOLUTE
    ..\Src\gpio.c                            0x00000000   Number         0  gpio.o ABSOLUTE
    ..\Src\i2c.c                             0x00000000   Number         0  i2c.o ABSOLUTE
    ..\Src\imu.c                             0x00000000   Number         0  imu.o ABSOLUTE
    ..\Src\main.c                            0x00000000   Number         0  main.o ABSOLUTE
    ..\Src\pid.c                             0x00000000   Number         0  pid.o ABSOLUTE
    ..\Src\stm32f4xx_hal_msp.c               0x00000000   Number         0  stm32f4xx_hal_msp.o ABSOLUTE
    ..\Src\stm32f4xx_it.c                    0x00000000   Number         0  stm32f4xx_it.o ABSOLUTE
    ..\Src\tim.c                             0x00000000   Number         0  tim.o ABSOLUTE
    ..\Src\usart.c                           0x00000000   Number         0  usart.o ABSOLUTE
    ..\\Drivers\\STM32F4xx_HAL_Driver\\Src\\stm32f4xx_hal_i2c.c 0x00000000   Number         0  stm32f4xx_hal_i2c.o ABSOLUTE
    ..\\Drivers\\STM32F4xx_HAL_Driver\\Src\\stm32f4xx_hal_i2c_ex.c 0x00000000   Number         0  stm32f4xx_hal_i2c_ex.o ABSOLUTE
    ..\\Src\\6050.c                          0x00000000   Number         0  6050.o ABSOLUTE
    ..\\Src\\chassis.c                       0x00000000   Number         0  chassis.o ABSOLUTE
    ..\\Src\\communi.c                       0x00000000   Number         0  communi.o ABSOLUTE
    ..\\Src\\core.c                          0x00000000   Number         0  core.o ABSOLUTE
    ..\\Src\\i2c.c                           0x00000000   Number         0  i2c.o ABSOLUTE
    ..\\Src\\imu.c                           0x00000000   Number         0  imu.o ABSOLUTE
    ..\\Src\\pid.c                           0x00000000   Number         0  pid.o ABSOLUTE
    cdcmple.s                                0x00000000   Number         0  cdcmple.o ABSOLUTE
    dc.s                                     0x00000000   Number         0  dc.o ABSOLUTE
    handlers.s                               0x00000000   Number         0  handlers.o ABSOLUTE
    init.s                                   0x00000000   Number         0  init.o ABSOLUTE
    startup_stm32f405xx.s                    0x00000000   Number         0  startup_stm32f405xx.o ABSOLUTE
    RESET                                    0x08000000   Section      392  startup_stm32f405xx.o(RESET)
    .ARM.Collect$$$$00000000                 0x08000188   Section        0  entry.o(.ARM.Collect$$$$00000000)
    .ARM.Collect$$$$00000001                 0x08000188   Section        4  entry2.o(.ARM.Collect$$$$00000001)
    .ARM.Collect$$$$00000004                 0x0800018c   Section        4  entry5.o(.ARM.Collect$$$$00000004)
    .ARM.Collect$$$$00000008                 0x08000190   Section        0  entry7b.o(.ARM.Collect$$$$00000008)
    .ARM.Collect$$$$0000000A                 0x08000190   Section        0  entry8b.o(.ARM.Collect$$$$0000000A)
    .ARM.Collect$$$$0000000B                 0x08000190   Section        8  entry9a.o(.ARM.Collect$$$$0000000B)
    .ARM.Collect$$$$0000000D                 0x08000198   Section        0  entry10a.o(.ARM.Collect$$$$0000000D)
    .ARM.Collect$$$$0000000F                 0x08000198   Section        0  entry11a.o(.ARM.Collect$$$$0000000F)
    .ARM.Collect$$$$00002712                 0x08000198   Section        4  entry2.o(.ARM.Collect$$$$00002712)
    __lit__00000000                          0x08000198   Data           4  entry2.o(.ARM.Collect$$$$00002712)
    .text                                    0x0800019c   Section       36  startup_stm32f405xx.o(.text)
    $v0                                      0x0800019c   Number         0  startup_stm32f405xx.o(.text)
    .text                                    0x080001c0   Section        0  memcpya.o(.text)
    .text                                    0x080001e4   Section       36  init.o(.text)
    i.BusFault_Handler                       0x08000208   Section        0  stm32f4xx_it.o(i.BusFault_Handler)
    i.CAN1_RX0_IRQHandler                    0x0800020c   Section        0  stm32f4xx_it.o(i.CAN1_RX0_IRQHandler)
    i.CAN1_TX_IRQHandler                     0x08000218   Section        0  stm32f4xx_it.o(i.CAN1_TX_IRQHandler)
    i.CAN2_RX0_IRQHandler                    0x08000224   Section        0  stm32f4xx_it.o(i.CAN2_RX0_IRQHandler)
    i.CAN2_TX_IRQHandler                     0x08000230   Section        0  stm32f4xx_it.o(i.CAN2_TX_IRQHandler)
    i.CAN_Receive_IT                         0x0800023c   Section        0  stm32f4xx_hal_can.o(i.CAN_Receive_IT)
    CAN_Receive_IT                           0x0800023d   Thumb Code   296  stm32f4xx_hal_can.o(i.CAN_Receive_IT)
    i.CAN_Transmit_IT                        0x08000364   Section        0  stm32f4xx_hal_can.o(i.CAN_Transmit_IT)
    CAN_Transmit_IT                          0x08000365   Thumb Code    96  stm32f4xx_hal_can.o(i.CAN_Transmit_IT)
    i.Core_Task                              0x080003c4   Section        0  core.o(i.Core_Task)
    i.DMA1_Stream1_IRQHandler                0x08000440   Section        0  stm32f4xx_it.o(i.DMA1_Stream1_IRQHandler)
    i.DMA1_Stream3_IRQHandler                0x0800044c   Section        0  stm32f4xx_it.o(i.DMA1_Stream3_IRQHandler)
    i.DMA1_Stream5_IRQHandler                0x08000458   Section        0  stm32f4xx_it.o(i.DMA1_Stream5_IRQHandler)
    i.DMA1_Stream6_IRQHandler                0x08000464   Section        0  stm32f4xx_it.o(i.DMA1_Stream6_IRQHandler)
    i.DMA2_Stream5_IRQHandler                0x08000470   Section        0  stm32f4xx_it.o(i.DMA2_Stream5_IRQHandler)
    i.DMA_CalcBaseAndBitshift                0x0800047c   Section        0  stm32f4xx_hal_dma.o(i.DMA_CalcBaseAndBitshift)
    DMA_CalcBaseAndBitshift                  0x0800047d   Thumb Code    34  stm32f4xx_hal_dma.o(i.DMA_CalcBaseAndBitshift)
    i.DMA_SetConfig                          0x080004a4   Section        0  stm32f4xx_hal_dma.o(i.DMA_SetConfig)
    DMA_SetConfig                            0x080004a5   Thumb Code    40  stm32f4xx_hal_dma.o(i.DMA_SetConfig)
    i.DebugMon_Handler                       0x080004cc   Section        0  stm32f4xx_it.o(i.DebugMon_Handler)
    i.Gyro_OFFEST                            0x080004d0   Section        0  6050.o(i.Gyro_OFFEST)
    i.HAL_CAN_ConfigFilter                   0x08000590   Section        0  stm32f4xx_hal_can.o(i.HAL_CAN_ConfigFilter)
    i.HAL_CAN_ErrorCallback                  0x08000674   Section        0  stm32f4xx_hal_can.o(i.HAL_CAN_ErrorCallback)
    i.HAL_CAN_IRQHandler                     0x08000678   Section        0  stm32f4xx_hal_can.o(i.HAL_CAN_IRQHandler)
    i.HAL_CAN_Init                           0x080007f8   Section        0  stm32f4xx_hal_can.o(i.HAL_CAN_Init)
    i.HAL_CAN_MspInit                        0x08000940   Section        0  can.o(i.HAL_CAN_MspInit)
    i.HAL_CAN_RxCpltCallback                 0x08000a14   Section        0  can.o(i.HAL_CAN_RxCpltCallback)
    i.HAL_CAN_Transmit                       0x08000a68   Section        0  stm32f4xx_hal_can.o(i.HAL_CAN_Transmit)
    i.HAL_CAN_TxCpltCallback                 0x08000bfc   Section        0  stm32f4xx_hal_can.o(i.HAL_CAN_TxCpltCallback)
    i.HAL_DMA_IRQHandler                     0x08000c00   Section        0  stm32f4xx_hal_dma.o(i.HAL_DMA_IRQHandler)
    i.HAL_DMA_Init                           0x08000da0   Section        0  stm32f4xx_hal_dma.o(i.HAL_DMA_Init)
    i.HAL_DMA_Start_IT                       0x08000e18   Section        0  stm32f4xx_hal_dma.o(i.HAL_DMA_Start_IT)
    i.HAL_GPIO_Init                          0x08000e68   Section        0  stm32f4xx_hal_gpio.o(i.HAL_GPIO_Init)
    i.HAL_GPIO_ReadPin                       0x08001028   Section        0  stm32f4xx_hal_gpio.o(i.HAL_GPIO_ReadPin)
    i.HAL_GPIO_TogglePin                     0x08001032   Section        0  stm32f4xx_hal_gpio.o(i.HAL_GPIO_TogglePin)
    i.HAL_GPIO_WritePin                      0x0800103a   Section        0  stm32f4xx_hal_gpio.o(i.HAL_GPIO_WritePin)
    i.HAL_GetTick                            0x08001044   Section        0  stm32f4xx_hal.o(i.HAL_GetTick)
    i.HAL_IncTick                            0x08001050   Section        0  stm32f4xx_hal.o(i.HAL_IncTick)
    i.HAL_Init                               0x08001060   Section        0  stm32f4xx_hal.o(i.HAL_Init)
    i.HAL_InitTick                           0x08001094   Section        0  stm32f4xx_hal.o(i.HAL_InitTick)
    i.HAL_MspInit                            0x080010b6   Section        0  stm32f4xx_hal_msp.o(i.HAL_MspInit)
    i.HAL_NVIC_EnableIRQ                     0x080010fa   Section        0  stm32f4xx_hal_cortex.o(i.HAL_NVIC_EnableIRQ)
    i.HAL_NVIC_SetPriority                   0x08001110   Section        0  stm32f4xx_hal_cortex.o(i.HAL_NVIC_SetPriority)
    i.HAL_NVIC_SetPriorityGrouping           0x08001150   Section        0  stm32f4xx_hal_cortex.o(i.HAL_NVIC_SetPriorityGrouping)
    i.HAL_RCC_ClockConfig                    0x08001174   Section        0  stm32f4xx_hal_rcc.o(i.HAL_RCC_ClockConfig)
    i.HAL_RCC_GetHCLKFreq                    0x080012b4   Section        0  stm32f4xx_hal_rcc.o(i.HAL_RCC_GetHCLKFreq)
    i.HAL_RCC_GetPCLK1Freq                   0x080012e8   Section        0  stm32f4xx_hal_rcc.o(i.HAL_RCC_GetPCLK1Freq)
    i.HAL_RCC_GetPCLK2Freq                   0x08001314   Section        0  stm32f4xx_hal_rcc.o(i.HAL_RCC_GetPCLK2Freq)
    i.HAL_RCC_GetSysClockFreq                0x08001340   Section        0  stm32f4xx_hal_rcc.o(i.HAL_RCC_GetSysClockFreq)
    i.HAL_RCC_OscConfig                      0x080013b0   Section        0  stm32f4xx_hal_rcc.o(i.HAL_RCC_OscConfig)
    i.HAL_SYSTICK_CLKSourceConfig            0x08001694   Section        0  stm32f4xx_hal_cortex.o(i.HAL_SYSTICK_CLKSourceConfig)
    i.HAL_SYSTICK_Callback                   0x080016ac   Section        0  stm32f4xx_hal_cortex.o(i.HAL_SYSTICK_Callback)
    i.HAL_SYSTICK_Config                     0x080016ae   Section        0  stm32f4xx_hal_cortex.o(i.HAL_SYSTICK_Config)
    i.HAL_SYSTICK_IRQHandler                 0x080016d6   Section        0  stm32f4xx_hal_cortex.o(i.HAL_SYSTICK_IRQHandler)
    i.HAL_TIMEx_BreakCallback                0x080016de   Section        0  stm32f4xx_hal_tim_ex.o(i.HAL_TIMEx_BreakCallback)
    i.HAL_TIMEx_CommutationCallback          0x080016e0   Section        0  stm32f4xx_hal_tim_ex.o(i.HAL_TIMEx_CommutationCallback)
    i.HAL_TIMEx_MasterConfigSynchronization  0x080016e2   Section        0  stm32f4xx_hal_tim_ex.o(i.HAL_TIMEx_MasterConfigSynchronization)
    i.HAL_TIM_Base_Init                      0x08001732   Section        0  stm32f4xx_hal_tim.o(i.HAL_TIM_Base_Init)
    i.HAL_TIM_Base_MspInit                   0x08001768   Section        0  tim.o(i.HAL_TIM_Base_MspInit)
    i.HAL_TIM_ConfigClockSource              0x080017cc   Section        0  stm32f4xx_hal_tim.o(i.HAL_TIM_ConfigClockSource)
    i.HAL_TIM_IC_CaptureCallback             0x080018be   Section        0  stm32f4xx_hal_tim.o(i.HAL_TIM_IC_CaptureCallback)
    i.HAL_TIM_IRQHandler                     0x080018c0   Section        0  stm32f4xx_hal_tim.o(i.HAL_TIM_IRQHandler)
    i.HAL_TIM_OC_DelayElapsedCallback        0x08001a26   Section        0  stm32f4xx_hal_tim.o(i.HAL_TIM_OC_DelayElapsedCallback)
    i.HAL_TIM_PWM_PulseFinishedCallback      0x08001a28   Section        0  stm32f4xx_hal_tim.o(i.HAL_TIM_PWM_PulseFinishedCallback)
    i.HAL_TIM_PeriodElapsedCallback          0x08001a2a   Section        0  stm32f4xx_hal_tim.o(i.HAL_TIM_PeriodElapsedCallback)
    i.HAL_TIM_TriggerCallback                0x08001a2c   Section        0  stm32f4xx_hal_tim.o(i.HAL_TIM_TriggerCallback)
    i.HAL_UART_ErrorCallback                 0x08001a2e   Section        0  stm32f4xx_hal_uart.o(i.HAL_UART_ErrorCallback)
    i.HAL_UART_IRQHandler                    0x08001a30   Section        0  stm32f4xx_hal_uart.o(i.HAL_UART_IRQHandler)
    i.HAL_UART_Init                          0x08001b18   Section        0  stm32f4xx_hal_uart.o(i.HAL_UART_Init)
    i.HAL_UART_MspInit                       0x08001b7c   Section        0  usart.o(i.HAL_UART_MspInit)
    i.HAL_UART_Receive_DMA                   0x08001d60   Section        0  stm32f4xx_hal_uart.o(i.HAL_UART_Receive_DMA)
    i.HAL_UART_RxCpltCallback                0x08001dd8   Section        0  stm32f4xx_hal_uart.o(i.HAL_UART_RxCpltCallback)
    i.HAL_UART_RxHalfCpltCallback            0x08001dda   Section        0  stm32f4xx_hal_uart.o(i.HAL_UART_RxHalfCpltCallback)
    i.HAL_UART_TxCpltCallback                0x08001ddc   Section        0  stm32f4xx_hal_uart.o(i.HAL_UART_TxCpltCallback)
    i.HardFault_Handler                      0x08001dde   Section        0  stm32f4xx_it.o(i.HardFault_Handler)
    i.I2C_NoAck                              0x08001de0   Section        0  i2c.o(i.I2C_NoAck)
    i.I2C_RadeByte                           0x08001e28   Section        0  i2c.o(i.I2C_RadeByte)
    i.I2C_SendByte                           0x08001e90   Section        0  i2c.o(i.I2C_SendByte)
    i.I2C_Start                              0x08001ef0   Section        0  i2c.o(i.I2C_Start)
    i.I2C_Stop                               0x08001f4c   Section        0  i2c.o(i.I2C_Stop)
    i.I2C_WaitAck                            0x08001f98   Section        0  i2c.o(i.I2C_WaitAck)
    i.I2C_delay                              0x08001ffc   Section        0  i2c.o(i.I2C_delay)
    i.IIC_Init                               0x08002004   Section        0  i2c.o(i.IIC_Init)
    i.InitMPU6050                            0x08002040   Section        0  6050.o(i.InitMPU6050)
    i.MPU6050_Read                           0x080020dc   Section        0  6050.o(i.MPU6050_Read)
    i.MX_CAN1_Init                           0x08002160   Section        0  can.o(i.MX_CAN1_Init)
    i.MX_CAN2_Init                           0x080021d4   Section        0  can.o(i.MX_CAN2_Init)
    i.MX_DMA_Init                            0x08002230   Section        0  dma.o(i.MX_DMA_Init)
    i.MX_GPIO_Init                           0x0800226c   Section        0  gpio.o(i.MX_GPIO_Init)
    i.MX_TIM2_Init                           0x080022a8   Section        0  tim.o(i.MX_TIM2_Init)
    i.MX_TIM3_Init                           0x0800230c   Section        0  tim.o(i.MX_TIM3_Init)
    i.MX_TIM4_Init                           0x08002364   Section        0  tim.o(i.MX_TIM4_Init)
    i.MX_USART1_UART_Init                    0x080023c0   Section        0  usart.o(i.MX_USART1_UART_Init)
    i.MX_USART2_UART_Init                    0x080023ec   Section        0  usart.o(i.MX_USART2_UART_Init)
    i.MX_USART3_UART_Init                    0x08002414   Section        0  usart.o(i.MX_USART3_UART_Init)
    i.MemManage_Handler                      0x0800243c   Section        0  stm32f4xx_it.o(i.MemManage_Handler)
    i.NMI_Handler                            0x0800243e   Section        0  stm32f4xx_it.o(i.NMI_Handler)
    i.NVIC_SetPriority                       0x08002440   Section        0  stm32f4xx_hal_cortex.o(i.NVIC_SetPriority)
    NVIC_SetPriority                         0x08002441   Thumb Code    32  stm32f4xx_hal_cortex.o(i.NVIC_SetPriority)
    i.Readremote                             0x08002460   Section        0  communi.o(i.Readremote)
    i.RemoteFeed                             0x080024e8   Section        0  core.o(i.RemoteFeed)
    i.Remote_rx_start                        0x08002504   Section        0  usart.o(i.Remote_rx_start)
    i.Single_Read                            0x08002530   Section        0  i2c.o(i.Single_Read)
    i.Single_Write                           0x0800257e   Section        0  i2c.o(i.Single_Write)
    i.SysTick_Handler                        0x080025c2   Section        0  stm32f4xx_it.o(i.SysTick_Handler)
    i.SystemClock_Config                     0x080025d0   Section        0  main.o(i.SystemClock_Config)
    i.SystemInit                             0x08002660   Section        0  system_stm32f4xx.o(i.SystemInit)
    i.TIM3_IRQHandler                        0x080026b4   Section        0  stm32f4xx_it.o(i.TIM3_IRQHandler)
    i.TIM4_IRQHandler                        0x080026d8   Section        0  stm32f4xx_it.o(i.TIM4_IRQHandler)
    i.TIM_Base_SetConfig                     0x08002720   Section        0  stm32f4xx_hal_tim.o(i.TIM_Base_SetConfig)
    i.TIM_ETR_SetConfig                      0x080027e0   Section        0  stm32f4xx_hal_tim.o(i.TIM_ETR_SetConfig)
    TIM_ETR_SetConfig                        0x080027e1   Thumb Code    20  stm32f4xx_hal_tim.o(i.TIM_ETR_SetConfig)
    i.TIM_ITRx_SetConfig                     0x080027f4   Section        0  stm32f4xx_hal_tim.o(i.TIM_ITRx_SetConfig)
    TIM_ITRx_SetConfig                       0x080027f5   Thumb Code    16  stm32f4xx_hal_tim.o(i.TIM_ITRx_SetConfig)
    i.TIM_TI1_ConfigInputStage               0x08002804   Section        0  stm32f4xx_hal_tim.o(i.TIM_TI1_ConfigInputStage)
    TIM_TI1_ConfigInputStage                 0x08002805   Thumb Code    34  stm32f4xx_hal_tim.o(i.TIM_TI1_ConfigInputStage)
    i.TIM_TI2_ConfigInputStage               0x08002826   Section        0  stm32f4xx_hal_tim.o(i.TIM_TI2_ConfigInputStage)
    TIM_TI2_ConfigInputStage                 0x08002827   Thumb Code    36  stm32f4xx_hal_tim.o(i.TIM_TI2_ConfigInputStage)
    i.UART_DMAError                          0x0800284a   Section        0  stm32f4xx_hal_uart.o(i.UART_DMAError)
    UART_DMAError                            0x0800284b   Thumb Code    34  stm32f4xx_hal_uart.o(i.UART_DMAError)
    i.UART_DMAReceiveCplt                    0x0800286c   Section        0  stm32f4xx_hal_uart.o(i.UART_DMAReceiveCplt)
    UART_DMAReceiveCplt                      0x0800286d   Thumb Code    40  stm32f4xx_hal_uart.o(i.UART_DMAReceiveCplt)
    i.UART_DMARxHalfCplt                     0x08002894   Section        0  stm32f4xx_hal_uart.o(i.UART_DMARxHalfCplt)
    UART_DMARxHalfCplt                       0x08002895   Thumb Code    10  stm32f4xx_hal_uart.o(i.UART_DMARxHalfCplt)
    i.UART_Receive_IT                        0x0800289e   Section        0  stm32f4xx_hal_uart.o(i.UART_Receive_IT)
    UART_Receive_IT                          0x0800289f   Thumb Code   150  stm32f4xx_hal_uart.o(i.UART_Receive_IT)
    i.UART_SetConfig                         0x08002934   Section        0  stm32f4xx_hal_uart.o(i.UART_SetConfig)
    UART_SetConfig                           0x08002935   Thumb Code   676  stm32f4xx_hal_uart.o(i.UART_SetConfig)
    i.UART_Transmit_IT                       0x08002be0   Section        0  stm32f4xx_hal_uart.o(i.UART_Transmit_IT)
    UART_Transmit_IT                         0x08002be1   Thumb Code    98  stm32f4xx_hal_uart.o(i.UART_Transmit_IT)
    i.USART1_IRQHandler                      0x08002c44   Section        0  stm32f4xx_it.o(i.USART1_IRQHandler)
    i.USART2_IRQHandler                      0x08002cb8   Section        0  stm32f4xx_it.o(i.USART2_IRQHandler)
    i.USART3_IRQHandler                      0x08002d04   Section        0  stm32f4xx_it.o(i.USART3_IRQHandler)
    i.UsageFault_Handler                     0x08002d10   Section        0  stm32f4xx_it.o(i.UsageFault_Handler)
    i.Usart2_rx_start                        0x08002d14   Section        0  usart.o(i.Usart2_rx_start)
    i.YawUpdate                              0x08002d3c   Section        0  chassis.o(i.YawUpdate)
    i.__scatterload_copy                     0x08002da8   Section       14  handlers.o(i.__scatterload_copy)
    i.__scatterload_null                     0x08002db6   Section        2  handlers.o(i.__scatterload_null)
    i.__scatterload_zeroinit                 0x08002db8   Section       14  handlers.o(i.__scatterload_zeroinit)
    i.can_send_msg                           0x08002dc6   Section        0  can.o(i.can_send_msg)
    i.delay5ms                               0x08002e34   Section        0  i2c.o(i.delay5ms)
    i.delayms                                0x08002e3e   Section        0  6050.o(i.delayms)
    i.led_config                             0x08002e4c   Section        0  gpio.o(i.led_config)
    i.main                                   0x08002e88   Section        0  main.o(i.main)
    .constdata                               0x08002ef4   Section       16  stm32f4xx_hal_rcc.o(.constdata)
    .constdata                               0x08002f04   Section        8  stm32f4xx_hal_dma.o(.constdata)
    flagBitshiftOffset                       0x08002f04   Data           8  stm32f4xx_hal_dma.o(.constdata)
    .data                                    0x20000000   Section        4  main.o(.data)
    .data                                    0x20000004   Section       10  usart.o(.data)
    .data                                    0x20000010   Section        4  can.o(.data)
    HAL_RCC_CAN1_CLK_ENABLED                 0x20000010   Data           4  can.o(.data)
    .data                                    0x20000014   Section       20  stm32f4xx_it.o(.data)
    usart1_runtime_rxlen                     0x20000016   Data           2  stm32f4xx_it.o(.data)
    usart2_runtime_rxlen                     0x20000018   Data           2  stm32f4xx_it.o(.data)
    tim3_count                               0x2000001c   Data           4  stm32f4xx_it.o(.data)
    tim4_count                               0x20000020   Data           4  stm32f4xx_it.o(.data)
    .data                                    0x20000028   Section        5  core.o(.data)
    feed_count                               0x20000028   Data           2  core.o(.data)
    .data                                    0x2000002d   Section        1  communi.o(.data)
    .data                                    0x20000030   Section       16  imu.o(.data)
    .data                                    0x20000040   Section        8  imu.o(.data)
    .data                                    0x20000048   Section        1  6050.o(.data)
    .data                                    0x2000004c   Section        4  system_stm32f4xx.o(.data)
    .data                                    0x20000050   Section        4  stm32f4xx_hal.o(.data)
    .bss                                     0x20000054   Section      650  usart.o(.bss)
    .bss                                     0x200002de   Section       18  usart.o(.bss)
    .bss                                     0x200002f0   Section      180  tim.o(.bss)
    .bss                                     0x200003a4   Section      272  can.o(.bss)
    .bss                                     0x200004b4   Section       20  communi.o(.bss)
    .bss                                     0x200004c8   Section      184  chassis.o(.bss)
    .bss                                     0x20000580   Section       88  6050.o(.bss)
    STACK                                    0x200005d8   Section     1024  startup_stm32f405xx.o(STACK)

    Global Symbols

    Symbol Name                              Value     Ov Type        Size  Object(Section)

    BuildAttributes$$THM_ISAv4$E$P$D$K$B$S$7EM$VFPi3$EXTD16$VFPS$VFMA$PE$A:L22UL41UL21$X:L11$S22US41US21$IEEE1$IW$USESV6$~STKCKD$USESV7$~SHL$OTIME$ROPI$IEEEX$EBA8$MICROLIB$REQ8$PRES8$EABIv2 0x00000000   Number         0  anon$$obj.o ABSOLUTE
    __ARM_use_no_argv                        0x00000000   Number         0  main.o ABSOLUTE
    __cpp_initialize__aeabi_                  - Undefined Weak Reference
    __cxa_finalize                            - Undefined Weak Reference
    __decompress                              - Undefined Weak Reference
    _clock_init                               - Undefined Weak Reference
    _microlib_exit                            - Undefined Weak Reference
    __Vectors_Size                           0x00000188   Number         0  startup_stm32f405xx.o ABSOLUTE
    __Vectors                                0x08000000   Data           4  startup_stm32f405xx.o(RESET)
    __Vectors_End                            0x08000188   Data           0  startup_stm32f405xx.o(RESET)
    __main                                   0x08000189   Thumb Code     0  entry.o(.ARM.Collect$$$$00000000)
    _main_stk                                0x08000189   Thumb Code     0  entry2.o(.ARM.Collect$$$$00000001)
    _main_scatterload                        0x0800018d   Thumb Code     0  entry5.o(.ARM.Collect$$$$00000004)
    __main_after_scatterload                 0x08000191   Thumb Code     0  entry5.o(.ARM.Collect$$$$00000004)
    _main_clock                              0x08000191   Thumb Code     0  entry7b.o(.ARM.Collect$$$$00000008)
    _main_cpp_init                           0x08000191   Thumb Code     0  entry8b.o(.ARM.Collect$$$$0000000A)
    _main_init                               0x08000191   Thumb Code     0  entry9a.o(.ARM.Collect$$$$0000000B)
    __rt_final_cpp                           0x08000199   Thumb Code     0  entry10a.o(.ARM.Collect$$$$0000000D)
    __rt_final_exit                          0x08000199   Thumb Code     0  entry11a.o(.ARM.Collect$$$$0000000F)
    Reset_Handler                            0x0800019d   Thumb Code     8  startup_stm32f405xx.o(.text)
    SVC_Handler                              0x080001af   Thumb Code     2  startup_stm32f405xx.o(.text)
    PendSV_Handler                           0x080001b3   Thumb Code     2  startup_stm32f405xx.o(.text)
    ADC_IRQHandler                           0x080001b7   Thumb Code     0  startup_stm32f405xx.o(.text)
    CAN1_RX1_IRQHandler                      0x080001b7   Thumb Code     0  startup_stm32f405xx.o(.text)
    CAN1_SCE_IRQHandler                      0x080001b7   Thumb Code     0  startup_stm32f405xx.o(.text)
    CAN2_RX1_IRQHandler                      0x080001b7   Thumb Code     0  startup_stm32f405xx.o(.text)
    CAN2_SCE_IRQHandler                      0x080001b7   Thumb Code     0  startup_stm32f405xx.o(.text)
    DMA1_Stream0_IRQHandler                  0x080001b7   Thumb Code     0  startup_stm32f405xx.o(.text)
    DMA1_Stream2_IRQHandler                  0x080001b7   Thumb Code     0  startup_stm32f405xx.o(.text)
    DMA1_Stream4_IRQHandler                  0x080001b7   Thumb Code     0  startup_stm32f405xx.o(.text)
    DMA1_Stream7_IRQHandler                  0x080001b7   Thumb Code     0  startup_stm32f405xx.o(.text)
    DMA2_Stream0_IRQHandler                  0x080001b7   Thumb Code     0  startup_stm32f405xx.o(.text)
    DMA2_Stream1_IRQHandler                  0x080001b7   Thumb Code     0  startup_stm32f405xx.o(.text)
    DMA2_Stream2_IRQHandler                  0x080001b7   Thumb Code     0  startup_stm32f405xx.o(.text)
    DMA2_Stream3_IRQHandler                  0x080001b7   Thumb Code     0  startup_stm32f405xx.o(.text)
    DMA2_Stream4_IRQHandler                  0x080001b7   Thumb Code     0  startup_stm32f405xx.o(.text)
    DMA2_Stream6_IRQHandler                  0x080001b7   Thumb Code     0  startup_stm32f405xx.o(.text)
    DMA2_Stream7_IRQHandler                  0x080001b7   Thumb Code     0  startup_stm32f405xx.o(.text)
    EXTI0_IRQHandler                         0x080001b7   Thumb Code     0  startup_stm32f405xx.o(.text)
    EXTI15_10_IRQHandler                     0x080001b7   Thumb Code     0  startup_stm32f405xx.o(.text)
    EXTI1_IRQHandler                         0x080001b7   Thumb Code     0  startup_stm32f405xx.o(.text)
    EXTI2_IRQHandler                         0x080001b7   Thumb Code     0  startup_stm32f405xx.o(.text)
    EXTI3_IRQHandler                         0x080001b7   Thumb Code     0  startup_stm32f405xx.o(.text)
    EXTI4_IRQHandler                         0x080001b7   Thumb Code     0  startup_stm32f405xx.o(.text)
    EXTI9_5_IRQHandler                       0x080001b7   Thumb Code     0  startup_stm32f405xx.o(.text)
    FLASH_IRQHandler                         0x080001b7   Thumb Code     0  startup_stm32f405xx.o(.text)
    FMC_IRQHandler                           0x080001b7   Thumb Code     0  startup_stm32f405xx.o(.text)
    FPU_IRQHandler                           0x080001b7   Thumb Code     0  startup_stm32f405xx.o(.text)
    HASH_RNG_IRQHandler                      0x080001b7   Thumb Code     0  startup_stm32f405xx.o(.text)
    I2C1_ER_IRQHandler                       0x080001b7   Thumb Code     0  startup_stm32f405xx.o(.text)
    I2C1_EV_IRQHandler                       0x080001b7   Thumb Code     0  startup_stm32f405xx.o(.text)
    I2C2_ER_IRQHandler                       0x080001b7   Thumb Code     0  startup_stm32f405xx.o(.text)
    I2C2_EV_IRQHandler                       0x080001b7   Thumb Code     0  startup_stm32f405xx.o(.text)
    I2C3_ER_IRQHandler                       0x080001b7   Thumb Code     0  startup_stm32f405xx.o(.text)
    I2C3_EV_IRQHandler                       0x080001b7   Thumb Code     0  startup_stm32f405xx.o(.text)
    OTG_FS_IRQHandler                        0x080001b7   Thumb Code     0  startup_stm32f405xx.o(.text)
    OTG_FS_WKUP_IRQHandler                   0x080001b7   Thumb Code     0  startup_stm32f405xx.o(.text)
    OTG_HS_EP1_IN_IRQHandler                 0x080001b7   Thumb Code     0  startup_stm32f405xx.o(.text)
    OTG_HS_EP1_OUT_IRQHandler                0x080001b7   Thumb Code     0  startup_stm32f405xx.o(.text)
    OTG_HS_IRQHandler                        0x080001b7   Thumb Code     0  startup_stm32f405xx.o(.text)
    OTG_HS_WKUP_IRQHandler                   0x080001b7   Thumb Code     0  startup_stm32f405xx.o(.text)
    PVD_IRQHandler                           0x080001b7   Thumb Code     0  startup_stm32f405xx.o(.text)
    RCC_IRQHandler                           0x080001b7   Thumb Code     0  startup_stm32f405xx.o(.text)
    RTC_Alarm_IRQHandler                     0x080001b7   Thumb Code     0  startup_stm32f405xx.o(.text)
    RTC_WKUP_IRQHandler                      0x080001b7   Thumb Code     0  startup_stm32f405xx.o(.text)
    SDIO_IRQHandler                          0x080001b7   Thumb Code     0  startup_stm32f405xx.o(.text)
    SPI1_IRQHandler                          0x080001b7   Thumb Code     0  startup_stm32f405xx.o(.text)
    SPI2_IRQHandler                          0x080001b7   Thumb Code     0  startup_stm32f405xx.o(.text)
    SPI3_IRQHandler                          0x080001b7   Thumb Code     0  startup_stm32f405xx.o(.text)
    TAMP_STAMP_IRQHandler                    0x080001b7   Thumb Code     0  startup_stm32f405xx.o(.text)
    TIM1_BRK_TIM9_IRQHandler                 0x080001b7   Thumb Code     0  startup_stm32f405xx.o(.text)
    TIM1_CC_IRQHandler                       0x080001b7   Thumb Code     0  startup_stm32f405xx.o(.text)
    TIM1_TRG_COM_TIM11_IRQHandler            0x080001b7   Thumb Code     0  startup_stm32f405xx.o(.text)
    TIM1_UP_TIM10_IRQHandler                 0x080001b7   Thumb Code     0  startup_stm32f405xx.o(.text)
    TIM2_IRQHandler                          0x080001b7   Thumb Code     0  startup_stm32f405xx.o(.text)
    TIM5_IRQHandler                          0x080001b7   Thumb Code     0  startup_stm32f405xx.o(.text)
    TIM6_DAC_IRQHandler                      0x080001b7   Thumb Code     0  startup_stm32f405xx.o(.text)
    TIM7_IRQHandler                          0x080001b7   Thumb Code     0  startup_stm32f405xx.o(.text)
    TIM8_BRK_TIM12_IRQHandler                0x080001b7   Thumb Code     0  startup_stm32f405xx.o(.text)
    TIM8_CC_IRQHandler                       0x080001b7   Thumb Code     0  startup_stm32f405xx.o(.text)
    TIM8_TRG_COM_TIM14_IRQHandler            0x080001b7   Thumb Code     0  startup_stm32f405xx.o(.text)
    TIM8_UP_TIM13_IRQHandler                 0x080001b7   Thumb Code     0  startup_stm32f405xx.o(.text)
    UART4_IRQHandler                         0x080001b7   Thumb Code     0  startup_stm32f405xx.o(.text)
    UART5_IRQHandler                         0x080001b7   Thumb Code     0  startup_stm32f405xx.o(.text)
    USART6_IRQHandler                        0x080001b7   Thumb Code     0  startup_stm32f405xx.o(.text)
    WWDG_IRQHandler                          0x080001b7   Thumb Code     0  startup_stm32f405xx.o(.text)
    __aeabi_memcpy                           0x080001c1   Thumb Code    36  memcpya.o(.text)
    __aeabi_memcpy4                          0x080001c1   Thumb Code     0  memcpya.o(.text)
    __aeabi_memcpy8                          0x080001c1   Thumb Code     0  memcpya.o(.text)
    __scatterload                            0x080001e5   Thumb Code    28  init.o(.text)
    __scatterload_rt2                        0x080001e5   Thumb Code     0  init.o(.text)
    BusFault_Handler                         0x08000209   Thumb Code     2  stm32f4xx_it.o(i.BusFault_Handler)
    CAN1_RX0_IRQHandler                      0x0800020d   Thumb Code     6  stm32f4xx_it.o(i.CAN1_RX0_IRQHandler)
    CAN1_TX_IRQHandler                       0x08000219   Thumb Code     6  stm32f4xx_it.o(i.CAN1_TX_IRQHandler)
    CAN2_RX0_IRQHandler                      0x08000225   Thumb Code     6  stm32f4xx_it.o(i.CAN2_RX0_IRQHandler)
    CAN2_TX_IRQHandler                       0x08000231   Thumb Code     6  stm32f4xx_it.o(i.CAN2_TX_IRQHandler)
    Core_Task                                0x080003c5   Thumb Code   104  core.o(i.Core_Task)
    DMA1_Stream1_IRQHandler                  0x08000441   Thumb Code     6  stm32f4xx_it.o(i.DMA1_Stream1_IRQHandler)
    DMA1_Stream3_IRQHandler                  0x0800044d   Thumb Code     6  stm32f4xx_it.o(i.DMA1_Stream3_IRQHandler)
    DMA1_Stream5_IRQHandler                  0x08000459   Thumb Code     6  stm32f4xx_it.o(i.DMA1_Stream5_IRQHandler)
    DMA1_Stream6_IRQHandler                  0x08000465   Thumb Code     6  stm32f4xx_it.o(i.DMA1_Stream6_IRQHandler)
    DMA2_Stream5_IRQHandler                  0x08000471   Thumb Code     6  stm32f4xx_it.o(i.DMA2_Stream5_IRQHandler)
    DebugMon_Handler                         0x080004cd   Thumb Code     2  stm32f4xx_it.o(i.DebugMon_Handler)
    Gyro_OFFEST                              0x080004d1   Thumb Code   182  6050.o(i.Gyro_OFFEST)
    HAL_CAN_ConfigFilter                     0x08000591   Thumb Code   218  stm32f4xx_hal_can.o(i.HAL_CAN_ConfigFilter)
    HAL_CAN_ErrorCallback                    0x08000675   Thumb Code     2  stm32f4xx_hal_can.o(i.HAL_CAN_ErrorCallback)
    HAL_CAN_IRQHandler                       0x08000679   Thumb Code   370  stm32f4xx_hal_can.o(i.HAL_CAN_IRQHandler)
    HAL_CAN_Init                             0x080007f9   Thumb Code   328  stm32f4xx_hal_can.o(i.HAL_CAN_Init)
    HAL_CAN_MspInit                          0x08000941   Thumb Code   188  can.o(i.HAL_CAN_MspInit)
    HAL_CAN_RxCpltCallback                   0x08000a15   Thumb Code    76  can.o(i.HAL_CAN_RxCpltCallback)
    HAL_CAN_Transmit                         0x08000a69   Thumb Code   390  stm32f4xx_hal_can.o(i.HAL_CAN_Transmit)
    HAL_CAN_TxCpltCallback                   0x08000bfd   Thumb Code     2  stm32f4xx_hal_can.o(i.HAL_CAN_TxCpltCallback)
    HAL_DMA_IRQHandler                       0x08000c01   Thumb Code   412  stm32f4xx_hal_dma.o(i.HAL_DMA_IRQHandler)
    HAL_DMA_Init                             0x08000da1   Thumb Code   116  stm32f4xx_hal_dma.o(i.HAL_DMA_Init)
    HAL_DMA_Start_IT                         0x08000e19   Thumb Code    78  stm32f4xx_hal_dma.o(i.HAL_DMA_Start_IT)
    HAL_GPIO_Init                            0x08000e69   Thumb Code   398  stm32f4xx_hal_gpio.o(i.HAL_GPIO_Init)
    HAL_GPIO_ReadPin                         0x08001029   Thumb Code    10  stm32f4xx_hal_gpio.o(i.HAL_GPIO_ReadPin)
    HAL_GPIO_TogglePin                       0x08001033   Thumb Code     8  stm32f4xx_hal_gpio.o(i.HAL_GPIO_TogglePin)
    HAL_GPIO_WritePin                        0x0800103b   Thumb Code    10  stm32f4xx_hal_gpio.o(i.HAL_GPIO_WritePin)
    HAL_GetTick                              0x08001045   Thumb Code     6  stm32f4xx_hal.o(i.HAL_GetTick)
    HAL_IncTick                              0x08001051   Thumb Code    10  stm32f4xx_hal.o(i.HAL_IncTick)
    HAL_Init                                 0x08001061   Thumb Code    48  stm32f4xx_hal.o(i.HAL_Init)
    HAL_InitTick                             0x08001095   Thumb Code    34  stm32f4xx_hal.o(i.HAL_InitTick)
    HAL_MspInit                              0x080010b7   Thumb Code    68  stm32f4xx_hal_msp.o(i.HAL_MspInit)
    HAL_NVIC_EnableIRQ                       0x080010fb   Thumb Code    22  stm32f4xx_hal_cortex.o(i.HAL_NVIC_EnableIRQ)
    HAL_NVIC_SetPriority                     0x08001111   Thumb Code    60  stm32f4xx_hal_cortex.o(i.HAL_NVIC_SetPriority)
    HAL_NVIC_SetPriorityGrouping             0x08001151   Thumb Code    26  stm32f4xx_hal_cortex.o(i.HAL_NVIC_SetPriorityGrouping)
    HAL_RCC_ClockConfig                      0x08001175   Thumb Code   312  stm32f4xx_hal_rcc.o(i.HAL_RCC_ClockConfig)
    HAL_RCC_GetHCLKFreq                      0x080012b5   Thumb Code    38  stm32f4xx_hal_rcc.o(i.HAL_RCC_GetHCLKFreq)
    HAL_RCC_GetPCLK1Freq                     0x080012e9   Thumb Code    36  stm32f4xx_hal_rcc.o(i.HAL_RCC_GetPCLK1Freq)
    HAL_RCC_GetPCLK2Freq                     0x08001315   Thumb Code    36  stm32f4xx_hal_rcc.o(i.HAL_RCC_GetPCLK2Freq)
    HAL_RCC_GetSysClockFreq                  0x08001341   Thumb Code   104  stm32f4xx_hal_rcc.o(i.HAL_RCC_GetSysClockFreq)
    HAL_RCC_OscConfig                        0x080013b1   Thumb Code   722  stm32f4xx_hal_rcc.o(i.HAL_RCC_OscConfig)
    HAL_SYSTICK_CLKSourceConfig              0x08001695   Thumb Code    24  stm32f4xx_hal_cortex.o(i.HAL_SYSTICK_CLKSourceConfig)
    HAL_SYSTICK_Callback                     0x080016ad   Thumb Code     2  stm32f4xx_hal_cortex.o(i.HAL_SYSTICK_Callback)
    HAL_SYSTICK_Config                       0x080016af   Thumb Code    40  stm32f4xx_hal_cortex.o(i.HAL_SYSTICK_Config)
    HAL_SYSTICK_IRQHandler                   0x080016d7   Thumb Code     8  stm32f4xx_hal_cortex.o(i.HAL_SYSTICK_IRQHandler)
    HAL_TIMEx_BreakCallback                  0x080016df   Thumb Code     2  stm32f4xx_hal_tim_ex.o(i.HAL_TIMEx_BreakCallback)
    HAL_TIMEx_CommutationCallback            0x080016e1   Thumb Code     2  stm32f4xx_hal_tim_ex.o(i.HAL_TIMEx_CommutationCallback)
    HAL_TIMEx_MasterConfigSynchronization    0x080016e3   Thumb Code    80  stm32f4xx_hal_tim_ex.o(i.HAL_TIMEx_MasterConfigSynchronization)
    HAL_TIM_Base_Init                        0x08001733   Thumb Code    54  stm32f4xx_hal_tim.o(i.HAL_TIM_Base_Init)
    HAL_TIM_Base_MspInit                     0x08001769   Thumb Code    86  tim.o(i.HAL_TIM_Base_MspInit)
    HAL_TIM_ConfigClockSource                0x080017cd   Thumb Code   242  stm32f4xx_hal_tim.o(i.HAL_TIM_ConfigClockSource)
    HAL_TIM_IC_CaptureCallback               0x080018bf   Thumb Code     2  stm32f4xx_hal_tim.o(i.HAL_TIM_IC_CaptureCallback)
    HAL_TIM_IRQHandler                       0x080018c1   Thumb Code   358  stm32f4xx_hal_tim.o(i.HAL_TIM_IRQHandler)
    HAL_TIM_OC_DelayElapsedCallback          0x08001a27   Thumb Code     2  stm32f4xx_hal_tim.o(i.HAL_TIM_OC_DelayElapsedCallback)
    HAL_TIM_PWM_PulseFinishedCallback        0x08001a29   Thumb Code     2  stm32f4xx_hal_tim.o(i.HAL_TIM_PWM_PulseFinishedCallback)
    HAL_TIM_PeriodElapsedCallback            0x08001a2b   Thumb Code     2  stm32f4xx_hal_tim.o(i.HAL_TIM_PeriodElapsedCallback)
    HAL_TIM_TriggerCallback                  0x08001a2d   Thumb Code     2  stm32f4xx_hal_tim.o(i.HAL_TIM_TriggerCallback)
    HAL_UART_ErrorCallback                   0x08001a2f   Thumb Code     2  stm32f4xx_hal_uart.o(i.HAL_UART_ErrorCallback)
    HAL_UART_IRQHandler                      0x08001a31   Thumb Code   232  stm32f4xx_hal_uart.o(i.HAL_UART_IRQHandler)
    HAL_UART_Init                            0x08001b19   Thumb Code    98  stm32f4xx_hal_uart.o(i.HAL_UART_Init)
    HAL_UART_MspInit                         0x08001b7d   Thumb Code   444  usart.o(i.HAL_UART_MspInit)
    HAL_UART_Receive_DMA                     0x08001d61   Thumb Code   106  stm32f4xx_hal_uart.o(i.HAL_UART_Receive_DMA)
    HAL_UART_RxCpltCallback                  0x08001dd9   Thumb Code     2  stm32f4xx_hal_uart.o(i.HAL_UART_RxCpltCallback)
    HAL_UART_RxHalfCpltCallback              0x08001ddb   Thumb Code     2  stm32f4xx_hal_uart.o(i.HAL_UART_RxHalfCpltCallback)
    HAL_UART_TxCpltCallback                  0x08001ddd   Thumb Code     2  stm32f4xx_hal_uart.o(i.HAL_UART_TxCpltCallback)
    HardFault_Handler                        0x08001ddf   Thumb Code     2  stm32f4xx_it.o(i.HardFault_Handler)
    I2C_NoAck                                0x08001de1   Thumb Code    68  i2c.o(i.I2C_NoAck)
    I2C_RadeByte                             0x08001e29   Thumb Code   100  i2c.o(i.I2C_RadeByte)
    I2C_SendByte                             0x08001e91   Thumb Code    90  i2c.o(i.I2C_SendByte)
    I2C_Start                                0x08001ef1   Thumb Code    88  i2c.o(i.I2C_Start)
    I2C_Stop                                 0x08001f4d   Thumb Code    70  i2c.o(i.I2C_Stop)
    I2C_WaitAck                              0x08001f99   Thumb Code    96  i2c.o(i.I2C_WaitAck)
    I2C_delay                                0x08001ffd   Thumb Code     8  i2c.o(i.I2C_delay)
    IIC_Init                                 0x08002005   Thumb Code    54  i2c.o(i.IIC_Init)
    InitMPU6050                              0x08002041   Thumb Code   150  6050.o(i.InitMPU6050)
    MPU6050_Read                             0x080020dd   Thumb Code   126  6050.o(i.MPU6050_Read)
    MX_CAN1_Init                             0x08002161   Thumb Code   106  can.o(i.MX_CAN1_Init)
    MX_CAN2_Init                             0x080021d5   Thumb Code    84  can.o(i.MX_CAN2_Init)
    MX_DMA_Init                              0x08002231   Thumb Code    56  dma.o(i.MX_DMA_Init)
    MX_GPIO_Init                             0x0800226d   Thumb Code    54  gpio.o(i.MX_GPIO_Init)
    MX_TIM2_Init                             0x080022a9   Thumb Code    90  tim.o(i.MX_TIM2_Init)
    MX_TIM3_Init                             0x0800230d   Thumb Code    80  tim.o(i.MX_TIM3_Init)
    MX_TIM4_Init                             0x08002365   Thumb Code    82  tim.o(i.MX_TIM4_Init)
    MX_USART1_UART_Init                      0x080023c1   Thumb Code    30  usart.o(i.MX_USART1_UART_Init)
    MX_USART2_UART_Init                      0x080023ed   Thumb Code    32  usart.o(i.MX_USART2_UART_Init)
    MX_USART3_UART_Init                      0x08002415   Thumb Code    32  usart.o(i.MX_USART3_UART_Init)
    MemManage_Handler                        0x0800243d   Thumb Code     2  stm32f4xx_it.o(i.MemManage_Handler)
    NMI_Handler                              0x0800243f   Thumb Code     2  stm32f4xx_it.o(i.NMI_Handler)
    Readremote                               0x08002461   Thumb Code   126  communi.o(i.Readremote)
    RemoteFeed                               0x080024e9   Thumb Code    22  core.o(i.RemoteFeed)
    Remote_rx_start                          0x08002505   Thumb Code    34  usart.o(i.Remote_rx_start)
    Single_Read                              0x08002531   Thumb Code    78  i2c.o(i.Single_Read)
    Single_Write                             0x0800257f   Thumb Code    68  i2c.o(i.Single_Write)
    SysTick_Handler                          0x080025c3   Thumb Code    14  stm32f4xx_it.o(i.SysTick_Handler)
    SystemClock_Config                       0x080025d1   Thumb Code   136  main.o(i.SystemClock_Config)
    SystemInit                               0x08002661   Thumb Code    66  system_stm32f4xx.o(i.SystemInit)
    TIM3_IRQHandler                          0x080026b5   Thumb Code    22  stm32f4xx_it.o(i.TIM3_IRQHandler)
    TIM4_IRQHandler                          0x080026d9   Thumb Code    58  stm32f4xx_it.o(i.TIM4_IRQHandler)
    TIM_Base_SetConfig                       0x08002721   Thumb Code   148  stm32f4xx_hal_tim.o(i.TIM_Base_SetConfig)
    USART1_IRQHandler                        0x08002c45   Thumb Code    92  stm32f4xx_it.o(i.USART1_IRQHandler)
    USART2_IRQHandler                        0x08002cb9   Thumb Code    64  stm32f4xx_it.o(i.USART2_IRQHandler)
    USART3_IRQHandler                        0x08002d05   Thumb Code     6  stm32f4xx_it.o(i.USART3_IRQHandler)
    UsageFault_Handler                       0x08002d11   Thumb Code     2  stm32f4xx_it.o(i.UsageFault_Handler)
    Usart2_rx_start                          0x08002d15   Thumb Code    32  usart.o(i.Usart2_rx_start)
    YawUpdate                                0x08002d3d   Thumb Code    82  chassis.o(i.YawUpdate)
    __scatterload_copy                       0x08002da9   Thumb Code    14  handlers.o(i.__scatterload_copy)
    __scatterload_null                       0x08002db7   Thumb Code     2  handlers.o(i.__scatterload_null)
    __scatterload_zeroinit                   0x08002db9   Thumb Code    14  handlers.o(i.__scatterload_zeroinit)
    can_send_msg                             0x08002dc7   Thumb Code   110  can.o(i.can_send_msg)
    delay5ms                                 0x08002e35   Thumb Code    10  i2c.o(i.delay5ms)
    delayms                                  0x08002e3f   Thumb Code    12  6050.o(i.delayms)
    led_config                               0x08002e4d   Thumb Code    54  gpio.o(i.led_config)
    main                                     0x08002e89   Thumb Code   102  main.o(i.main)
    APBAHBPrescTable                         0x08002ef4   Data          16  stm32f4xx_hal_rcc.o(.constdata)
    Region$$Table$$Base                      0x08002f0c   Number         0  anon$$obj.o(Region$$Table)
    Region$$Table$$Limit                     0x08002f2c   Number         0  anon$$obj.o(Region$$Table)
    main_count                               0x20000000   Data           4  main.o(.data)
    usart2_rx_buffer                         0x20000004   Data           5  usart.o(.data)
    usart3_rx_buffer                         0x20000009   Data           5  usart.o(.data)
    check_flag                               0x20000014   Data           1  stm32f4xx_it.o(.data)
    core_count                               0x20000024   Data           4  stm32f4xx_it.o(.data)
    sys                                      0x2000002a   Data           3  core.o(.data)
    remoteData_receiveFlag                   0x2000002d   Data           1  communi.o(.data)
    imu_yaw                                  0x20000030   Data          16  imu.o(.data)
    IMU_TxInit                               0x20000040   Data           8  imu.o(.data)
    TAddr                                    0x20000048   Data           1  6050.o(.data)
    SystemCoreClock                          0x2000004c   Data           4  system_stm32f4xx.o(.data)
    uwTick                                   0x20000050   Data           4  stm32f4xx_hal.o(.data)
    huart1                                   0x20000054   Data          64  usart.o(.bss)
    huart2                                   0x20000094   Data          64  usart.o(.bss)
    huart3                                   0x200000d4   Data          64  usart.o(.bss)
    hdma_usart1_rx                           0x20000114   Data          88  usart.o(.bss)
    hdma_usart2_rx                           0x2000016c   Data          88  usart.o(.bss)
    hdma_usart2_tx                           0x200001c4   Data          88  usart.o(.bss)
    hdma_usart3_rx                           0x2000021c   Data          88  usart.o(.bss)
    hdma_usart3_tx                           0x20000274   Data          88  usart.o(.bss)
    usart1_rx_buffer                         0x200002cc   Data          18  usart.o(.bss)
    remote_rx_buffer                         0x200002de   Data          18  usart.o(.bss)
    htim2                                    0x200002f0   Data          60  tim.o(.bss)
    htim3                                    0x2000032c   Data          60  tim.o(.bss)
    htim4                                    0x20000368   Data          60  tim.o(.bss)
    hcan1                                    0x200003a4   Data          64  can.o(.bss)
    hcan2                                    0x200003e4   Data          64  can.o(.bss)
    can1_filetr                              0x20000424   Data          40  can.o(.bss)
    can2_filetr                              0x2000044c   Data          40  can.o(.bss)
    Tx1Message                               0x20000474   Data          28  can.o(.bss)
    Rx1Message                               0x20000490   Data          36  can.o(.bss)
    remote                                   0x200004b4   Data          20  communi.o(.bss)
    chassisPara                              0x200004c8   Data         184  chassis.o(.bss)
    sensor                                   0x20000580   Data          72  6050.o(.bss)
    mpu6050_buffer                           0x200005c8   Data          16  6050.o(.bss)
    __initial_sp                             0x200009d8   Data           0  startup_stm32f405xx.o(STACK)



==============================================================================

Memory Map of the image

  Image Entry point : 0x08000189

  Load Region LR_IROM1 (Base: 0x08000000, Size: 0x00002f80, Max: 0x00100000, ABSOLUTE)

    Execution Region ER_IROM1 (Base: 0x08000000, Size: 0x00002f2c, Max: 0x00100000, ABSOLUTE)

    Base Addr    Size         Type   Attr      Idx    E Section Name        Object

    0x08000000   0x00000188   Data   RO          961    RESET               startup_stm32f405xx.o
    0x08000188   0x00000000   Code   RO         3647  * .ARM.Collect$$$$00000000  mc_w.l(entry.o)
    0x08000188   0x00000004   Code   RO         3719    .ARM.Collect$$$$00000001  mc_w.l(entry2.o)
    0x0800018c   0x00000004   Code   RO         3722    .ARM.Collect$$$$00000004  mc_w.l(entry5.o)
    0x08000190   0x00000000   Code   RO         3724    .ARM.Collect$$$$00000008  mc_w.l(entry7b.o)
    0x08000190   0x00000000   Code   RO         3726    .ARM.Collect$$$$0000000A  mc_w.l(entry8b.o)
    0x08000190   0x00000008   Code   RO         3727    .ARM.Collect$$$$0000000B  mc_w.l(entry9a.o)
    0x08000198   0x00000000   Code   RO         3729    .ARM.Collect$$$$0000000D  mc_w.l(entry10a.o)
    0x08000198   0x00000000   Code   RO         3731    .ARM.Collect$$$$0000000F  mc_w.l(entry11a.o)
    0x08000198   0x00000004   Code   RO         3720    .ARM.Collect$$$$00002712  mc_w.l(entry2.o)
    0x0800019c   0x00000024   Code   RO          962    .text               startup_stm32f405xx.o
    0x080001c0   0x00000024   Code   RO         3650    .text               mc_w.l(memcpya.o)
    0x080001e4   0x00000024   Code   RO         3753    .text               mc_w.l(init.o)
    0x08000208   0x00000002   Code   RO          459    i.BusFault_Handler  stm32f4xx_it.o
    0x0800020a   0x00000002   PAD
    0x0800020c   0x0000000c   Code   RO          460    i.CAN1_RX0_IRQHandler  stm32f4xx_it.o
    0x08000218   0x0000000c   Code   RO          461    i.CAN1_TX_IRQHandler  stm32f4xx_it.o
    0x08000224   0x0000000c   Code   RO          462    i.CAN2_RX0_IRQHandler  stm32f4xx_it.o
    0x08000230   0x0000000c   Code   RO          463    i.CAN2_TX_IRQHandler  stm32f4xx_it.o
    0x0800023c   0x00000128   Code   RO         2059    i.CAN_Receive_IT    stm32f4xx_hal_can.o
    0x08000364   0x00000060   Code   RO         2060    i.CAN_Transmit_IT   stm32f4xx_hal_can.o
    0x080003c4   0x0000007c   Code   RO          613    i.Core_Task         core.o
    0x08000440   0x0000000c   Code   RO          464    i.DMA1_Stream1_IRQHandler  stm32f4xx_it.o
    0x0800044c   0x0000000c   Code   RO          465    i.DMA1_Stream3_IRQHandler  stm32f4xx_it.o
    0x08000458   0x0000000c   Code   RO          466    i.DMA1_Stream5_IRQHandler  stm32f4xx_it.o
    0x08000464   0x0000000c   Code   RO          467    i.DMA1_Stream6_IRQHandler  stm32f4xx_it.o
    0x08000470   0x0000000c   Code   RO          468    i.DMA2_Stream5_IRQHandler  stm32f4xx_it.o
    0x0800047c   0x00000028   Code   RO         3013    i.DMA_CalcBaseAndBitshift  stm32f4xx_hal_dma.o
    0x080004a4   0x00000028   Code   RO         3014    i.DMA_SetConfig     stm32f4xx_hal_dma.o
    0x080004cc   0x00000002   Code   RO          469    i.DebugMon_Handler  stm32f4xx_it.o
    0x080004ce   0x00000002   PAD
    0x080004d0   0x000000c0   Code   RO          912    i.Gyro_OFFEST       6050.o
    0x08000590   0x000000e4   Code   RO         2061    i.HAL_CAN_ConfigFilter  stm32f4xx_hal_can.o
    0x08000674   0x00000002   Code   RO         2063    i.HAL_CAN_ErrorCallback  stm32f4xx_hal_can.o
    0x08000676   0x00000002   PAD
    0x08000678   0x00000180   Code   RO         2066    i.HAL_CAN_IRQHandler  stm32f4xx_hal_can.o
    0x080007f8   0x00000148   Code   RO         2067    i.HAL_CAN_Init      stm32f4xx_hal_can.o
    0x08000940   0x000000d4   Code   RO          364    i.HAL_CAN_MspInit   can.o
    0x08000a14   0x00000054   Code   RO          365    i.HAL_CAN_RxCpltCallback  can.o
    0x08000a68   0x00000194   Code   RO         2074    i.HAL_CAN_Transmit  stm32f4xx_hal_can.o
    0x08000bfc   0x00000002   Code   RO         2076    i.HAL_CAN_TxCpltCallback  stm32f4xx_hal_can.o
    0x08000bfe   0x00000002   PAD
    0x08000c00   0x000001a0   Code   RO         3019    i.HAL_DMA_IRQHandler  stm32f4xx_hal_dma.o
    0x08000da0   0x00000078   Code   RO         3020    i.HAL_DMA_Init      stm32f4xx_hal_dma.o
    0x08000e18   0x0000004e   Code   RO         3023    i.HAL_DMA_Start_IT  stm32f4xx_hal_dma.o
    0x08000e66   0x00000002   PAD
    0x08000e68   0x000001c0   Code   RO         2534    i.HAL_GPIO_Init     stm32f4xx_hal_gpio.o
    0x08001028   0x0000000a   Code   RO         2536    i.HAL_GPIO_ReadPin  stm32f4xx_hal_gpio.o
    0x08001032   0x00000008   Code   RO         2537    i.HAL_GPIO_TogglePin  stm32f4xx_hal_gpio.o
    0x0800103a   0x0000000a   Code   RO         2538    i.HAL_GPIO_WritePin  stm32f4xx_hal_gpio.o
    0x08001044   0x0000000c   Code   RO         2628    i.HAL_GetTick       stm32f4xx_hal.o
    0x08001050   0x00000010   Code   RO         2629    i.HAL_IncTick       stm32f4xx_hal.o
    0x08001060   0x00000034   Code   RO         2630    i.HAL_Init          stm32f4xx_hal.o
    0x08001094   0x00000022   Code   RO         2631    i.HAL_InitTick      stm32f4xx_hal.o
    0x080010b6   0x00000044   Code   RO          435    i.HAL_MspInit       stm32f4xx_hal_msp.o
    0x080010fa   0x00000016   Code   RO         1640    i.HAL_NVIC_EnableIRQ  stm32f4xx_hal_cortex.o
    0x08001110   0x00000040   Code   RO         1646    i.HAL_NVIC_SetPriority  stm32f4xx_hal_cortex.o
    0x08001150   0x00000024   Code   RO         1647    i.HAL_NVIC_SetPriorityGrouping  stm32f4xx_hal_cortex.o
    0x08001174   0x00000140   Code   RO         2427    i.HAL_RCC_ClockConfig  stm32f4xx_hal_rcc.o
    0x080012b4   0x00000034   Code   RO         2432    i.HAL_RCC_GetHCLKFreq  stm32f4xx_hal_rcc.o
    0x080012e8   0x0000002c   Code   RO         2434    i.HAL_RCC_GetPCLK1Freq  stm32f4xx_hal_rcc.o
    0x08001314   0x0000002c   Code   RO         2435    i.HAL_RCC_GetPCLK2Freq  stm32f4xx_hal_rcc.o
    0x08001340   0x00000070   Code   RO         2436    i.HAL_RCC_GetSysClockFreq  stm32f4xx_hal_rcc.o
    0x080013b0   0x000002e4   Code   RO         2439    i.HAL_RCC_OscConfig  stm32f4xx_hal_rcc.o
    0x08001694   0x00000018   Code   RO         1649    i.HAL_SYSTICK_CLKSourceConfig  stm32f4xx_hal_cortex.o
    0x080016ac   0x00000002   Code   RO         1650    i.HAL_SYSTICK_Callback  stm32f4xx_hal_cortex.o
    0x080016ae   0x00000028   Code   RO         1651    i.HAL_SYSTICK_Config  stm32f4xx_hal_cortex.o
    0x080016d6   0x00000008   Code   RO         1652    i.HAL_SYSTICK_IRQHandler  stm32f4xx_hal_cortex.o
    0x080016de   0x00000002   Code   RO         1760    i.HAL_TIMEx_BreakCallback  stm32f4xx_hal_tim_ex.o
    0x080016e0   0x00000002   Code   RO         1761    i.HAL_TIMEx_CommutationCallback  stm32f4xx_hal_tim_ex.o
    0x080016e2   0x00000050   Code   RO         1777    i.HAL_TIMEx_MasterConfigSynchronization  stm32f4xx_hal_tim_ex.o
    0x08001732   0x00000036   Code   RO         1008    i.HAL_TIM_Base_Init  stm32f4xx_hal_tim.o
    0x08001768   0x00000064   Code   RO          305    i.HAL_TIM_Base_MspInit  tim.o
    0x080017cc   0x000000f2   Code   RO         1017    i.HAL_TIM_ConfigClockSource  stm32f4xx_hal_tim.o
    0x080018be   0x00000002   Code   RO         1037    i.HAL_TIM_IC_CaptureCallback  stm32f4xx_hal_tim.o
    0x080018c0   0x00000166   Code   RO         1050    i.HAL_TIM_IRQHandler  stm32f4xx_hal_tim.o
    0x08001a26   0x00000002   Code   RO         1053    i.HAL_TIM_OC_DelayElapsedCallback  stm32f4xx_hal_tim.o
    0x08001a28   0x00000002   Code   RO         1080    i.HAL_TIM_PWM_PulseFinishedCallback  stm32f4xx_hal_tim.o
    0x08001a2a   0x00000002   Code   RO         1087    i.HAL_TIM_PeriodElapsedCallback  stm32f4xx_hal_tim.o
    0x08001a2c   0x00000002   Code   RO         1091    i.HAL_TIM_TriggerCallback  stm32f4xx_hal_tim.o
    0x08001a2e   0x00000002   Code   RO         2201    i.HAL_UART_ErrorCallback  stm32f4xx_hal_uart.o
    0x08001a30   0x000000e8   Code   RO         2204    i.HAL_UART_IRQHandler  stm32f4xx_hal_uart.o
    0x08001b18   0x00000062   Code   RO         2205    i.HAL_UART_Init     stm32f4xx_hal_uart.o
    0x08001b7a   0x00000002   PAD
    0x08001b7c   0x000001e4   Code   RO          204    i.HAL_UART_MspInit  usart.o
    0x08001d60   0x00000078   Code   RO         2209    i.HAL_UART_Receive_DMA  stm32f4xx_hal_uart.o
    0x08001dd8   0x00000002   Code   RO         2211    i.HAL_UART_RxCpltCallback  stm32f4xx_hal_uart.o
    0x08001dda   0x00000002   Code   RO         2212    i.HAL_UART_RxHalfCpltCallback  stm32f4xx_hal_uart.o
    0x08001ddc   0x00000002   Code   RO         2216    i.HAL_UART_TxCpltCallback  stm32f4xx_hal_uart.o
    0x08001dde   0x00000002   Code   RO          470    i.HardFault_Handler  stm32f4xx_it.o
    0x08001de0   0x00000048   Code   RO          812    i.I2C_NoAck         i2c.o
    0x08001e28   0x00000068   Code   RO          813    i.I2C_RadeByte      i2c.o
    0x08001e90   0x00000060   Code   RO          814    i.I2C_SendByte      i2c.o
    0x08001ef0   0x0000005c   Code   RO          815    i.I2C_Start         i2c.o
    0x08001f4c   0x0000004c   Code   RO          816    i.I2C_Stop          i2c.o
    0x08001f98   0x00000064   Code   RO          817    i.I2C_WaitAck       i2c.o
    0x08001ffc   0x00000008   Code   RO          818    i.I2C_delay         i2c.o
    0x08002004   0x0000003c   Code   RO          819    i.IIC_Init          i2c.o
    0x08002040   0x0000009c   Code   RO          913    i.InitMPU6050       6050.o
    0x080020dc   0x00000084   Code   RO          914    i.MPU6050_Read      6050.o
    0x08002160   0x00000074   Code   RO          366    i.MX_CAN1_Init      can.o
    0x080021d4   0x0000005c   Code   RO          367    i.MX_CAN2_Init      can.o
    0x08002230   0x0000003c   Code   RO          279    i.MX_DMA_Init       dma.o
    0x0800226c   0x0000003c   Code   RO          173    i.MX_GPIO_Init      gpio.o
    0x080022a8   0x00000064   Code   RO          306    i.MX_TIM2_Init      tim.o
    0x0800230c   0x00000058   Code   RO          307    i.MX_TIM3_Init      tim.o
    0x08002364   0x0000005c   Code   RO          308    i.MX_TIM4_Init      tim.o
    0x080023c0   0x0000002c   Code   RO          205    i.MX_USART1_UART_Init  usart.o
    0x080023ec   0x00000028   Code   RO          206    i.MX_USART2_UART_Init  usart.o
    0x08002414   0x00000028   Code   RO          207    i.MX_USART3_UART_Init  usart.o
    0x0800243c   0x00000002   Code   RO          471    i.MemManage_Handler  stm32f4xx_it.o
    0x0800243e   0x00000002   Code   RO          472    i.NMI_Handler       stm32f4xx_it.o
    0x08002440   0x00000020   Code   RO         1653    i.NVIC_SetPriority  stm32f4xx_hal_cortex.o
    0x08002460   0x00000088   Code   RO          650    i.Readremote        communi.o
    0x080024e8   0x0000001c   Code   RO          614    i.RemoteFeed        core.o
    0x08002504   0x0000002c   Code   RO          208    i.Remote_rx_start   usart.o
    0x08002530   0x0000004e   Code   RO          820    i.Single_Read       i2c.o
    0x0800257e   0x00000044   Code   RO          821    i.Single_Write      i2c.o
    0x080025c2   0x0000000e   Code   RO          473    i.SysTick_Handler   stm32f4xx_it.o
    0x080025d0   0x00000090   Code   RO            5    i.SystemClock_Config  main.o
    0x08002660   0x00000054   Code   RO          970    i.SystemInit        system_stm32f4xx.o
    0x080026b4   0x00000024   Code   RO          474    i.TIM3_IRQHandler   stm32f4xx_it.o
    0x080026d8   0x00000048   Code   RO          475    i.TIM4_IRQHandler   stm32f4xx_it.o
    0x08002720   0x000000c0   Code   RO         1092    i.TIM_Base_SetConfig  stm32f4xx_hal_tim.o
    0x080027e0   0x00000014   Code   RO         1099    i.TIM_ETR_SetConfig  stm32f4xx_hal_tim.o
    0x080027f4   0x00000010   Code   RO         1100    i.TIM_ITRx_SetConfig  stm32f4xx_hal_tim.o
    0x08002804   0x00000022   Code   RO         1106    i.TIM_TI1_ConfigInputStage  stm32f4xx_hal_tim.o
    0x08002826   0x00000024   Code   RO         1108    i.TIM_TI2_ConfigInputStage  stm32f4xx_hal_tim.o
    0x0800284a   0x00000022   Code   RO         2218    i.UART_DMAError     stm32f4xx_hal_uart.o
    0x0800286c   0x00000028   Code   RO         2219    i.UART_DMAReceiveCplt  stm32f4xx_hal_uart.o
    0x08002894   0x0000000a   Code   RO         2220    i.UART_DMARxHalfCplt  stm32f4xx_hal_uart.o
    0x0800289e   0x00000096   Code   RO         2223    i.UART_Receive_IT   stm32f4xx_hal_uart.o
    0x08002934   0x000002ac   Code   RO         2224    i.UART_SetConfig    stm32f4xx_hal_uart.o
    0x08002be0   0x00000062   Code   RO         2225    i.UART_Transmit_IT  stm32f4xx_hal_uart.o
    0x08002c42   0x00000002   PAD
    0x08002c44   0x00000074   Code   RO          476    i.USART1_IRQHandler  stm32f4xx_it.o
    0x08002cb8   0x0000004c   Code   RO          477    i.USART2_IRQHandler  stm32f4xx_it.o
    0x08002d04   0x0000000c   Code   RO          478    i.USART3_IRQHandler  stm32f4xx_it.o
    0x08002d10   0x00000002   Code   RO          479    i.UsageFault_Handler  stm32f4xx_it.o
    0x08002d12   0x00000002   PAD
    0x08002d14   0x00000028   Code   RO          209    i.Usart2_rx_start   usart.o
    0x08002d3c   0x0000006c   Code   RO          678    i.YawUpdate         chassis.o
    0x08002da8   0x0000000e   Code   RO         3761    i.__scatterload_copy  mc_w.l(handlers.o)
    0x08002db6   0x00000002   Code   RO         3762    i.__scatterload_null  mc_w.l(handlers.o)
    0x08002db8   0x0000000e   Code   RO         3763    i.__scatterload_zeroinit  mc_w.l(handlers.o)
    0x08002dc6   0x0000006e   Code   RO          368    i.can_send_msg      can.o
    0x08002e34   0x0000000a   Code   RO          823    i.delay5ms          i2c.o
    0x08002e3e   0x0000000c   Code   RO          915    i.delayms           6050.o
    0x08002e4a   0x00000002   PAD
    0x08002e4c   0x0000003c   Code   RO          174    i.led_config        gpio.o
    0x08002e88   0x0000006c   Code   RO            6    i.main              main.o
    0x08002ef4   0x00000010   Data   RO         2440    .constdata          stm32f4xx_hal_rcc.o
    0x08002f04   0x00000008   Data   RO         3024    .constdata          stm32f4xx_hal_dma.o
    0x08002f0c   0x00000020   Data   RO         3759    Region$$Table       anon$$obj.o


    Execution Region RW_IRAM1 (Base: 0x20000000, Size: 0x000009d8, Max: 0x00020000, ABSOLUTE)

    Base Addr    Size         Type   Attr      Idx    E Section Name        Object

    0x20000000   0x00000004   Data   RW            7    .data               main.o
    0x20000004   0x0000000a   Data   RW          213    .data               usart.o
    0x2000000e   0x00000002   PAD
    0x20000010   0x00000004   Data   RW          370    .data               can.o
    0x20000014   0x00000014   Data   RW          480    .data               stm32f4xx_it.o
    0x20000028   0x00000005   Data   RW          615    .data               core.o
    0x2000002d   0x00000001   Data   RW          652    .data               communi.o
    0x2000002e   0x00000002   PAD
    0x20000030   0x00000010   Data   RW          747    .data               imu.o
    0x20000040   0x00000008   Data   RW          748    .data               imu.o
    0x20000048   0x00000001   Data   RW          917    .data               6050.o
    0x20000049   0x00000003   PAD
    0x2000004c   0x00000004   Data   RW          972    .data               system_stm32f4xx.o
    0x20000050   0x00000004   Data   RW         2636    .data               stm32f4xx_hal.o
    0x20000054   0x0000028a   Zero   RW          211    .bss                usart.o
    0x200002de   0x00000012   Zero   RW          212    .bss                usart.o
    0x200002f0   0x000000b4   Zero   RW          309    .bss                tim.o
    0x200003a4   0x00000110   Zero   RW          369    .bss                can.o
    0x200004b4   0x00000014   Zero   RW          651    .bss                communi.o
    0x200004c8   0x000000b8   Zero   RW          679    .bss                chassis.o
    0x20000580   0x00000058   Zero   RW          916    .bss                6050.o
    0x200005d8   0x00000400   Zero   RW          959    STACK               startup_stm32f405xx.o


==============================================================================

Image component sizes


      Code (inc. data)   RO Data    RW Data    ZI Data      Debug   Object Name

       492         22          0          1         88       4277   6050.o
       614         50          0          4        272       5810   can.o
       108         26          0          0        184        742   chassis.o
       136         10          0          1         20       1217   communi.o
       152         26          0          5          0       2265   core.o
        60          4          0          0          0        822   dma.o
       120         12          0          0          0       1384   gpio.o
       764         34          0          0          0       6776   i2c.o
         0          0          0         24          0       2302   imu.o
       252         14          0          4          0     361898   main.o
        36          8        392          0       1024        820   startup_stm32f405xx.o
       114         16          0          4          0       3707   stm32f4xx_hal.o
      1740         38          0          0          0       7063   stm32f4xx_hal_can.o
       228         14          0          0          0      32265   stm32f4xx_hal_cortex.o
       694         14          8          0          0       4607   stm32f4xx_hal_dma.o
       476         50          0          0          0       3876   stm32f4xx_hal_gpio.o
        68          0          0          0          0        530   stm32f4xx_hal_msp.o
      1312         64         16          0          0       6027   stm32f4xx_hal_rcc.o
       962         44          0          0          0      10051   stm32f4xx_hal_tim.o
        84          0          0          0          0       2474   stm32f4xx_hal_tim_ex.o
      1474         22          0          0          0       9444   stm32f4xx_hal_uart.o
       446        124          0         20          0      10651   stm32f4xx_it.o
        84         18          0          4          0       1377   system_stm32f4xx.o
       380         42          0          0        180       3044   tim.o
       692         88          0         10        668       4757   usart.o

    ----------------------------------------------------------------------
     11506        740        448         84       2436     488186   Object Totals
         0          0         32          0          0          0   (incl. Generated)
        18          0          0          7          0          0   (incl. Padding)

    ----------------------------------------------------------------------

      Code (inc. data)   RO Data    RW Data    ZI Data      Debug   Library Member Name

         0          0          0          0          0          0   entry.o
         0          0          0          0          0          0   entry10a.o
         0          0          0          0          0          0   entry11a.o
         8          4          0          0          0          0   entry2.o
         4          0          0          0          0          0   entry5.o
         0          0          0          0          0          0   entry7b.o
         0          0          0          0          0          0   entry8b.o
         8          4          0          0          0          0   entry9a.o
        30          0          0          0          0          0   handlers.o
        36          8          0          0          0         68   init.o
        36          0          0          0          0         68   memcpya.o

    ----------------------------------------------------------------------
       122         16          0          0          0        136   Library Totals
         0          0          0          0          0          0   (incl. Padding)

    ----------------------------------------------------------------------

      Code (inc. data)   RO Data    RW Data    ZI Data      Debug   Library Name

       122         16          0          0          0        136   mc_w.l

    ----------------------------------------------------------------------
       122         16          0          0          0        136   Library Totals

    ----------------------------------------------------------------------

==============================================================================


      Code (inc. data)   RO Data    RW Data    ZI Data      Debug   

     11628        756        448         84       2436     476926   Grand Totals
     11628        756        448         84       2436     476926   ELF Image Totals
     11628        756        448         84          0          0   ROM Totals

==============================================================================

    Total RO  Size (Code + RO Data)                12076 (  11.79kB)
    Total RW  Size (RW Data + ZI Data)              2520 (   2.46kB)
    Total ROM Size (Code + RO Data + RW Data)      12160 (  11.88kB)

==============================================================================

