Component: ARM Compiler 5.06 update 3 (build 300) Tool: armlink [4d35c9]

==============================================================================

Section Cross References

    main.o(i.SystemClock_Config) refers to stm32f4xx_hal_rcc.o(i.HAL_RCC_OscConfig) for HAL_RCC_OscConfig
    main.o(i.SystemClock_Config) refers to stm32f4xx_hal_rcc.o(i.HAL_RCC_ClockConfig) for HAL_RCC_ClockConfig
    main.o(i.SystemClock_Config) refers to stm32f4xx_hal_rcc.o(i.HAL_RCC_GetHCLKFreq) for HAL_RCC_GetHCLKFreq
    main.o(i.SystemClock_Config) refers to stm32f4xx_hal_cortex.o(i.HAL_SYSTICK_Config) for HAL_SYSTICK_Config
    main.o(i.SystemClock_Config) refers to stm32f4xx_hal_cortex.o(i.HAL_SYSTICK_CLKSourceConfig) for HAL_SYSTICK_CLKSourceConfig
    main.o(i.SystemClock_Config) refers to stm32f4xx_hal_cortex.o(i.HAL_NVIC_SetPriority) for HAL_NVIC_SetPriority
    main.o(i.main) refers to stm32f4xx_hal.o(i.HAL_Init) for HAL_Init
    main.o(i.main) refers to main.o(i.SystemClock_Config) for SystemClock_Config
    main.o(i.main) refers to gpio.o(i.MX_GPIO_Init) for MX_GPIO_Init
    main.o(i.main) refers to dma.o(i.MX_DMA_Init) for MX_DMA_Init
    main.o(i.main) refers to can.o(i.MX_CAN1_Init) for MX_CAN1_Init
    main.o(i.main) refers to can.o(i.MX_CAN2_Init) for MX_CAN2_Init
    main.o(i.main) refers to tim.o(i.MX_TIM2_Init) for MX_TIM2_Init
    main.o(i.main) refers to tim.o(i.MX_TIM3_Init) for MX_TIM3_Init
    main.o(i.main) refers to tim.o(i.MX_TIM4_Init) for MX_TIM4_Init
    main.o(i.main) refers to usart.o(i.MX_USART1_UART_Init) for MX_USART1_UART_Init
    main.o(i.main) refers to usart.o(i.MX_USART2_UART_Init) for MX_USART2_UART_Init
    main.o(i.main) refers to usart.o(i.MX_USART3_UART_Init) for MX_USART3_UART_Init
    main.o(i.main) refers to i2c.o(i.IIC_Init) for IIC_Init
    main.o(i.main) refers to 6050.o(i.InitMPU6050) for InitMPU6050
    main.o(i.main) refers to gpio.o(i.led_config) for led_config
    main.o(i.main) refers to stm32f4xx_hal_gpio.o(i.HAL_GPIO_WritePin) for HAL_GPIO_WritePin
    main.o(i.main) refers to usart.o(i.Remote_rx_start) for Remote_rx_start
    main.o(i.main) refers to usart.o(i.Usart2_rx_start) for Usart2_rx_start
    main.o(i.main) refers to inv_mpu.o(i.mpu_dmp_init) for mpu_dmp_init
    main.o(i.main) refers to 6050.o(i.Gyro_OFFEST) for Gyro_OFFEST
    main.o(i.main) refers to imu.o(i.imu) for imu
    main.o(i.main) refers to inv_mpu.o(i.mpu_dmp_get_data) for mpu_dmp_get_data
    main.o(i.main) refers to main.o(.data) for .data
    main.o(i.main) refers to imu.o(.bss) for dmp_angle
    gpio.o(i.led_config) refers to stm32f4xx_hal_gpio.o(i.HAL_GPIO_Init) for HAL_GPIO_Init
    gpio.o(i.led_config) refers to stm32f4xx_hal_gpio.o(i.HAL_GPIO_WritePin) for HAL_GPIO_WritePin
    usart.o(i.HAL_UART_MspDeInit) refers to stm32f4xx_hal_gpio.o(i.HAL_GPIO_DeInit) for HAL_GPIO_DeInit
    usart.o(i.HAL_UART_MspDeInit) refers to stm32f4xx_hal_dma.o(i.HAL_DMA_DeInit) for HAL_DMA_DeInit
    usart.o(i.HAL_UART_MspDeInit) refers to stm32f4xx_hal_cortex.o(i.HAL_NVIC_DisableIRQ) for HAL_NVIC_DisableIRQ
    usart.o(i.HAL_UART_MspInit) refers to stm32f4xx_hal_gpio.o(i.HAL_GPIO_Init) for HAL_GPIO_Init
    usart.o(i.HAL_UART_MspInit) refers to stm32f4xx_hal_dma.o(i.HAL_DMA_Init) for HAL_DMA_Init
    usart.o(i.HAL_UART_MspInit) refers to stm32f4xx_hal_cortex.o(i.HAL_NVIC_SetPriority) for HAL_NVIC_SetPriority
    usart.o(i.HAL_UART_MspInit) refers to stm32f4xx_hal_cortex.o(i.HAL_NVIC_EnableIRQ) for HAL_NVIC_EnableIRQ
    usart.o(i.HAL_UART_MspInit) refers to usart.o(.bss) for .bss
    usart.o(i.MX_USART1_UART_Init) refers to stm32f4xx_hal_uart.o(i.HAL_UART_Init) for HAL_UART_Init
    usart.o(i.MX_USART1_UART_Init) refers to usart.o(.bss) for .bss
    usart.o(i.MX_USART2_UART_Init) refers to stm32f4xx_hal_uart.o(i.HAL_UART_Init) for HAL_UART_Init
    usart.o(i.MX_USART2_UART_Init) refers to usart.o(.bss) for .bss
    usart.o(i.MX_USART3_UART_Init) refers to stm32f4xx_hal_uart.o(i.HAL_UART_Init) for HAL_UART_Init
    usart.o(i.MX_USART3_UART_Init) refers to usart.o(.bss) for .bss
    usart.o(i.Remote_rx_start) refers to stm32f4xx_hal_uart.o(i.HAL_UART_Receive_DMA) for HAL_UART_Receive_DMA
    usart.o(i.Remote_rx_start) refers to usart.o(.bss) for .bss
    usart.o(i.Usart2_rx_start) refers to stm32f4xx_hal_uart.o(i.HAL_UART_Receive_DMA) for HAL_UART_Receive_DMA
    usart.o(i.Usart2_rx_start) refers to usart.o(.data) for .data
    usart.o(i.Usart2_rx_start) refers to usart.o(.bss) for .bss
    usart.o(i.Usart3_rx_start) refers to stm32f4xx_hal_uart.o(i.HAL_UART_Receive_DMA) for HAL_UART_Receive_DMA
    usart.o(i.Usart3_rx_start) refers to usart.o(.data) for .data
    usart.o(i.Usart3_rx_start) refers to usart.o(.bss) for .bss
    dma.o(i.MX_DMA_Init) refers to stm32f4xx_hal_cortex.o(i.HAL_NVIC_SetPriority) for HAL_NVIC_SetPriority
    dma.o(i.MX_DMA_Init) refers to stm32f4xx_hal_cortex.o(i.HAL_NVIC_EnableIRQ) for HAL_NVIC_EnableIRQ
[...]
    _printf_pre_padding                      0x08004d49   Thumb Code    46  printf8.o(i._printf_pre_padding)
    i.accel_self_test                        0x08004d78   Section        0  inv_mpu.o(i.accel_self_test)
    accel_self_test                          0x08004d79   Thumb Code   126  inv_mpu.o(i.accel_self_test)
    i.atan                                   0x08004e08   Section        0  atan.o(i.atan)
    i.can_send_msg                           0x08004e18   Section        0  can.o(i.can_send_msg)
    i.delay5ms                               0x08004e86   Section        0  i2c.o(i.delay5ms)
    i.delayms                                0x08004e90   Section        0  6050.o(i.delayms)
    i.delayus                                0x08004e9c   Section        0  6050.o(i.delayus)
    i.dmp_enable_6x_lp_quat                  0x08004eaa   Section        0  inv_mpu_dmp_motion_driver.o(i.dmp_enable_6x_lp_quat)
    i.dmp_enable_feature                     0x08004ee4   Section        0  inv_mpu_dmp_motion_driver.o(i.dmp_enable_feature)
    i.dmp_enable_gyro_cal                    0x080050bc   Section        0  inv_mpu_dmp_motion_driver.o(i.dmp_enable_gyro_cal)
    i.dmp_enable_lp_quat                     0x080050f8   Section        0  inv_mpu_dmp_motion_driver.o(i.dmp_enable_lp_quat)
    i.dmp_load_motion_driver_firmware        0x08005134   Section        0  inv_mpu_dmp_motion_driver.o(i.dmp_load_motion_driver_firmware)
    i.dmp_read_fifo                          0x08005148   Section        0  inv_mpu_dmp_motion_driver.o(i.dmp_read_fifo)
    i.dmp_set_accel_bias                     0x08005290   Section        0  inv_mpu_dmp_motion_driver.o(i.dmp_set_accel_bias)
    i.dmp_set_fifo_rate                      0x08005368   Section        0  inv_mpu_dmp_motion_driver.o(i.dmp_set_fifo_rate)
    i.dmp_set_gyro_bias                      0x080053cc   Section        0  inv_mpu_dmp_motion_driver.o(i.dmp_set_gyro_bias)
    i.dmp_set_orientation                    0x08005498   Section        0  inv_mpu_dmp_motion_driver.o(i.dmp_set_orientation)
    i.dmp_set_shake_reject_thresh            0x080055a4   Section        0  inv_mpu_dmp_motion_driver.o(i.dmp_set_shake_reject_thresh)
    i.dmp_set_shake_reject_time              0x080055d4   Section        0  inv_mpu_dmp_motion_driver.o(i.dmp_set_shake_reject_time)
    i.dmp_set_shake_reject_timeout           0x080055f4   Section        0  inv_mpu_dmp_motion_driver.o(i.dmp_set_shake_reject_timeout)
    i.dmp_set_tap_axes                       0x08005614   Section        0  inv_mpu_dmp_motion_driver.o(i.dmp_set_tap_axes)
    i.dmp_set_tap_count                      0x08005654   Section        0  inv_mpu_dmp_motion_driver.o(i.dmp_set_tap_count)
    i.dmp_set_tap_thresh                     0x08005678   Section        0  inv_mpu_dmp_motion_driver.o(i.dmp_set_tap_thresh)
    i.dmp_set_tap_time                       0x080057d8   Section        0  inv_mpu_dmp_motion_driver.o(i.dmp_set_tap_time)
    i.dmp_set_tap_time_multi                 0x080057f8   Section        0  inv_mpu_dmp_motion_driver.o(i.dmp_set_tap_time_multi)
    i.fabs                                   0x08005818   Section        0  fabs.o(i.fabs)
    i.fputc                                  0x08005830   Section        0  fputc.o(i.fputc)
    i.free                                   0x08005844   Section        0  malloc.o(i.free)
    i.get_accel_prod_shift                   0x08005894   Section        0  inv_mpu.o(i.get_accel_prod_shift)
    get_accel_prod_shift                     0x08005895   Thumb Code   164  inv_mpu.o(i.get_accel_prod_shift)
    i.get_st_biases                          0x08005948   Section        0  inv_mpu.o(i.get_st_biases)
    get_st_biases                            0x08005949   Thumb Code   784  inv_mpu.o(i.get_st_biases)
    i.gyro_self_test                         0x08005c5c   Section        0  inv_mpu.o(i.gyro_self_test)
    gyro_self_test                           0x08005c5d   Thumb Code   190  inv_mpu.o(i.gyro_self_test)
    i.imu                                    0x08005d30   Section        0  imu.o(i.imu)
    i.invSqrt                                0x08005d70   Section        0  imu.o(i.invSqrt)
    i.inv_orientation_matrix_to_scalar       0x08005d9c   Section        0  inv_mpu.o(i.inv_orientation_matrix_to_scalar)
    i.inv_row_2_scale                        0x08005dbe   Section        0  inv_mpu.o(i.inv_row_2_scale)
    i.led_config                             0x08005e08   Section        0  gpio.o(i.led_config)
    i.main                                   0x08005e44   Section        0  main.o(i.main)
    i.malloc                                 0x08005edc   Section        0  malloc.o(i.malloc)
    i.mget_ms                                0x08005f48   Section        0  inv_mpu.o(i.mget_ms)
    i.mpu_configure_fifo                     0x08005f4c   Section        0  inv_mpu.o(i.mpu_configure_fifo)
    i.mpu_dmp_get_data                       0x08005fa0   Section        0  inv_mpu.o(i.mpu_dmp_get_data)
    i.mpu_dmp_init                           0x08006104   Section        0  inv_mpu.o(i.mpu_dmp_init)
    i.mpu_get_accel_fsr                      0x080061ac   Section        0  inv_mpu.o(i.mpu_get_accel_fsr)
    i.mpu_get_accel_sens                     0x080061e8   Section        0  inv_mpu.o(i.mpu_get_accel_sens)
    i.mpu_get_gyro_fsr                       0x0800622c   Section        0  inv_mpu.o(i.mpu_get_gyro_fsr)
    i.mpu_get_gyro_sens                      0x08006260   Section        0  inv_mpu.o(i.mpu_get_gyro_sens)
    i.mpu_get_lpf                            0x080062ac   Section        0  inv_mpu.o(i.mpu_get_lpf)
    i.mpu_get_sample_rate                    0x080062e4   Section        0  inv_mpu.o(i.mpu_get_sample_rate)
    i.mpu_init                               0x08006300   Section        0  inv_mpu.o(i.mpu_init)
    i.mpu_load_firmware                      0x08006488   Section        0  inv_mpu.o(i.mpu_load_firmware)
    i.mpu_lp_accel_mode                      0x08006528   Section        0  inv_mpu.o(i.mpu_lp_accel_mode)
    i.mpu_read_fifo_stream                   0x080065e0   Section        0  inv_mpu.o(i.mpu_read_fifo_stream)
    i.mpu_read_mem                           0x08006670   Section        0  inv_mpu.o(i.mpu_read_mem)
    i.mpu_reset_fifo                         0x080066c4   Section        0  inv_mpu.o(i.mpu_reset_fifo)
    i.mpu_run_self_test                      0x08006824   Section        0  inv_mpu.o(i.mpu_run_self_test)
    i.mpu_set_accel_fsr                      0x08006914   Section        0  inv_mpu.o(i.mpu_set_accel_fsr)
    i.mpu_set_bypass                         0x0800697c   Section        0  inv_mpu.o(i.mpu_set_bypass)
    i.mpu_set_dmp_state                      0x08006a58   Section        0  inv_mpu.o(i.mpu_set_dmp_state)
    i.mpu_set_gyro_fsr                       0x08006ad0   Section        0  inv_mpu.o(i.mpu_set_gyro_fsr)
    i.mpu_set_int_latched                    0x08006b3c   Section        0  inv_mpu.o(i.mpu_set_int_latched)
    i.mpu_set_lpf                            0x08006ba0   Section        0  inv_mpu.o(i.mpu_set_lpf)
    i.mpu_set_sample_rate                    0x08006c0c   Section        0  inv_mpu.o(i.mpu_set_sample_rate)
    i.mpu_set_sensors                        0x08006c8c   Section        0  inv_mpu.o(i.mpu_set_sensors)
    i.mpu_write_mem                          0x08006d44   Section        0  inv_mpu.o(i.mpu_write_mem)
    i.readIMU                                0x08006d98   Section        0  imu.o(i.readIMU)
    i.run_self_test                          0x08006f44   Section        0  inv_mpu.o(i.run_self_test)
    i.set_int_enable                         0x08006fcc   Section        0  inv_mpu.o(i.set_int_enable)
    set_int_enable                           0x08006fcd   Thumb Code    84  inv_mpu.o(i.set_int_enable)
    i.sqrt                                   0x08007024   Section        0  sqrt.o(i.sqrt)
    .constdata                               0x08007092   Section       27  inv_mpu.o(.constdata)
    .constdata                               0x080070ae   Section       12  inv_mpu.o(.constdata)
    .constdata                               0x080070bc   Section       40  inv_mpu.o(.constdata)
    .constdata                               0x080070e4   Section     3062  inv_mpu_dmp_motion_driver.o(.constdata)
    dmp_memory                               0x080070e4   Data        3062  inv_mpu_dmp_motion_driver.o(.constdata)
    .constdata                               0x08007cda   Section       16  stm32f4xx_hal_rcc.o(.constdata)
    .constdata                               0x08007cea   Section        8  stm32f4xx_hal_dma.o(.constdata)
    flagBitshiftOffset                       0x08007cea   Data           8  stm32f4xx_hal_dma.o(.constdata)
    .constdata                               0x08007cf8   Section       80  asin.o(.constdata)
    pS                                       0x08007cf8   Data          48  asin.o(.constdata)
    qS                                       0x08007d28   Data          32  asin.o(.constdata)
    .constdata                               0x08007d48   Section      152  atan.o(.constdata)
    atanhi                                   0x08007d48   Data          32  atan.o(.constdata)
    atanlo                                   0x08007d68   Data          32  atan.o(.constdata)
    aTodd                                    0x08007d88   Data          40  atan.o(.constdata)
    aTeven                                   0x08007db0   Data          48  atan.o(.constdata)
    .constdata                               0x08007de0   Section        8  qnan.o(.constdata)
    .conststring                             0x08007de8   Section       77  inv_mpu.o(.conststring)
    .data                                    0x20000000   Section        2  main.o(.data)
    .data                                    0x20000002   Section       10  usart.o(.data)
    .data                                    0x2000000c   Section        4  can.o(.data)
    HAL_RCC_CAN1_CLK_ENABLED                 0x2000000c   Data           4  can.o(.data)
    .data                                    0x20000010   Section       20  stm32f4xx_it.o(.data)
    usart1_runtime_rxlen                     0x20000012   Data           2  stm32f4xx_it.o(.data)
    usart2_runtime_rxlen                     0x20000014   Data           2  stm32f4xx_it.o(.data)
    tim3_count                               0x20000018   Data           4  stm32f4xx_it.o(.data)
    tim4_count                               0x2000001c   Data           4  stm32f4xx_it.o(.data)
    .data                                    0x20000024   Section        5  core.o(.data)
    feed_count                               0x20000024   Data           2  core.o(.data)
    .data                                    0x20000029   Section        1  communi.o(.data)
    .data                                    0x2000002c   Section       16  imu.o(.data)
    .data                                    0x2000003c   Section        8  imu.o(.data)
    .data                                    0x20000048   Section       88  imu.o(.data)
    gyro_filter_cnt                          0x20000048   Data           1  imu.o(.data)
    x_last                                   0x20000070   Data           8  imu.o(.data)
    p_last                                   0x20000078   Data           8  imu.o(.data)
    x_last                                   0x20000080   Data           8  imu.o(.data)
    p_last                                   0x20000088   Data           8  imu.o(.data)
    x_last                                   0x20000090   Data           8  imu.o(.data)
    p_last                                   0x20000098   Data           8  imu.o(.data)
    .data                                    0x200000a0   Section        1  6050.o(.data)
    .data                                    0x200000a4   Section       53  inv_mpu.o(.data)
    st                                       0x200000a4   Data          44  inv_mpu.o(.data)
    gyro_orientation                         0x200000d0   Data           9  inv_mpu.o(.data)
    .data                                    0x200000dc   Section        4  system_stm32f4xx.o(.data)
    .data                                    0x200000e0   Section        4  stm32f4xx_hal.o(.data)
    .data                                    0x200000e4   Section        4  stdout.o(.data)
    .data                                    0x200000e8   Section        4  mvars.o(.data)
    .data                                    0x200000ec   Section        4  mvars.o(.data)
    .data                                    0x200000f0   Section        4  errno.o(.data)
    _errno                                   0x200000f0   Data           4  errno.o(.data)
    .bss                                     0x200000f4   Section      650  usart.o(.bss)
    .bss                                     0x2000037e   Section       18  usart.o(.bss)
    .bss                                     0x20000390   Section       45  usart.o(.bss)
    .bss                                     0x200003c0   Section      180  tim.o(.bss)
    .bss                                     0x20000474   Section      272  can.o(.bss)
    .bss                                     0x20000584   Section       20  communi.o(.bss)
    .bss                                     0x20000598   Section      132  imu.o(.bss)
    .bss                                     0x2000061c   Section       12  imu.o(.bss)
    .bss                                     0x20000628   Section       88  6050.o(.bss)
    .bss                                     0x20000680   Section       16  inv_mpu_dmp_motion_driver.o(.bss)
    dmp                                      0x20000680   Data          16  inv_mpu_dmp_motion_driver.o(.bss)
    HEAP                                     0x20000690   Section      512  startup_stm32f405xx.o(HEAP)
    STACK                                    0x20000890   Section     2048  startup_stm32f405xx.o(STACK)

    Global Symbols

    Symbol Name                              Value     Ov Type        Size  Object(Section)

    BuildAttributes$$THM_ISAv4$E$P$D$K$B$S$7EM$VFPi3$EXTD16$VFPS$VFMA$PE$A:L22UL41UL21$X:L11$S22US41US21$IEEE1$IW$USESV6$~STKCKD$USESV7$~SHL$OTIME$ROPI$IEEEX$EBA8$MICROLIB$REQ8$PRES8$EABIv2 0x00000000   Number         0  anon$$obj.o ABSOLUTE
    __ARM_use_no_argv                        0x00000000   Number         0  main.o ABSOLUTE
    _printf_a                                0x00000000   Number         0  stubs.o ABSOLUTE
    _printf_c                                0x00000000   Number         0  stubs.o ABSOLUTE
    _printf_charcount                        0x00000000   Number         0  stubs.o ABSOLUTE
    _printf_d                                0x00000000   Number         0  stubs.o ABSOLUTE
    _printf_e                                0x00000000   Number         0  stubs.o ABSOLUTE
    _printf_f                                0x00000000   Number         0  stubs.o ABSOLUTE
    _printf_flags                            0x00000000   Number         0  stubs.o ABSOLUTE
    _printf_fp_dec                           0x00000000   Number         0  stubs.o ABSOLUTE
    _printf_fp_hex                           0x00000000   Number         0  stubs.o ABSOLUTE
    _printf_g                                0x00000000   Number         0  stubs.o ABSOLUTE
    _printf_i                                0x00000000   Number         0  stubs.o ABSOLUTE
    _printf_int_dec                          0x00000000   Number         0  stubs.o ABSOLUTE
    _printf_l                                0x00000000   Number         0  stubs.o ABSOLUTE
    _printf_lc                               0x00000000   Number         0  stubs.o ABSOLUTE
    _printf_ll                               0x00000000   Number         0  stubs.o ABSOLUTE
    _printf_lld                              0x00000000   Number         0  stubs.o ABSOLUTE
    _printf_lli                              0x00000000   Number         0  stubs.o ABSOLUTE
    _printf_llo                              0x00000000   Number         0  stubs.o ABSOLUTE
    _printf_llu                              0x00000000   Number         0  stubs.o ABSOLUTE
    _printf_llx                              0x00000000   Number         0  stubs.o ABSOLUTE
    _printf_longlong_dec                     0x00000000   Number         0  stubs.o ABSOLUTE
    _printf_longlong_hex                     0x00000000   Number         0  stubs.o ABSOLUTE
    _printf_longlong_oct                     0x00000000   Number         0  stubs.o ABSOLUTE
    _printf_ls                               0x00000000   Number         0  stubs.o ABSOLUTE
    _printf_mbtowc                           0x00000000   Number         0  stubs.o ABSOLUTE
    _printf_n                                0x00000000   Number         0  stubs.o ABSOLUTE
    _printf_o                                0x00000000   Number         0  stubs.o ABSOLUTE
    _printf_p                                0x00000000   Number         0  stubs.o ABSOLUTE
    _printf_percent                          0x00000000   Number         0  stubs.o ABSOLUTE
    _printf_pre_padding                      0x00000000   Number         0  stubs.o ABSOLUTE
    _printf_return_value                     0x00000000   Number         0  stubs.o ABSOLUTE
    _printf_s                                0x00000000   Number         0  stubs.o ABSOLUTE
    _printf_sizespec                         0x00000000   Number         0  stubs.o ABSOLUTE
    _printf_str                              0x00000000   Number         0  stubs.o ABSOLUTE
    _printf_truncate_signed                  0x00000000   Number         0  stubs.o ABSOLUTE
    _printf_truncate_unsigned                0x00000000   Number         0  stubs.o ABSOLUTE
    _printf_u                                0x00000000   Number         0  stubs.o ABSOLUTE
    _printf_wc                               0x00000000   Number         0  stubs.o ABSOLUTE
    _printf_wctomb                           0x00000000   Number         0  stubs.o ABSOLUTE
    _printf_widthprec                        0x00000000   Number         0  stubs.o ABSOLUTE
    _printf_x                                0x00000000   Number         0  stubs.o ABSOLUTE
    __cpp_initialize__aeabi_                  - Undefined Weak Reference
    __cxa_finalize                            - Undefined Weak Reference
    __decompress                              - Undefined Weak Reference
    _clock_init                               - Undefined Weak Reference
    _microlib_exit                            - Undefined Weak Reference
    __Vectors_Size                           0x00000188   Number         0  startup_stm32f405xx.o ABSOLUTE
    __Vectors                                0x08000000   Data           4  startup_stm32f405xx.o(RESET)
    __Vectors_End                            0x08000188   Data           0  startup_stm32f405xx.o(RESET)
    __main                                   0x08000189   Thumb Code     0  entry.o(.ARM.Collect$$$$00000000)
    _main_stk                                0x08000189   Thumb Code     0  entry2.o(.ARM.Collect$$$$00000001)
    _main_scatterload                        0x0800018d   Thumb Code     0  entry5.o(.ARM.Collect$$$$00000004)
    __main_after_scatterload                 0x08000191   Thumb Code     0  entry5.o(.ARM.Collect$$$$00000004)
    _main_clock                              0x08000191   Thumb Code     0  entry7b.o(.ARM.Collect$$$$00000008)
    _main_cpp_init                           0x08000191   Thumb Code     0  entry8b.o(.ARM.Collect$$$$0000000A)
    _main_init                               0x08000191   Thumb Code     0  entry9a.o(.ARM.Collect$$$$0000000B)
    __rt_final_cpp                           0x08000199   Thumb Code     0  entry10a.o(.ARM.Collect$$$$0000000D)
    __rt_final_exit                          0x08000199   Thumb Code     0  entry11a.o(.ARM.Collect$$$$0000000F)
    Reset_Handler                            0x0800019d   Thumb Code     8  startup_stm32f405xx.o(.text)
    SVC_Handler                              0x080001af   Thumb Code     2  startup_stm32f405xx.o(.text)
    PendSV_Handler                           0x080001b3   Thumb Code     2  startup_stm32f405xx.o(.text)
    ADC_IRQHandler                           0x080001b7   Thumb Code     0  startup_stm32f405xx.o(.text)
    CAN1_RX1_IRQHandler                      0x080001b7   Thumb Code     0  startup_stm32f405xx.o(.text)
    CAN1_SCE_IRQHandler                      0x080001b7   Thumb Code     0  startup_stm32f405xx.o(.text)
    CAN2_RX1_IRQHandler                      0x080001b7   Thumb Code     0  startup_stm32f405xx.o(.text)
    CAN2_SCE_IRQHandler                      0x080001b7   Thumb Code     0  startup_stm32f405xx.o(.text)
    DMA1_Stream0_IRQHandler                  0x080001b7   Thumb Code     0  startup_stm32f405xx.o(.text)
    DMA1_Stream2_IRQHandler                  0x080001b7   Thumb Code     0  startup_stm32f405xx.o(.text)
    DMA1_Stream4_IRQHandler                  0x080001b7   Thumb Code     0  startup_stm32f405xx.o(.text)
    DMA1_Stream7_IRQHandler                  0x080001b7   Thumb Code     0  startup_stm32f405xx.o(.text)
    DMA2_Stream0_IRQHandler                  0x080001b7   Thumb Code     0  startup_stm32f405xx.o(.text)
    DMA2_Stream1_IRQHandler                  0x080001b7   Thumb Code     0  startup_stm32f405xx.o(.text)
    DMA2_Stream2_IRQHandler                  0x080001b7   Thumb Code     0  startup_stm32f405xx.o(.text)
    DMA2_Stream3_IRQHandler                  0x080001b7   Thumb Code     0  startup_stm32f405xx.o(.text)
    DMA2_Stream4_IRQHandler                  0x080001b7   Thumb Code     0  startup_stm32f405xx.o(.text)
    DMA2_Stream6_IRQHandler                  0x080001b7   Thumb Code     0  startup_stm32f405xx.o(.text)
    DMA2_Stream7_IRQHandler                  0x080001b7   Thumb Code     0  startup_stm32f405xx.o(.text)
    EXTI0_IRQHandler                         0x080001b7   Thumb Code     0  startup_stm32f405xx.o(.text)
    EXTI15_10_IRQHandler                     0x080001b7   Thumb Code     0  startup_stm32f405xx.o(.text)
    EXTI1_IRQHandler                         0x080001b7   Thumb Code     0  startup_stm32f405xx.o(.text)
    EXTI2_IRQHandler                         0x080001b7   Thumb Code     0  startup_stm32f405xx.o(.text)
    EXTI3_IRQHandler                         0x080001b7   Thumb Code     0  startup_stm32f405xx.o(.text)
    EXTI4_IRQHandler                         0x080001b7   Thumb Code     0  startup_stm32f405xx.o(.text)
    EXTI9_5_IRQHandler                       0x080001b7   Thumb Code     0  startup_stm32f405xx.o(.text)
    FLASH_IRQHandler                         0x080001b7   Thumb Code     0  startup_stm32f405xx.o(.text)
    FMC_IRQHandler                           0x080001b7   Thumb Code     0  startup_stm32f405xx.o(.text)
    FPU_IRQHandler                           0x080001b7   Thumb Code     0  startup_stm32f405xx.o(.text)
    HASH_RNG_IRQHandler                      0x080001b7   Thumb Code     0  startup_stm32f405xx.o(.text)
    I2C1_ER_IRQHandler                       0x080001b7   Thumb Code     0  startup_stm32f405xx.o(.text)
    I2C1_EV_IRQHandler                       0x080001b7   Thumb Code     0  startup_stm32f405xx.o(.text)
    I2C2_ER_IRQHandler                       0x080001b7   Thumb Code     0  startup_stm32f405xx.o(.text)
    I2C2_EV_IRQHandler                       0x080001b7   Thumb Code     0  startup_stm32f405xx.o(.text)
    I2C3_ER_IRQHandler                       0x080001b7   Thumb Code     0  startup_stm32f405xx.o(.text)
    I2C3_EV_IRQHandler                       0x080001b7   Thumb Code     0  startup_stm32f405xx.o(.text)
    OTG_FS_IRQHandler                        0x080001b7   Thumb Code     0  startup_stm32f405xx.o(.text)
    OTG_FS_WKUP_IRQHandler                   0x080001b7   Thumb Code     0  startup_stm32f405xx.o(.text)
    OTG_HS_EP1_IN_IRQHandler                 0x080001b7   Thumb Code     0  startup_stm32f405xx.o(.text)
    OTG_HS_EP1_OUT_IRQHandler                0x080001b7   Thumb Code     0  startup_stm32f405xx.o(.text)
    OTG_HS_IRQHandler                        0x080001b7   Thumb Code     0  startup_stm32f405xx.o(.text)
    OTG_HS_WKUP_IRQHandler                   0x080001b7   Thumb Code     0  startup_stm32f405xx.o(.text)
    PVD_IRQHandler                           0x080001b7   Thumb Code     0  startup_stm32f405xx.o(.text)
    RCC_IRQHandler                           0x080001b7   Thumb Code     0  startup_stm32f405xx.o(.text)
    RTC_Alarm_IRQHandler                     0x080001b7   Thumb Code     0  startup_stm32f405xx.o(.text)
    RTC_WKUP_IRQHandler                      0x080001b7   Thumb Code     0  startup_stm32f405xx.o(.text)
    SDIO_IRQHandler                          0x080001b7   Thumb Code     0  startup_stm32f405xx.o(.text)
    SPI1_IRQHandler                          0x080001b7   Thumb Code     0  startup_stm32f405xx.o(.text)
    SPI2_IRQHandler                          0x080001b7   Thumb Code     0  startup_stm32f405xx.o(.text)
    SPI3_IRQHandler                          0x080001b7   Thumb Code     0  startup_stm32f405xx.o(.text)
    TAMP_STAMP_IRQHandler                    0x080001b7   Thumb Code     0  startup_stm32f405xx.o(.text)
    TIM1_BRK_TIM9_IRQHandler                 0x080001b7   Thumb Code     0  startup_stm32f405xx.o(.text)
    TIM1_CC_IRQHandler                       0x080001b7   Thumb Code     0  startup_stm32f405xx.o(.text)
    TIM1_TRG_COM_TIM11_IRQHandler            0x080001b7   Thumb Code     0  startup_stm32f405xx.o(.text)
    TIM1_UP_TIM10_IRQHandler                 0x080001b7   Thumb Code     0  startup_stm32f405xx.o(.text)
    TIM5_IRQHandler                          0x080001b7   Thumb Code     0  startup_stm32f405xx.o(.text)
    TIM6_DAC_IRQHandler                      0x080001b7   Thumb Code     0  startup_stm32f405xx.o(.text)
    TIM7_IRQHandler                          0x080001b7   Thumb Code     0  startup_stm32f405xx.o(.text)
    TIM8_BRK_TIM12_IRQHandler                0x080001b7   Thumb Code     0  startup_stm32f405xx.o(.text)
    TIM8_CC_IRQHandler                       0x080001b7   Thumb Code     0  startup_stm32f405xx.o(.text)
    TIM8_TRG_COM_TIM14_IRQHandler            0x080001b7   Thumb Code     0  startup_stm32f405xx.o(.text)
    TIM8_UP_TIM13_IRQHandler                 0x080001b7   Thumb Code     0  startup_stm32f405xx.o(.text)
    UART4_IRQHandler                         0x080001b7   Thumb Code     0  startup_stm32f405xx.o(.text)
    UART5_IRQHandler                         0x080001b7   Thumb Code     0  startup_stm32f405xx.o(.text)
    USART6_IRQHandler                        0x080001b7   Thumb Code     0  startup_stm32f405xx.o(.text)
    WWDG_IRQHandler                          0x080001b7   Thumb Code     0  startup_stm32f405xx.o(.text)
    __aeabi_ldivmod                          0x080001c1   Thumb Code    98  ldiv.o(.text)
    __aeabi_memcpy                           0x08000223   Thumb Code    36  memcpya.o(.text)
    __aeabi_memcpy4                          0x08000223   Thumb Code     0  memcpya.o(.text)
    __aeabi_memcpy8                          0x08000223   Thumb Code     0  memcpya.o(.text)
    __aeabi_memset                           0x08000247   Thumb Code    14  memseta.o(.text)
    __aeabi_memset4                          0x08000247   Thumb Code     0  memseta.o(.text)
    __aeabi_memset8                          0x08000247   Thumb Code     0  memseta.o(.text)
    __aeabi_memclr                           0x08000255   Thumb Code     4  memseta.o(.text)
    __aeabi_memclr4                          0x08000255   Thumb Code     0  memseta.o(.text)
    __aeabi_memclr8                          0x08000255   Thumb Code     0  memseta.o(.text)
    _memset$wrapper                          0x08000259   Thumb Code    18  memseta.o(.text)
    memcmp                                   0x0800026b   Thumb Code    26  memcmp.o(.text)
    __aeabi_dadd                             0x08000285   Thumb Code   322  dadd.o(.text)
    __aeabi_dsub                             0x080003c7   Thumb Code     6  dadd.o(.text)
    __aeabi_drsub                            0x080003cd   Thumb Code     6  dadd.o(.text)
    __aeabi_dmul                             0x080003d3   Thumb Code   228  dmul.o(.text)
    __aeabi_ddiv                             0x080004b7   Thumb Code   222  ddiv.o(.text)
    __aeabi_i2d                              0x08000595   Thumb Code    34  dflti.o(.text)
    __aeabi_d2iz                             0x080005b7   Thumb Code    62  dfixi.o(.text)
    __aeabi_f2d                              0x080005f5   Thumb Code    38  f2d.o(.text)
    __aeabi_d2f                              0x0800061b   Thumb Code    56  d2f.o(.text)
    __aeabi_uldivmod                         0x08000653   Thumb Code    98  uldiv.o(.text)
    __aeabi_llsl                             0x080006b5   Thumb Code    30  llshl.o(.text)
    _ll_shift_l                              0x080006b5   Thumb Code     0  llshl.o(.text)
    __aeabi_llsr                             0x080006d3   Thumb Code    32  llushr.o(.text)
    _ll_ushift_r                             0x080006d3   Thumb Code     0  llushr.o(.text)
    __aeabi_lasr                             0x080006f3   Thumb Code    36  llsshr.o(.text)
    _ll_sshift_r                             0x080006f3   Thumb Code     0  llsshr.o(.text)
    __I$use$fp                               0x08000717   Thumb Code     0  iusefp.o(.text)
    _float_round                             0x08000717   Thumb Code    18  fepilogue.o(.text)
    _float_epilogue                          0x08000729   Thumb Code    92  fepilogue.o(.text)
    _double_round                            0x08000785   Thumb Code    30  depilogue.o(.text)
    _double_epilogue                         0x080007a3   Thumb Code   156  depilogue.o(.text)
    __scatterload                            0x08000841   Thumb Code    28  init.o(.text)
    __scatterload_rt2                        0x08000841   Thumb Code     0  init.o(.text)
    __I$use$semihosting$fputc                0x08000865   Thumb Code     0  iusesemip.o(.text)
    __semihosting_library_function           0x08000865   Thumb Code     0  semi.o(.text)
    _dsqrt                                   0x08000865   Thumb Code   162  dsqrt.o(.text)
    BusFault_Handler                         0x08000907   Thumb Code     2  stm32f4xx_it.o(i.BusFault_Handler)
    CAN1_RX0_IRQHandler                      0x08000909   Thumb Code     6  stm32f4xx_it.o(i.CAN1_RX0_IRQHandler)
    CAN1_TX_IRQHandler                       0x08000915   Thumb Code     6  stm32f4xx_it.o(i.CAN1_TX_IRQHandler)
    CAN2_RX0_IRQHandler                      0x08000921   Thumb Code     6  stm32f4xx_it.o(i.CAN2_RX0_IRQHandler)
    CAN2_TX_IRQHandler                       0x0800092d   Thumb Code     6  stm32f4xx_it.o(i.CAN2_TX_IRQHandler)
    Core_Task                                0x08000ac1   Thumb Code   122  core.o(i.Core_Task)
    DMA1_Stream1_IRQHandler                  0x08000b61   Thumb Code     6  stm32f4xx_it.o(i.DMA1_Stream1_IRQHandler)
    DMA1_Stream3_IRQHandler                  0x08000b6d   Thumb Code     6  stm32f4xx_it.o(i.DMA1_Stream3_IRQHandler)
    DMA1_Stream5_IRQHandler                  0x08000b79   Thumb Code     6  stm32f4xx_it.o(i.DMA1_Stream5_IRQHandler)
    DMA1_Stream6_IRQHandler                  0x08000b85   Thumb Code   114  stm32f4xx_it.o(i.DMA1_Stream6_IRQHandler)
    DMA2_Stream5_IRQHandler                  0x08000c09   Thumb Code     6  stm32f4xx_it.o(i.DMA2_Stream5_IRQHandler)
    DebugMon_Handler                         0x08000c65   Thumb Code     2  stm32f4xx_it.o(i.DebugMon_Handler)
    Gyro_OFFEST                              0x08000c69   Thumb Code   182  6050.o(i.Gyro_OFFEST)
    HAL_CAN_ConfigFilter                     0x08000d29   Thumb Code   218  stm32f4xx_hal_can.o(i.HAL_CAN_ConfigFilter)
    HAL_CAN_ErrorCallback                    0x08000e0d   Thumb Code     2  stm32f4xx_hal_can.o(i.HAL_CAN_ErrorCallback)
    HAL_CAN_IRQHandler                       0x08000e11   Thumb Code   370  stm32f4xx_hal_can.o(i.HAL_CAN_IRQHandler)
    HAL_CAN_Init                             0x08000f91   Thumb Code   328  stm32f4xx_hal_can.o(i.HAL_CAN_Init)
    HAL_CAN_MspInit                          0x080010d9   Thumb Code   188  can.o(i.HAL_CAN_MspInit)
    HAL_CAN_RxCpltCallback                   0x080011ad   Thumb Code   102  can.o(i.HAL_CAN_RxCpltCallback)
    HAL_CAN_Transmit                         0x08001221   Thumb Code   390  stm32f4xx_hal_can.o(i.HAL_CAN_Transmit)
    HAL_CAN_TxCpltCallback                   0x080013b5   Thumb Code     2  stm32f4xx_hal_can.o(i.HAL_CAN_TxCpltCallback)
    HAL_DMA_IRQHandler                       0x080013b9   Thumb Code   412  stm32f4xx_hal_dma.o(i.HAL_DMA_IRQHandler)
    HAL_DMA_Init                             0x08001559   Thumb Code   116  stm32f4xx_hal_dma.o(i.HAL_DMA_Init)
    HAL_DMA_Start_IT                         0x080015d1   Thumb Code    78  stm32f4xx_hal_dma.o(i.HAL_DMA_Start_IT)
    HAL_GPIO_Init                            0x08001621   Thumb Code   398  stm32f4xx_hal_gpio.o(i.HAL_GPIO_Init)
    HAL_GPIO_ReadPin                         0x080017e1   Thumb Code    10  stm32f4xx_hal_gpio.o(i.HAL_GPIO_ReadPin)
    HAL_GPIO_TogglePin                       0x080017eb   Thumb Code     8  stm32f4xx_hal_gpio.o(i.HAL_GPIO_TogglePin)
    HAL_GPIO_WritePin                        0x080017f3   Thumb Code    10  stm32f4xx_hal_gpio.o(i.HAL_GPIO_WritePin)
    HAL_GetTick                              0x080017fd   Thumb Code     6  stm32f4xx_hal.o(i.HAL_GetTick)
    HAL_IncTick                              0x08001809   Thumb Code    10  stm32f4xx_hal.o(i.HAL_IncTick)
    HAL_Init                                 0x08001819   Thumb Code    48  stm32f4xx_hal.o(i.HAL_Init)
    HAL_InitTick                             0x0800184d   Thumb Code    34  stm32f4xx_hal.o(i.HAL_InitTick)
    HAL_MspInit                              0x0800186f   Thumb Code    68  stm32f4xx_hal_msp.o(i.HAL_MspInit)
    HAL_NVIC_EnableIRQ                       0x080018b3   Thumb Code    22  stm32f4xx_hal_cortex.o(i.HAL_NVIC_EnableIRQ)
    HAL_NVIC_SetPriority                     0x080018c9   Thumb Code    60  stm32f4xx_hal_cortex.o(i.HAL_NVIC_SetPriority)
    HAL_NVIC_SetPriorityGrouping             0x08001909   Thumb Code    26  stm32f4xx_hal_cortex.o(i.HAL_NVIC_SetPriorityGrouping)
    HAL_RCC_ClockConfig                      0x0800192d   Thumb Code   312  stm32f4xx_hal_rcc.o(i.HAL_RCC_ClockConfig)
    HAL_RCC_GetHCLKFreq                      0x08001a6d   Thumb Code    38  stm32f4xx_hal_rcc.o(i.HAL_RCC_GetHCLKFreq)
    HAL_RCC_GetPCLK1Freq                     0x08001aa1   Thumb Code    36  stm32f4xx_hal_rcc.o(i.HAL_RCC_GetPCLK1Freq)
    HAL_RCC_GetPCLK2Freq                     0x08001acd   Thumb Code    36  stm32f4xx_hal_rcc.o(i.HAL_RCC_GetPCLK2Freq)
    HAL_RCC_GetSysClockFreq                  0x08001af9   Thumb Code   104  stm32f4xx_hal_rcc.o(i.HAL_RCC_GetSysClockFreq)
    HAL_RCC_OscConfig                        0x08001b69   Thumb Code   722  stm32f4xx_hal_rcc.o(i.HAL_RCC_OscConfig)
    HAL_SYSTICK_CLKSourceConfig              0x08001e4d   Thumb Code    24  stm32f4xx_hal_cortex.o(i.HAL_SYSTICK_CLKSourceConfig)
    HAL_SYSTICK_Callback                     0x08001e65   Thumb Code     2  stm32f4xx_hal_cortex.o(i.HAL_SYSTICK_Callback)
    HAL_SYSTICK_Config                       0x08001e67   Thumb Code    40  stm32f4xx_hal_cortex.o(i.HAL_SYSTICK_Config)
    HAL_SYSTICK_IRQHandler                   0x08001e8f   Thumb Code     8  stm32f4xx_hal_cortex.o(i.HAL_SYSTICK_IRQHandler)
    HAL_TIMEx_BreakCallback                  0x08001e97   Thumb Code     2  stm32f4xx_hal_tim_ex.o(i.HAL_TIMEx_BreakCallback)
    HAL_TIMEx_CommutationCallback            0x08001e99   Thumb Code     2  stm32f4xx_hal_tim_ex.o(i.HAL_TIMEx_CommutationCallback)
    HAL_TIMEx_MasterConfigSynchronization    0x08001e9b   Thumb Code    80  stm32f4xx_hal_tim_ex.o(i.HAL_TIMEx_MasterConfigSynchronization)
    HAL_TIM_Base_Init                        0x08001eeb   Thumb Code    54  stm32f4xx_hal_tim.o(i.HAL_TIM_Base_Init)
    HAL_TIM_Base_MspInit                     0x08001f21   Thumb Code   108  tim.o(i.HAL_TIM_Base_MspInit)
    HAL_TIM_ConfigClockSource                0x08001f99   Thumb Code   242  stm32f4xx_hal_tim.o(i.HAL_TIM_ConfigClockSource)
    HAL_TIM_IC_CaptureCallback               0x0800208b   Thumb Code     2  stm32f4xx_hal_tim.o(i.HAL_TIM_IC_CaptureCallback)
    HAL_TIM_IRQHandler                       0x0800208d   Thumb Code   358  stm32f4xx_hal_tim.o(i.HAL_TIM_IRQHandler)
    HAL_TIM_OC_DelayElapsedCallback          0x080021f3   Thumb Code     2  stm32f4xx_hal_tim.o(i.HAL_TIM_OC_DelayElapsedCallback)
    HAL_TIM_PWM_PulseFinishedCallback        0x080021f5   Thumb Code     2  stm32f4xx_hal_tim.o(i.HAL_TIM_PWM_PulseFinishedCallback)
    HAL_TIM_PeriodElapsedCallback            0x080021f7   Thumb Code     2  stm32f4xx_hal_tim.o(i.HAL_TIM_PeriodElapsedCallback)
    HAL_TIM_TriggerCallback                  0x080021f9   Thumb Code     2  stm32f4xx_hal_tim.o(i.HAL_TIM_TriggerCallback)
    HAL_UART_ErrorCallback                   0x080021fb   Thumb Code     2  stm32f4xx_hal_uart.o(i.HAL_UART_ErrorCallback)
    HAL_UART_IRQHandler                      0x080021fd   Thumb Code   232  stm32f4xx_hal_uart.o(i.HAL_UART_IRQHandler)
    HAL_UART_Init                            0x080022e5   Thumb Code    98  stm32f4xx_hal_uart.o(i.HAL_UART_Init)
    HAL_UART_MspInit                         0x08002349   Thumb Code   458  usart.o(i.HAL_UART_MspInit)
    HAL_UART_Receive_DMA                     0x0800253d   Thumb Code   106  stm32f4xx_hal_uart.o(i.HAL_UART_Receive_DMA)
    HAL_UART_RxCpltCallback                  0x080025b5   Thumb Code     2  stm32f4xx_hal_uart.o(i.HAL_UART_RxCpltCallback)
    HAL_UART_RxHalfCpltCallback              0x080025b7   Thumb Code     2  stm32f4xx_hal_uart.o(i.HAL_UART_RxHalfCpltCallback)
    HAL_UART_Transmit_DMA                    0x080025b9   Thumb Code   110  stm32f4xx_hal_uart.o(i.HAL_UART_Transmit_DMA)
    HAL_UART_TxCpltCallback                  0x08002635   Thumb Code     2  stm32f4xx_hal_uart.o(i.HAL_UART_TxCpltCallback)
    HAL_UART_TxHalfCpltCallback              0x08002637   Thumb Code     2  stm32f4xx_hal_uart.o(i.HAL_UART_TxHalfCpltCallback)
    HardFault_Handler                        0x08002639   Thumb Code     2  stm32f4xx_it.o(i.HardFault_Handler)
    I2C_NoAck                                0x0800263d   Thumb Code    68  i2c.o(i.I2C_NoAck)
    I2C_RadeByte                             0x08002685   Thumb Code   100  i2c.o(i.I2C_RadeByte)
    I2C_SendByte                             0x080026ed   Thumb Code    90  i2c.o(i.I2C_SendByte)
    I2C_Start                                0x0800274d   Thumb Code    88  i2c.o(i.I2C_Start)
    I2C_Stop                                 0x080027a9   Thumb Code    70  i2c.o(i.I2C_Stop)
    I2C_WaitAck                              0x080027f5   Thumb Code    96  i2c.o(i.I2C_WaitAck)
    I2C_delay                                0x08002859   Thumb Code     8  i2c.o(i.I2C_delay)
    IIC_Ack                                  0x08002861   Thumb Code    56  myiic.o(i.IIC_Ack)
    IIC_Init                                 0x080028a1   Thumb Code    54  i2c.o(i.IIC_Init)
    IIC_NAck                                 0x080028dd   Thumb Code    56  myiic.o(i.IIC_NAck)
    IIC_Read_Byte                            0x0800291d   Thumb Code    96  myiic.o(i.IIC_Read_Byte)
    IIC_Send_Byte                            0x08002985   Thumb Code    86  myiic.o(i.IIC_Send_Byte)
    IIC_Start                                0x080029e5   Thumb Code    56  myiic.o(i.IIC_Start)
    IIC_Stop                                 0x08002a25   Thumb Code    58  myiic.o(i.IIC_Stop)
    IIC_Wait_Ack                             0x08002a69   Thumb Code    74  myiic.o(i.IIC_Wait_Ack)
    IMUupdate                                0x08002abd   Thumb Code   740  imu.o(i.IMUupdate)
    InitMPU6050                              0x08002dc1   Thumb Code   160  6050.o(i.InitMPU6050)
    MPU6050_Read                             0x0800305d   Thumb Code   126  6050.o(i.MPU6050_Read)
    MPU_Read_Len                             0x080030e1   Thumb Code   108  mpu6050.o(i.MPU_Read_Len)
    MPU_Write_Len                            0x0800314d   Thumb Code    82  mpu6050.o(i.MPU_Write_Len)
    MX_CAN1_Init                             0x080031a1   Thumb Code   106  can.o(i.MX_CAN1_Init)
    MX_CAN2_Init                             0x08003215   Thumb Code    84  can.o(i.MX_CAN2_Init)
    MX_DMA_Init                              0x08003271   Thumb Code    56  dma.o(i.MX_DMA_Init)
    MX_GPIO_Init                             0x080032ad   Thumb Code    54  gpio.o(i.MX_GPIO_Init)
    MX_TIM2_Init                             0x080032e9   Thumb Code    72  tim.o(i.MX_TIM2_Init)
    MX_TIM3_Init                             0x08003335   Thumb Code    80  tim.o(i.MX_TIM3_Init)
    MX_TIM4_Init                             0x0800338d   Thumb Code    82  tim.o(i.MX_TIM4_Init)
    MX_USART1_UART_Init                      0x080033e9   Thumb Code    30  usart.o(i.MX_USART1_UART_Init)
    MX_USART2_UART_Init                      0x08003415   Thumb Code    32  usart.o(i.MX_USART2_UART_Init)
    MX_USART3_UART_Init                      0x0800343d   Thumb Code    32  usart.o(i.MX_USART3_UART_Init)
    MemManage_Handler                        0x08003465   Thumb Code     2  stm32f4xx_it.o(i.MemManage_Handler)
    NMI_Handler                              0x08003467   Thumb Code     2  stm32f4xx_it.o(i.NMI_Handler)
    Readremote                               0x08003489   Thumb Code   126  communi.o(i.Readremote)
    RemoteFeed                               0x08003511   Thumb Code    22  core.o(i.RemoteFeed)
    Remote_rx_start                          0x0800352d   Thumb Code    34  usart.o(i.Remote_rx_start)
    Single_Read                              0x08003559   Thumb Code    78  i2c.o(i.Single_Read)
    Single_Write                             0x080035a7   Thumb Code    68  i2c.o(i.Single_Write)
    SysTick_Handler                          0x080035eb   Thumb Code    14  stm32f4xx_it.o(i.SysTick_Handler)
    SystemClock_Config                       0x080035f9   Thumb Code   136  main.o(i.SystemClock_Config)
    SystemInit                               0x08003689   Thumb Code    66  system_stm32f4xx.o(i.SystemInit)
    TIM2_IRQHandler                          0x080036dd   Thumb Code     6  stm32f4xx_it.o(i.TIM2_IRQHandler)
    TIM3_IRQHandler                          0x080036e9   Thumb Code    14  stm32f4xx_it.o(i.TIM3_IRQHandler)
    TIM4_IRQHandler                          0x08003701   Thumb Code    78  stm32f4xx_it.o(i.TIM4_IRQHandler)
    TIM_Base_SetConfig                       0x08003761   Thumb Code   148  stm32f4xx_hal_tim.o(i.TIM_Base_SetConfig)
    USART1_IRQHandler                        0x08003cbd   Thumb Code    92  stm32f4xx_it.o(i.USART1_IRQHandler)
    USART2_IRQHandler                        0x08003d31   Thumb Code    64  stm32f4xx_it.o(i.USART2_IRQHandler)
    USART3_IRQHandler                        0x08003d7d   Thumb Code     6  stm32f4xx_it.o(i.USART3_IRQHandler)
    UsageFault_Handler                       0x08003d89   Thumb Code     2  stm32f4xx_it.o(i.UsageFault_Handler)
    Usart2_rx_start                          0x08003d8d   Thumb Code    32  usart.o(i.Usart2_rx_start)
    Usart_Tx                                 0x08003db5   Thumb Code   324  core.o(i.Usart_Tx)
    __0printf$8                              0x08003f0d   Thumb Code    22  printf8.o(i.__0printf$8)
    __1printf$8                              0x08003f0d   Thumb Code     0  printf8.o(i.__0printf$8)
    __2printf                                0x08003f0d   Thumb Code     0  printf8.o(i.__0printf$8)
    __ARM_fpclassify                         0x08003f2d   Thumb Code    48  fpclassify.o(i.__ARM_fpclassify)
    __hardfp_asin                            0x08003f61   Thumb Code   770  asin.o(i.__hardfp_asin)
    __hardfp_atan                            0x080042c1   Thumb Code   622  atan.o(i.__hardfp_atan)
    __hardfp_atan2                           0x08004599   Thumb Code   432  atan2.o(i.__hardfp_atan2)
    __kernel_poly                            0x08004789   Thumb Code   248  poly.o(i.__kernel_poly)
    __mathlib_dbl_infnan                     0x08004881   Thumb Code    20  dunder.o(i.__mathlib_dbl_infnan)
    __mathlib_dbl_infnan2                    0x08004895   Thumb Code    20  dunder.o(i.__mathlib_dbl_infnan2)
    __mathlib_dbl_invalid                    0x080048a9   Thumb Code    24  dunder.o(i.__mathlib_dbl_invalid)
    __mathlib_dbl_underflow                  0x080048c9   Thumb Code    24  dunder.o(i.__mathlib_dbl_underflow)
    __scatterload_copy                       0x080048e9   Thumb Code    14  handlers.o(i.__scatterload_copy)
    __scatterload_null                       0x080048f7   Thumb Code     2  handlers.o(i.__scatterload_null)
    __scatterload_zeroinit                   0x080048f9   Thumb Code    14  handlers.o(i.__scatterload_zeroinit)
    __set_errno                              0x08004909   Thumb Code     6  errno.o(i.__set_errno)
    atan                                     0x08004e09   Thumb Code    16  atan.o(i.atan)
    can_send_msg                             0x08004e19   Thumb Code   110  can.o(i.can_send_msg)
    delay5ms                                 0x08004e87   Thumb Code    10  i2c.o(i.delay5ms)
    delayms                                  0x08004e91   Thumb Code    12  6050.o(i.delayms)
    delayus                                  0x08004e9d   Thumb Code    14  6050.o(i.delayus)
    dmp_enable_6x_lp_quat                    0x08004eab   Thumb Code    58  inv_mpu_dmp_motion_driver.o(i.dmp_enable_6x_lp_quat)
    dmp_enable_feature                       0x08004ee5   Thumb Code   464  inv_mpu_dmp_motion_driver.o(i.dmp_enable_feature)
    dmp_enable_gyro_cal                      0x080050bd   Thumb Code    34  inv_mpu_dmp_motion_driver.o(i.dmp_enable_gyro_cal)
    dmp_enable_lp_quat                       0x080050f9   Thumb Code    58  inv_mpu_dmp_motion_driver.o(i.dmp_enable_lp_quat)
    dmp_load_motion_driver_firmware          0x08005135   Thumb Code    16  inv_mpu_dmp_motion_driver.o(i.dmp_load_motion_driver_firmware)
    dmp_read_fifo                            0x08005149   Thumb Code   324  inv_mpu_dmp_motion_driver.o(i.dmp_read_fifo)
    dmp_set_accel_bias                       0x08005291   Thumb Code   210  inv_mpu_dmp_motion_driver.o(i.dmp_set_accel_bias)
    dmp_set_fifo_rate                        0x08005369   Thumb Code    82  inv_mpu_dmp_motion_driver.o(i.dmp_set_fifo_rate)
    dmp_set_gyro_bias                        0x080053cd   Thumb Code   196  inv_mpu_dmp_motion_driver.o(i.dmp_set_gyro_bias)
    dmp_set_orientation                      0x08005499   Thumb Code   246  inv_mpu_dmp_motion_driver.o(i.dmp_set_orientation)
    dmp_set_shake_reject_thresh              0x080055a5   Thumb Code    48  inv_mpu_dmp_motion_driver.o(i.dmp_set_shake_reject_thresh)
    dmp_set_shake_reject_time                0x080055d5   Thumb Code    32  inv_mpu_dmp_motion_driver.o(i.dmp_set_shake_reject_time)
    dmp_set_shake_reject_timeout             0x080055f5   Thumb Code    32  inv_mpu_dmp_motion_driver.o(i.dmp_set_shake_reject_timeout)
    dmp_set_tap_axes                         0x08005615   Thumb Code    64  inv_mpu_dmp_motion_driver.o(i.dmp_set_tap_axes)
    dmp_set_tap_count                        0x08005655   Thumb Code    34  inv_mpu_dmp_motion_driver.o(i.dmp_set_tap_count)
    dmp_set_tap_thresh                       0x08005679   Thumb Code   314  inv_mpu_dmp_motion_driver.o(i.dmp_set_tap_thresh)
    dmp_set_tap_time                         0x080057d9   Thumb Code    32  inv_mpu_dmp_motion_driver.o(i.dmp_set_tap_time)
    dmp_set_tap_time_multi                   0x080057f9   Thumb Code    32  inv_mpu_dmp_motion_driver.o(i.dmp_set_tap_time_multi)
    fabs                                     0x08005819   Thumb Code    24  fabs.o(i.fabs)
    fputc                                    0x08005831   Thumb Code    18  fputc.o(i.fputc)
    free                                     0x08005845   Thumb Code    76  malloc.o(i.free)
    imu                                      0x08005d31   Thumb Code    60  imu.o(i.imu)
    invSqrt                                  0x08005d71   Thumb Code    40  imu.o(i.invSqrt)
    inv_orientation_matrix_to_scalar         0x08005d9d   Thumb Code    34  inv_mpu.o(i.inv_orientation_matrix_to_scalar)
    inv_row_2_scale                          0x08005dbf   Thumb Code    72  inv_mpu.o(i.inv_row_2_scale)
    led_config                               0x08005e09   Thumb Code    54  gpio.o(i.led_config)
    main                                     0x08005e45   Thumb Code   140  main.o(i.main)
    malloc                                   0x08005edd   Thumb Code    92  malloc.o(i.malloc)
    mget_ms                                  0x08005f49   Thumb Code     2  inv_mpu.o(i.mget_ms)
    mpu_configure_fifo                       0x08005f4d   Thumb Code    78  inv_mpu.o(i.mpu_configure_fifo)
    mpu_dmp_get_data                         0x08005fa1   Thumb Code   344  inv_mpu.o(i.mpu_dmp_get_data)
    mpu_dmp_init                             0x08006105   Thumb Code   162  inv_mpu.o(i.mpu_dmp_init)
    mpu_get_accel_fsr                        0x080061ad   Thumb Code    54  inv_mpu.o(i.mpu_get_accel_fsr)
    mpu_get_accel_sens                       0x080061e9   Thumb Code    62  inv_mpu.o(i.mpu_get_accel_sens)
    mpu_get_gyro_fsr                         0x0800622d   Thumb Code    48  inv_mpu.o(i.mpu_get_gyro_fsr)
    mpu_get_gyro_sens                        0x08006261   Thumb Code    54  inv_mpu.o(i.mpu_get_gyro_sens)
    mpu_get_lpf                              0x080062ad   Thumb Code    52  inv_mpu.o(i.mpu_get_lpf)
    mpu_get_sample_rate                      0x080062e5   Thumb Code    22  inv_mpu.o(i.mpu_get_sample_rate)
    mpu_init                                 0x08006301   Thumb Code   312  inv_mpu.o(i.mpu_init)
    mpu_load_firmware                        0x08006489   Thumb Code   154  inv_mpu.o(i.mpu_load_firmware)
    mpu_lp_accel_mode                        0x08006529   Thumb Code   178  inv_mpu.o(i.mpu_lp_accel_mode)
    mpu_read_fifo_stream                     0x080065e1   Thumb Code   140  inv_mpu.o(i.mpu_read_fifo_stream)
    mpu_read_mem                             0x08006671   Thumb Code    80  inv_mpu.o(i.mpu_read_mem)
    mpu_reset_fifo                           0x080066c5   Thumb Code   346  inv_mpu.o(i.mpu_reset_fifo)
    mpu_run_self_test                        0x08006825   Thumb Code   234  inv_mpu.o(i.mpu_run_self_test)
    mpu_set_accel_fsr                        0x08006915   Thumb Code    98  inv_mpu.o(i.mpu_set_accel_fsr)
    mpu_set_bypass                           0x0800697d   Thumb Code   214  inv_mpu.o(i.mpu_set_bypass)
    mpu_set_dmp_state                        0x08006a59   Thumb Code   114  inv_mpu.o(i.mpu_set_dmp_state)
    mpu_set_gyro_fsr                         0x08006ad1   Thumb Code   104  inv_mpu.o(i.mpu_set_gyro_fsr)
    mpu_set_int_latched                      0x08006b3d   Thumb Code    94  inv_mpu.o(i.mpu_set_int_latched)
    mpu_set_lpf                              0x08006ba1   Thumb Code   102  inv_mpu.o(i.mpu_set_lpf)
    mpu_set_sample_rate                      0x08006c0d   Thumb Code   124  inv_mpu.o(i.mpu_set_sample_rate)
    mpu_set_sensors                          0x08006c8d   Thumb Code   178  inv_mpu.o(i.mpu_set_sensors)
    mpu_write_mem                            0x08006d45   Thumb Code    80  inv_mpu.o(i.mpu_write_mem)
    readIMU                                  0x08006d99   Thumb Code   386  imu.o(i.readIMU)
    run_self_test                            0x08006f45   Thumb Code   136  inv_mpu.o(i.run_self_test)
    sqrt                                     0x08007025   Thumb Code   110  sqrt.o(i.sqrt)
    reg                                      0x08007092   Data          27  inv_mpu.o(.constdata)
    hw                                       0x080070ae   Data          12  inv_mpu.o(.constdata)
    test                                     0x080070bc   Data          40  inv_mpu.o(.constdata)
    APBAHBPrescTable                         0x08007cda   Data          16  stm32f4xx_hal_rcc.o(.constdata)
    __mathlib_zero                           0x08007de0   Data           8  qnan.o(.constdata)
    Region$$Table$$Base                      0x08007e38   Number         0  anon$$obj.o(Region$$Table)
    Region$$Table$$Limit                     0x08007e58   Number         0  anon$$obj.o(Region$$Table)
    main_flag                                0x20000000   Data           1  main.o(.data)
    mian_func_start                          0x20000001   Data           1  main.o(.data)
    usart2_rx_buffer                         0x20000002   Data           5  usart.o(.data)
    usart3_rx_buffer                         0x20000007   Data           5  usart.o(.data)
    uart2_tx_busyFlag                        0x20000010   Data           1  stm32f4xx_it.o(.data)
    check_flag                               0x20000011   Data           1  stm32f4xx_it.o(.data)
    core_count                               0x20000020   Data           4  stm32f4xx_it.o(.data)
    sys                                      0x20000026   Data           3  core.o(.data)
    remoteData_receiveFlag                   0x20000029   Data           1  communi.o(.data)
    imu_yaw                                  0x2000002c   Data          16  imu.o(.data)
    IMU_TxInit                               0x2000003c   Data           8  imu.o(.data)
    q0                                       0x2000004c   Data           4  imu.o(.data)
    q1                                       0x20000050   Data           4  imu.o(.data)
    q2                                       0x20000054   Data           4  imu.o(.data)
    q3                                       0x20000058   Data           4  imu.o(.data)
    exInt                                    0x2000005c   Data           4  imu.o(.data)
    eyInt                                    0x20000060   Data           4  imu.o(.data)
    ezInt                                    0x20000064   Data           4  imu.o(.data)
    lastUpdate                               0x20000068   Data           4  imu.o(.data)
    now                                      0x2000006c   Data           4  imu.o(.data)
    TAddr                                    0x200000a0   Data           1  6050.o(.data)
    SystemCoreClock                          0x200000dc   Data           4  system_stm32f4xx.o(.data)
    uwTick                                   0x200000e0   Data           4  stm32f4xx_hal.o(.data)
    __stdout                                 0x200000e4   Data           4  stdout.o(.data)
    __microlib_freelist                      0x200000e8   Data           4  mvars.o(.data)
    __microlib_freelist_initialised          0x200000ec   Data           4  mvars.o(.data)
    huart1                                   0x200000f4   Data          64  usart.o(.bss)
    huart2                                   0x20000134   Data          64  usart.o(.bss)
    huart3                                   0x20000174   Data          64  usart.o(.bss)
    hdma_usart1_rx                           0x200001b4   Data          88  usart.o(.bss)
    hdma_usart2_rx                           0x2000020c   Data          88  usart.o(.bss)
    hdma_usart2_tx                           0x20000264   Data          88  usart.o(.bss)
    hdma_usart3_rx                           0x200002bc   Data          88  usart.o(.bss)
    hdma_usart3_tx                           0x20000314   Data          88  usart.o(.bss)
    usart1_rx_buffer                         0x2000036c   Data          18  usart.o(.bss)
    remote_rx_buffer                         0x2000037e   Data          18  usart.o(.bss)
    usart2_tx_buffer                         0x20000390   Data          45  usart.o(.bss)
    htim2                                    0x200003c0   Data          60  tim.o(.bss)
    htim3                                    0x200003fc   Data          60  tim.o(.bss)
    htim4                                    0x20000438   Data          60  tim.o(.bss)
    hcan1                                    0x20000474   Data          64  can.o(.bss)
    hcan2                                    0x200004b4   Data          64  can.o(.bss)
    can1_filetr                              0x200004f4   Data          40  can.o(.bss)
    can2_filetr                              0x2000051c   Data          40  can.o(.bss)
    Tx1Message                               0x20000544   Data          28  can.o(.bss)
    Rx1Message                               0x20000560   Data          36  can.o(.bss)
    remote                                   0x20000584   Data          20  communi.o(.bss)
    angle                                    0x20000598   Data          12  imu.o(.bss)
    Gyro_File_Buf                            0x200005a4   Data         120  imu.o(.bss)
    dmp_angle                                0x2000061c   Data          12  imu.o(.bss)
    sensor                                   0x20000628   Data          72  6050.o(.bss)
    mpu6050_buffer                           0x20000670   Data          16  6050.o(.bss)
    __heap_base                              0x20000690   Data           0  startup_stm32f405xx.o(HEAP)
    __heap_limit                             0x20000890   Data           0  startup_stm32f405xx.o(HEAP)
    __initial_sp                             0x20001090   Data           0  startup_stm32f405xx.o(STACK)



==============================================================================

Memory Map of the image

  Image Entry point : 0x08000189

  Load Region LR_IROM1 (Base: 0x08000000, Size: 0x00007f4c, Max: 0x00100000, ABSOLUTE)

    Execution Region ER_IROM1 (Base: 0x08000000, Size: 0x00007e58, Max: 0x00100000, ABSOLUTE)

    Base Addr    Size         Type   Attr      Idx    E Section Name        Object

    0x08000000   0x00000188   Data   RO         1669    RESET               startup_stm32f405xx.o
    0x08000188   0x00000000   Code   RO         4355  * .ARM.Collect$$$$00000000  mc_w.l(entry.o)
    0x08000188   0x00000004   Code   RO         4722    .ARM.Collect$$$$00000001  mc_w.l(entry2.o)
    0x0800018c   0x00000004   Code   RO         4725    .ARM.Collect$$$$00000004  mc_w.l(entry5.o)
    0x08000190   0x00000000   Code   RO         4727    .ARM.Collect$$$$00000008  mc_w.l(entry7b.o)
    0x08000190   0x00000000   Code   RO         4729    .ARM.Collect$$$$0000000A  mc_w.l(entry8b.o)
    0x08000190   0x00000008   Code   RO         4730    .ARM.Collect$$$$0000000B  mc_w.l(entry9a.o)
    0x08000198   0x00000000   Code   RO         4732    .ARM.Collect$$$$0000000D  mc_w.l(entry10a.o)
    0x08000198   0x00000000   Code   RO         4734    .ARM.Collect$$$$0000000F  mc_w.l(entry11a.o)
    0x08000198   0x00000004   Code   RO         4723    .ARM.Collect$$$$00002712  mc_w.l(entry2.o)
    0x0800019c   0x00000024   Code   RO         1670    .text               startup_stm32f405xx.o
    0x080001c0   0x00000062   Code   RO         4358    .text               mc_w.l(ldiv.o)
    0x08000222   0x00000024   Code   RO         4360    .text               mc_w.l(memcpya.o)
    0x08000246   0x00000024   Code   RO         4362    .text               mc_w.l(memseta.o)
    0x0800026a   0x0000001a   Code   RO         4364    .text               mc_w.l(memcmp.o)
    0x08000284   0x0000014e   Code   RO         4657    .text               mf_w.l(dadd.o)
    0x080003d2   0x000000e4   Code   RO         4659    .text               mf_w.l(dmul.o)
    0x080004b6   0x000000de   Code   RO         4661    .text               mf_w.l(ddiv.o)
    0x08000594   0x00000022   Code   RO         4663    .text               mf_w.l(dflti.o)
    0x080005b6   0x0000003e   Code   RO         4665    .text               mf_w.l(dfixi.o)
    0x080005f4   0x00000026   Code   RO         4667    .text               mf_w.l(f2d.o)
    0x0800061a   0x00000038   Code   RO         4669    .text               mf_w.l(d2f.o)
    0x08000652   0x00000062   Code   RO         4741    .text               mc_w.l(uldiv.o)
    0x080006b4   0x0000001e   Code   RO         4743    .text               mc_w.l(llshl.o)
    0x080006d2   0x00000020   Code   RO         4745    .text               mc_w.l(llushr.o)
    0x080006f2   0x00000024   Code   RO         4747    .text               mc_w.l(llsshr.o)
    0x08000716   0x00000000   Code   RO         4758    .text               mc_w.l(iusefp.o)
    0x08000716   0x0000006e   Code   RO         4759    .text               mf_w.l(fepilogue.o)
    0x08000784   0x000000ba   Code   RO         4761    .text               mf_w.l(depilogue.o)
    0x0800083e   0x00000002   PAD
    0x08000840   0x00000024   Code   RO         4769    .text               mc_w.l(init.o)
    0x08000864   0x00000000   Code   RO         4771    .text               mc_w.l(semi.o)
    0x08000864   0x00000000   Code   RO         4772    .text               mc_w.l(iusesemip.o)
    0x08000864   0x000000a2   Code   RO         4773    .text               mf_w.l(dsqrt.o)
    0x08000906   0x00000002   Code   RO          461    i.BusFault_Handler  stm32f4xx_it.o
    0x08000908   0x0000000c   Code   RO          462    i.CAN1_RX0_IRQHandler  stm32f4xx_it.o
    0x08000914   0x0000000c   Code   RO          463    i.CAN1_TX_IRQHandler  stm32f4xx_it.o
    0x08000920   0x0000000c   Code   RO          464    i.CAN2_RX0_IRQHandler  stm32f4xx_it.o
    0x0800092c   0x0000000c   Code   RO          465    i.CAN2_TX_IRQHandler  stm32f4xx_it.o
    0x08000938   0x00000128   Code   RO         2767    i.CAN_Receive_IT    stm32f4xx_hal_can.o
    0x08000a60   0x00000060   Code   RO         2768    i.CAN_Transmit_IT   stm32f4xx_hal_can.o
    0x08000ac0   0x000000a0   Code   RO          622    i.Core_Task         core.o
    0x08000b60   0x0000000c   Code   RO          466    i.DMA1_Stream1_IRQHandler  stm32f4xx_it.o
    0x08000b6c   0x0000000c   Code   RO          467    i.DMA1_Stream3_IRQHandler  stm32f4xx_it.o
    0x08000b78   0x0000000c   Code   RO          468    i.DMA1_Stream5_IRQHandler  stm32f4xx_it.o
    0x08000b84   0x00000084   Code   RO          469    i.DMA1_Stream6_IRQHandler  stm32f4xx_it.o
    0x08000c08   0x0000000c   Code   RO          470    i.DMA2_Stream5_IRQHandler  stm32f4xx_it.o
    0x08000c14   0x00000028   Code   RO         3721    i.DMA_CalcBaseAndBitshift  stm32f4xx_hal_dma.o
    0x08000c3c   0x00000028   Code   RO         3722    i.DMA_SetConfig     stm32f4xx_hal_dma.o
    0x08000c64   0x00000002   Code   RO          471    i.DebugMon_Handler  stm32f4xx_it.o
    0x08000c66   0x00000002   PAD
    0x08000c68   0x000000c0   Code   RO          935    i.Gyro_OFFEST       6050.o
    0x08000d28   0x000000e4   Code   RO         2769    i.HAL_CAN_ConfigFilter  stm32f4xx_hal_can.o
    0x08000e0c   0x00000002   Code   RO         2771    i.HAL_CAN_ErrorCallback  stm32f4xx_hal_can.o
    0x08000e0e   0x00000002   PAD
    0x08000e10   0x00000180   Code   RO         2774    i.HAL_CAN_IRQHandler  stm32f4xx_hal_can.o
    0x08000f90   0x00000148   Code   RO         2775    i.HAL_CAN_Init      stm32f4xx_hal_can.o
    0x080010d8   0x000000d4   Code   RO          370    i.HAL_CAN_MspInit   can.o
    0x080011ac   0x00000074   Code   RO          371    i.HAL_CAN_RxCpltCallback  can.o
    0x08001220   0x00000194   Code   RO         2782    i.HAL_CAN_Transmit  stm32f4xx_hal_can.o
    0x080013b4   0x00000002   Code   RO         2784    i.HAL_CAN_TxCpltCallback  stm32f4xx_hal_can.o
    0x080013b6   0x00000002   PAD
    0x080013b8   0x000001a0   Code   RO         3727    i.HAL_DMA_IRQHandler  stm32f4xx_hal_dma.o
    0x08001558   0x00000078   Code   RO         3728    i.HAL_DMA_Init      stm32f4xx_hal_dma.o
    0x080015d0   0x0000004e   Code   RO         3731    i.HAL_DMA_Start_IT  stm32f4xx_hal_dma.o
    0x0800161e   0x00000002   PAD
    0x08001620   0x000001c0   Code   RO         3242    i.HAL_GPIO_Init     stm32f4xx_hal_gpio.o
    0x080017e0   0x0000000a   Code   RO         3244    i.HAL_GPIO_ReadPin  stm32f4xx_hal_gpio.o
    0x080017ea   0x00000008   Code   RO         3245    i.HAL_GPIO_TogglePin  stm32f4xx_hal_gpio.o
    0x080017f2   0x0000000a   Code   RO         3246    i.HAL_GPIO_WritePin  stm32f4xx_hal_gpio.o
    0x080017fc   0x0000000c   Code   RO         3336    i.HAL_GetTick       stm32f4xx_hal.o
    0x08001808   0x00000010   Code   RO         3337    i.HAL_IncTick       stm32f4xx_hal.o
    0x08001818   0x00000034   Code   RO         3338    i.HAL_Init          stm32f4xx_hal.o
    0x0800184c   0x00000022   Code   RO         3339    i.HAL_InitTick      stm32f4xx_hal.o
    0x0800186e   0x00000044   Code   RO          437    i.HAL_MspInit       stm32f4xx_hal_msp.o
    0x080018b2   0x00000016   Code   RO         2348    i.HAL_NVIC_EnableIRQ  stm32f4xx_hal_cortex.o
    0x080018c8   0x00000040   Code   RO         2354    i.HAL_NVIC_SetPriority  stm32f4xx_hal_cortex.o
    0x08001908   0x00000024   Code   RO         2355    i.HAL_NVIC_SetPriorityGrouping  stm32f4xx_hal_cortex.o
    0x0800192c   0x00000140   Code   RO         3135    i.HAL_RCC_ClockConfig  stm32f4xx_hal_rcc.o
    0x08001a6c   0x00000034   Code   RO         3140    i.HAL_RCC_GetHCLKFreq  stm32f4xx_hal_rcc.o
    0x08001aa0   0x0000002c   Code   RO         3142    i.HAL_RCC_GetPCLK1Freq  stm32f4xx_hal_rcc.o
    0x08001acc   0x0000002c   Code   RO         3143    i.HAL_RCC_GetPCLK2Freq  stm32f4xx_hal_rcc.o
    0x08001af8   0x00000070   Code   RO         3144    i.HAL_RCC_GetSysClockFreq  stm32f4xx_hal_rcc.o
    0x08001b68   0x000002e4   Code   RO         3147    i.HAL_RCC_OscConfig  stm32f4xx_hal_rcc.o
    0x08001e4c   0x00000018   Code   RO         2357    i.HAL_SYSTICK_CLKSourceConfig  stm32f4xx_hal_cortex.o
    0x08001e64   0x00000002   Code   RO         2358    i.HAL_SYSTICK_Callback  stm32f4xx_hal_cortex.o
    0x08001e66   0x00000028   Code   RO         2359    i.HAL_SYSTICK_Config  stm32f4xx_hal_cortex.o
    0x08001e8e   0x00000008   Code   RO         2360    i.HAL_SYSTICK_IRQHandler  stm32f4xx_hal_cortex.o
    0x08001e96   0x00000002   Code   RO         2468    i.HAL_TIMEx_BreakCallback  stm32f4xx_hal_tim_ex.o
    0x08001e98   0x00000002   Code   RO         2469    i.HAL_TIMEx_CommutationCallback  stm32f4xx_hal_tim_ex.o
    0x08001e9a   0x00000050   Code   RO         2485    i.HAL_TIMEx_MasterConfigSynchronization  stm32f4xx_hal_tim_ex.o
    0x08001eea   0x00000036   Code   RO         1716    i.HAL_TIM_Base_Init  stm32f4xx_hal_tim.o
    0x08001f20   0x00000078   Code   RO          311    i.HAL_TIM_Base_MspInit  tim.o
    0x08001f98   0x000000f2   Code   RO         1725    i.HAL_TIM_ConfigClockSource  stm32f4xx_hal_tim.o
    0x0800208a   0x00000002   Code   RO         1745    i.HAL_TIM_IC_CaptureCallback  stm32f4xx_hal_tim.o
    0x0800208c   0x00000166   Code   RO         1758    i.HAL_TIM_IRQHandler  stm32f4xx_hal_tim.o
    0x080021f2   0x00000002   Code   RO         1761    i.HAL_TIM_OC_DelayElapsedCallback  stm32f4xx_hal_tim.o
    0x080021f4   0x00000002   Code   RO         1788    i.HAL_TIM_PWM_PulseFinishedCallback  stm32f4xx_hal_tim.o
    0x080021f6   0x00000002   Code   RO         1795    i.HAL_TIM_PeriodElapsedCallback  stm32f4xx_hal_tim.o
    0x080021f8   0x00000002   Code   RO         1799    i.HAL_TIM_TriggerCallback  stm32f4xx_hal_tim.o
    0x080021fa   0x00000002   Code   RO         2909    i.HAL_UART_ErrorCallback  stm32f4xx_hal_uart.o
    0x080021fc   0x000000e8   Code   RO         2912    i.HAL_UART_IRQHandler  stm32f4xx_hal_uart.o
    0x080022e4   0x00000062   Code   RO         2913    i.HAL_UART_Init     stm32f4xx_hal_uart.o
    0x08002346   0x00000002   PAD
    0x08002348   0x000001f4   Code   RO          210    i.HAL_UART_MspInit  usart.o
    0x0800253c   0x00000078   Code   RO         2917    i.HAL_UART_Receive_DMA  stm32f4xx_hal_uart.o
    0x080025b4   0x00000002   Code   RO         2919    i.HAL_UART_RxCpltCallback  stm32f4xx_hal_uart.o
    0x080025b6   0x00000002   Code   RO         2920    i.HAL_UART_RxHalfCpltCallback  stm32f4xx_hal_uart.o
    0x080025b8   0x0000007c   Code   RO         2922    i.HAL_UART_Transmit_DMA  stm32f4xx_hal_uart.o
    0x08002634   0x00000002   Code   RO         2924    i.HAL_UART_TxCpltCallback  stm32f4xx_hal_uart.o
    0x08002636   0x00000002   Code   RO         2925    i.HAL_UART_TxHalfCpltCallback  stm32f4xx_hal_uart.o
    0x08002638   0x00000002   Code   RO          472    i.HardFault_Handler  stm32f4xx_it.o
    0x0800263a   0x00000002   PAD
    0x0800263c   0x00000048   Code   RO          835    i.I2C_NoAck         i2c.o
    0x08002684   0x00000068   Code   RO          836    i.I2C_RadeByte      i2c.o
    0x080026ec   0x00000060   Code   RO          837    i.I2C_SendByte      i2c.o
    0x0800274c   0x0000005c   Code   RO          838    i.I2C_Start         i2c.o
    0x080027a8   0x0000004c   Code   RO          839    i.I2C_Stop          i2c.o
    0x080027f4   0x00000064   Code   RO          840    i.I2C_WaitAck       i2c.o
    0x08002858   0x00000008   Code   RO          841    i.I2C_delay         i2c.o
    0x08002860   0x00000040   Code   RO         1610    i.IIC_Ack           myiic.o
    0x080028a0   0x0000003c   Code   RO          842    i.IIC_Init          i2c.o
    0x080028dc   0x00000040   Code   RO         1611    i.IIC_NAck          myiic.o
    0x0800291c   0x00000068   Code   RO         1612    i.IIC_Read_Byte     myiic.o
    0x08002984   0x00000060   Code   RO         1613    i.IIC_Send_Byte     myiic.o
    0x080029e4   0x00000040   Code   RO         1614    i.IIC_Start         myiic.o
    0x08002a24   0x00000044   Code   RO         1615    i.IIC_Stop          myiic.o
    0x08002a68   0x00000054   Code   RO         1616    i.IIC_Wait_Ack      myiic.o
    0x08002abc   0x00000304   Code   RO          761    i.IMUupdate         imu.o
    0x08002dc0   0x000000a4   Code   RO          936    i.InitMPU6050       6050.o
    0x08002e64   0x000000a8   Code   RO          762    i.KalmanFilter_x    imu.o
    0x08002f0c   0x000000a8   Code   RO          763    i.KalmanFilter_y    imu.o
    0x08002fb4   0x000000a8   Code   RO          764    i.KalmanFilter_z    imu.o
    0x0800305c   0x00000084   Code   RO          937    i.MPU6050_Read      6050.o
    0x080030e0   0x0000006c   Code   RO         1526    i.MPU_Read_Len      mpu6050.o
    0x0800314c   0x00000052   Code   RO         1532    i.MPU_Write_Len     mpu6050.o
    0x0800319e   0x00000002   PAD
    0x080031a0   0x00000074   Code   RO          372    i.MX_CAN1_Init      can.o
    0x08003214   0x0000005c   Code   RO          373    i.MX_CAN2_Init      can.o
    0x08003270   0x0000003c   Code   RO          285    i.MX_DMA_Init       dma.o
    0x080032ac   0x0000003c   Code   RO          179    i.MX_GPIO_Init      gpio.o
    0x080032e8   0x0000004c   Code   RO          312    i.MX_TIM2_Init      tim.o
    0x08003334   0x00000058   Code   RO          313    i.MX_TIM3_Init      tim.o
    0x0800338c   0x0000005c   Code   RO          314    i.MX_TIM4_Init      tim.o
    0x080033e8   0x0000002c   Code   RO          211    i.MX_USART1_UART_Init  usart.o
    0x08003414   0x00000028   Code   RO          212    i.MX_USART2_UART_Init  usart.o
    0x0800343c   0x00000028   Code   RO          213    i.MX_USART3_UART_Init  usart.o
    0x08003464   0x00000002   Code   RO          473    i.MemManage_Handler  stm32f4xx_it.o
    0x08003466   0x00000002   Code   RO          474    i.NMI_Handler       stm32f4xx_it.o
    0x08003468   0x00000020   Code   RO         2361    i.NVIC_SetPriority  stm32f4xx_hal_cortex.o
    0x08003488   0x00000088   Code   RO          676    i.Readremote        communi.o
    0x08003510   0x0000001c   Code   RO          623    i.RemoteFeed        core.o
    0x0800352c   0x0000002c   Code   RO          214    i.Remote_rx_start   usart.o
    0x08003558   0x0000004e   Code   RO          843    i.Single_Read       i2c.o
    0x080035a6   0x00000044   Code   RO          844    i.Single_Write      i2c.o
    0x080035ea   0x0000000e   Code   RO          475    i.SysTick_Handler   stm32f4xx_it.o
    0x080035f8   0x00000090   Code   RO            4    i.SystemClock_Config  main.o
    0x08003688   0x00000054   Code   RO         1678    i.SystemInit        system_stm32f4xx.o
    0x080036dc   0x0000000c   Code   RO          476    i.TIM2_IRQHandler   stm32f4xx_it.o
    0x080036e8   0x00000018   Code   RO          477    i.TIM3_IRQHandler   stm32f4xx_it.o
    0x08003700   0x00000060   Code   RO          478    i.TIM4_IRQHandler   stm32f4xx_it.o
    0x08003760   0x000000c0   Code   RO         1800    i.TIM_Base_SetConfig  stm32f4xx_hal_tim.o
    0x08003820   0x00000014   Code   RO         1807    i.TIM_ETR_SetConfig  stm32f4xx_hal_tim.o
    0x08003834   0x00000010   Code   RO         1808    i.TIM_ITRx_SetConfig  stm32f4xx_hal_tim.o
    0x08003844   0x00000022   Code   RO         1814    i.TIM_TI1_ConfigInputStage  stm32f4xx_hal_tim.o
    0x08003866   0x00000024   Code   RO         1816    i.TIM_TI2_ConfigInputStage  stm32f4xx_hal_tim.o
    0x0800388a   0x00000022   Code   RO         2926    i.UART_DMAError     stm32f4xx_hal_uart.o
    0x080038ac   0x00000028   Code   RO         2927    i.UART_DMAReceiveCplt  stm32f4xx_hal_uart.o
    0x080038d4   0x0000000a   Code   RO         2928    i.UART_DMARxHalfCplt  stm32f4xx_hal_uart.o
    0x080038de   0x0000002e   Code   RO         2929    i.UART_DMATransmitCplt  stm32f4xx_hal_uart.o
    0x0800390c   0x0000000a   Code   RO         2930    i.UART_DMATxHalfCplt  stm32f4xx_hal_uart.o
    0x08003916   0x00000096   Code   RO         2931    i.UART_Receive_IT   stm32f4xx_hal_uart.o
    0x080039ac   0x000002ac   Code   RO         2932    i.UART_SetConfig    stm32f4xx_hal_uart.o
    0x08003c58   0x00000062   Code   RO         2933    i.UART_Transmit_IT  stm32f4xx_hal_uart.o
    0x08003cba   0x00000002   PAD
    0x08003cbc   0x00000074   Code   RO          479    i.USART1_IRQHandler  stm32f4xx_it.o
    0x08003d30   0x0000004c   Code   RO          480    i.USART2_IRQHandler  stm32f4xx_it.o
    0x08003d7c   0x0000000c   Code   RO          481    i.USART3_IRQHandler  stm32f4xx_it.o
    0x08003d88   0x00000002   Code   RO          482    i.UsageFault_Handler  stm32f4xx_it.o
    0x08003d8a   0x00000002   PAD
    0x08003d8c   0x00000028   Code   RO          215    i.Usart2_rx_start   usart.o
    0x08003db4   0x00000158   Code   RO          624    i.Usart_Tx          core.o
    0x08003f0c   0x00000020   Code   RO         4575    i.__0printf$8       mc_w.l(printf8.o)
    0x08003f2c   0x00000030   Code   RO         4705    i.__ARM_fpclassify  m_wm.l(fpclassify.o)
    0x08003f5c   0x00000004   PAD
    0x08003f60   0x00000360   Code   RO         4329    i.__hardfp_asin     m_wm.l(asin.o)
    0x080042c0   0x000002d8   Code   RO         4671    i.__hardfp_atan     m_wm.l(atan.o)
    0x08004598   0x000001f0   Code   RO         4343    i.__hardfp_atan2    m_wm.l(atan2.o)
    0x08004788   0x000000f8   Code   RO         4707    i.__kernel_poly     m_wm.l(poly.o)
    0x08004880   0x00000014   Code   RO         4686    i.__mathlib_dbl_infnan  m_wm.l(dunder.o)
    0x08004894   0x00000014   Code   RO         4687    i.__mathlib_dbl_infnan2  m_wm.l(dunder.o)
    0x080048a8   0x00000020   Code   RO         4688    i.__mathlib_dbl_invalid  m_wm.l(dunder.o)
    0x080048c8   0x00000020   Code   RO         4691    i.__mathlib_dbl_underflow  m_wm.l(dunder.o)
    0x080048e8   0x0000000e   Code   RO         4779    i.__scatterload_copy  mc_w.l(handlers.o)
    0x080048f6   0x00000002   Code   RO         4780    i.__scatterload_null  mc_w.l(handlers.o)
    0x080048f8   0x0000000e   Code   RO         4781    i.__scatterload_zeroinit  mc_w.l(handlers.o)
    0x08004906   0x00000002   PAD
    0x08004908   0x0000000c   Code   RO         4753    i.__set_errno       mc_w.l(errno.o)
    0x08004914   0x00000410   Code   RO         4582    i._printf_core      mc_w.l(printf8.o)
    0x08004d24   0x00000024   Code   RO         4583    i._printf_post_padding  mc_w.l(printf8.o)
    0x08004d48   0x0000002e   Code   RO         4584    i._printf_pre_padding  mc_w.l(printf8.o)
    0x08004d76   0x00000002   PAD
    0x08004d78   0x00000090   Code   RO          991    i.accel_self_test   inv_mpu.o
    0x08004e08   0x00000010   Code   RO         4673    i.atan              m_wm.l(atan.o)
    0x08004e18   0x0000006e   Code   RO          374    i.can_send_msg      can.o
    0x08004e86   0x0000000a   Code   RO          846    i.delay5ms          i2c.o
    0x08004e90   0x0000000c   Code   RO          938    i.delayms           6050.o
    0x08004e9c   0x0000000e   Code   RO          939    i.delayus           6050.o
    0x08004eaa   0x0000003a   Code   RO         1336    i.dmp_enable_6x_lp_quat  inv_mpu_dmp_motion_driver.o
    0x08004ee4   0x000001d8   Code   RO         1337    i.dmp_enable_feature  inv_mpu_dmp_motion_driver.o
    0x080050bc   0x0000003c   Code   RO         1338    i.dmp_enable_gyro_cal  inv_mpu_dmp_motion_driver.o
    0x080050f8   0x0000003a   Code   RO         1339    i.dmp_enable_lp_quat  inv_mpu_dmp_motion_driver.o
    0x08005132   0x00000002   PAD
    0x08005134   0x00000014   Code   RO         1344    i.dmp_load_motion_driver_firmware  inv_mpu_dmp_motion_driver.o
    0x08005148   0x00000148   Code   RO         1345    i.dmp_read_fifo     inv_mpu_dmp_motion_driver.o
    0x08005290   0x000000d8   Code   RO         1348    i.dmp_set_accel_bias  inv_mpu_dmp_motion_driver.o
    0x08005368   0x00000064   Code   RO         1349    i.dmp_set_fifo_rate  inv_mpu_dmp_motion_driver.o
    0x080053cc   0x000000cc   Code   RO         1350    i.dmp_set_gyro_bias  inv_mpu_dmp_motion_driver.o
    0x08005498   0x0000010c   Code   RO         1352    i.dmp_set_orientation  inv_mpu_dmp_motion_driver.o
    0x080055a4   0x00000030   Code   RO         1355    i.dmp_set_shake_reject_thresh  inv_mpu_dmp_motion_driver.o
    0x080055d4   0x00000020   Code   RO         1356    i.dmp_set_shake_reject_time  inv_mpu_dmp_motion_driver.o
    0x080055f4   0x00000020   Code   RO         1357    i.dmp_set_shake_reject_timeout  inv_mpu_dmp_motion_driver.o
    0x08005614   0x00000040   Code   RO         1358    i.dmp_set_tap_axes  inv_mpu_dmp_motion_driver.o
    0x08005654   0x00000022   Code   RO         1359    i.dmp_set_tap_count  inv_mpu_dmp_motion_driver.o
    0x08005676   0x00000002   PAD
    0x08005678   0x00000160   Code   RO         1360    i.dmp_set_tap_thresh  inv_mpu_dmp_motion_driver.o
    0x080057d8   0x00000020   Code   RO         1361    i.dmp_set_tap_time  inv_mpu_dmp_motion_driver.o
    0x080057f8   0x00000020   Code   RO         1362    i.dmp_set_tap_time_multi  inv_mpu_dmp_motion_driver.o
    0x08005818   0x00000018   Code   RO         4701    i.fabs              m_wm.l(fabs.o)
    0x08005830   0x00000012   Code   RO         4736    i.fputc             mc_w.l(fputc.o)
    0x08005842   0x00000002   PAD
    0x08005844   0x00000050   Code   RO         4629    i.free              mc_w.l(malloc.o)
    0x08005894   0x000000b4   Code   RO          992    i.get_accel_prod_shift  inv_mpu.o
    0x08005948   0x00000314   Code   RO          993    i.get_st_biases     inv_mpu.o
    0x08005c5c   0x000000d4   Code   RO          994    i.gyro_self_test    inv_mpu.o
    0x08005d30   0x00000040   Code   RO          765    i.imu               imu.o
    0x08005d70   0x0000002c   Code   RO          766    i.invSqrt           imu.o
    0x08005d9c   0x00000022   Code   RO          995    i.inv_orientation_matrix_to_scalar  inv_mpu.o
    0x08005dbe   0x00000048   Code   RO          996    i.inv_row_2_scale   inv_mpu.o
    0x08005e06   0x00000002   PAD
    0x08005e08   0x0000003c   Code   RO          180    i.led_config        gpio.o
    0x08005e44   0x00000098   Code   RO            5    i.main              main.o
    0x08005edc   0x0000006c   Code   RO         4630    i.malloc            mc_w.l(malloc.o)
    0x08005f48   0x00000002   Code   RO          997    i.mget_ms           inv_mpu.o
    0x08005f4a   0x00000002   PAD
    0x08005f4c   0x00000054   Code   RO          998    i.mpu_configure_fifo  inv_mpu.o
    0x08005fa0   0x00000164   Code   RO          999    i.mpu_dmp_get_data  inv_mpu.o
    0x08006104   0x000000a8   Code   RO         1000    i.mpu_dmp_init      inv_mpu.o
    0x080061ac   0x0000003c   Code   RO         1001    i.mpu_get_accel_fsr  inv_mpu.o
    0x080061e8   0x00000044   Code   RO         1003    i.mpu_get_accel_sens  inv_mpu.o
    0x0800622c   0x00000034   Code   RO         1009    i.mpu_get_gyro_fsr  inv_mpu.o
    0x08006260   0x0000004c   Code   RO         1011    i.mpu_get_gyro_sens  inv_mpu.o
    0x080062ac   0x00000038   Code   RO         1013    i.mpu_get_lpf       inv_mpu.o
    0x080062e4   0x0000001c   Code   RO         1015    i.mpu_get_sample_rate  inv_mpu.o
    0x08006300   0x00000188   Code   RO         1017    i.mpu_init          inv_mpu.o
    0x08006488   0x000000a0   Code   RO         1018    i.mpu_load_firmware  inv_mpu.o
    0x08006528   0x000000b8   Code   RO         1019    i.mpu_lp_accel_mode  inv_mpu.o
    0x080065e0   0x00000090   Code   RO         1022    i.mpu_read_fifo_stream  inv_mpu.o
    0x08006670   0x00000054   Code   RO         1023    i.mpu_read_mem      inv_mpu.o
    0x080066c4   0x00000160   Code   RO         1026    i.mpu_reset_fifo    inv_mpu.o
    0x08006824   0x000000f0   Code   RO         1027    i.mpu_run_self_test  inv_mpu.o
    0x08006914   0x00000068   Code   RO         1029    i.mpu_set_accel_fsr  inv_mpu.o
    0x0800697c   0x000000dc   Code   RO         1030    i.mpu_set_bypass    inv_mpu.o
    0x08006a58   0x00000078   Code   RO         1032    i.mpu_set_dmp_state  inv_mpu.o
    0x08006ad0   0x0000006c   Code   RO         1033    i.mpu_set_gyro_fsr  inv_mpu.o
    0x08006b3c   0x00000064   Code   RO         1034    i.mpu_set_int_latched  inv_mpu.o
    0x08006ba0   0x0000006c   Code   RO         1036    i.mpu_set_lpf       inv_mpu.o
    0x08006c0c   0x00000080   Code   RO         1037    i.mpu_set_sample_rate  inv_mpu.o
    0x08006c8c   0x000000b8   Code   RO         1038    i.mpu_set_sensors   inv_mpu.o
    0x08006d44   0x00000054   Code   RO         1039    i.mpu_write_mem     inv_mpu.o
    0x08006d98   0x000001ac   Code   RO          767    i.readIMU           imu.o
    0x08006f44   0x00000088   Code   RO         1040    i.run_self_test     inv_mpu.o
    0x08006fcc   0x00000058   Code   RO         1041    i.set_int_enable    inv_mpu.o
    0x08007024   0x0000006e   Code   RO         4712    i.sqrt              m_wm.l(sqrt.o)
    0x08007092   0x0000001b   Data   RO         1043    .constdata          inv_mpu.o
    0x080070ad   0x00000001   PAD
    0x080070ae   0x0000000c   Data   RO         1044    .constdata          inv_mpu.o
    0x080070ba   0x00000002   PAD
    0x080070bc   0x00000028   Data   RO         1045    .constdata          inv_mpu.o
    0x080070e4   0x00000bf6   Data   RO         1364    .constdata          inv_mpu_dmp_motion_driver.o
    0x08007cda   0x00000010   Data   RO         3148    .constdata          stm32f4xx_hal_rcc.o
    0x08007cea   0x00000008   Data   RO         3732    .constdata          stm32f4xx_hal_dma.o
    0x08007cf2   0x00000006   PAD
    0x08007cf8   0x00000050   Data   RO         4332    .constdata          m_wm.l(asin.o)
    0x08007d48   0x00000098   Data   RO         4674    .constdata          m_wm.l(atan.o)
    0x08007de0   0x00000008   Data   RO         4709    .constdata          m_wm.l(qnan.o)
    0x08007de8   0x0000004d   Data   RO         1046    .conststring        inv_mpu.o
    0x08007e35   0x00000003   PAD
    0x08007e38   0x00000020   Data   RO         4777    Region$$Table       anon$$obj.o


    Execution Region RW_IRAM1 (Base: 0x20000000, Size: 0x00001090, Max: 0x00020000, ABSOLUTE)

    Base Addr    Size         Type   Attr      Idx    E Section Name        Object

    0x20000000   0x00000002   Data   RW            8    .data               main.o
    0x20000002   0x0000000a   Data   RW          220    .data               usart.o
    0x2000000c   0x00000004   Data   RW          376    .data               can.o
    0x20000010   0x00000014   Data   RW          484    .data               stm32f4xx_it.o
    0x20000024   0x00000005   Data   RW          626    .data               core.o
    0x20000029   0x00000001   Data   RW          678    .data               communi.o
    0x2000002a   0x00000002   PAD
    0x2000002c   0x00000010   Data   RW          770    .data               imu.o
    0x2000003c   0x00000008   Data   RW          771    .data               imu.o
    0x20000044   0x00000004   PAD
    0x20000048   0x00000058   Data   RW          772    .data               imu.o
    0x200000a0   0x00000001   Data   RW          941    .data               6050.o
    0x200000a1   0x00000003   PAD
    0x200000a4   0x00000035   Data   RW         1047    .data               inv_mpu.o
    0x200000d9   0x00000003   PAD
    0x200000dc   0x00000004   Data   RW         1680    .data               system_stm32f4xx.o
    0x200000e0   0x00000004   Data   RW         3344    .data               stm32f4xx_hal.o
    0x200000e4   0x00000004   Data   RW         4738    .data               mc_w.l(stdout.o)
    0x200000e8   0x00000004   Data   RW         4749    .data               mc_w.l(mvars.o)
    0x200000ec   0x00000004   Data   RW         4750    .data               mc_w.l(mvars.o)
    0x200000f0   0x00000004   Data   RW         4754    .data               mc_w.l(errno.o)
    0x200000f4   0x0000028a   Zero   RW          217    .bss                usart.o
    0x2000037e   0x00000012   Zero   RW          218    .bss                usart.o
    0x20000390   0x0000002d   Zero   RW          219    .bss                usart.o
    0x200003bd   0x00000003   PAD
    0x200003c0   0x000000b4   Zero   RW          315    .bss                tim.o
    0x20000474   0x00000110   Zero   RW          375    .bss                can.o
    0x20000584   0x00000014   Zero   RW          677    .bss                communi.o
    0x20000598   0x00000084   Zero   RW          768    .bss                imu.o
    0x2000061c   0x0000000c   Zero   RW          769    .bss                imu.o
    0x20000628   0x00000058   Zero   RW          940    .bss                6050.o
    0x20000680   0x00000010   Zero   RW         1363    .bss                inv_mpu_dmp_motion_driver.o
    0x20000690   0x00000200   Zero   RW         1668    HEAP                startup_stm32f405xx.o
    0x20000890   0x00000800   Zero   RW         1667    STACK               startup_stm32f405xx.o


==============================================================================

Image component sizes


      Code (inc. data)   RO Data    RW Data    ZI Data      Debug   Object Name

       514         20          0          1         88       4799   6050.o
       646         56          0          4        272       5810   can.o
       136         10          0          1         20       1217   communi.o
       532         64          0          5          0       3378   core.o
        60          4          0          0          0        822   dma.o
       120         12          0          0          0       1384   gpio.o
       764         34          0          0          0       6776   i2c.o
      1812        124          0        112        144       8038   imu.o
      5316        304        156         53          0      31622   inv_mpu.o
      2410        134       3062          0         16      20330   inv_mpu_dmp_motion_driver.o
       296         20          0          2          0     363090   main.o
       190          0          0          0          0       2160   mpu6050.o
       544         62          0          0          0       4063   myiic.o
        36          8        392          0       2560        820   startup_stm32f405xx.o
       114         16          0          4          0       3707   stm32f4xx_hal.o
      1740         38          0          0          0       7063   stm32f4xx_hal_can.o
       228         14          0          0          0      32265   stm32f4xx_hal_cortex.o
       694         14          8          0          0       4607   stm32f4xx_hal_dma.o
       476         50          0          0          0       3876   stm32f4xx_hal_gpio.o
        68          0          0          0          0        530   stm32f4xx_hal_msp.o
      1312         64         16          0          0       6027   stm32f4xx_hal_rcc.o
       962         44          0          0          0      10051   stm32f4xx_hal_tim.o
        84          0          0          0          0       2474   stm32f4xx_hal_tim_ex.o
      1656         36          0          0          0      12102   stm32f4xx_hal_uart.o
       590        142          0         20          0      11374   stm32f4xx_it.o
        84         18          0          4          0       1377   system_stm32f4xx.o
       376         34          0          0        180       3420   tim.o
       708         90          0         10        713       4753   usart.o

    ----------------------------------------------------------------------
     22494       1412       3678        228       3996     557935   Object Totals
         0          0         32          0          0          0   (incl. Generated)
        26          0         12         12          3          0   (incl. Padding)

    ----------------------------------------------------------------------

      Code (inc. data)   RO Data    RW Data    ZI Data      Debug   Library Member Name

       864         94         80          0          0        280   asin.o
       744        106        152          0          0        352   atan.o
       496         64          0          0          0        192   atan2.o
       104         16          0          0          0        496   dunder.o
        24          0          0          0          0        124   fabs.o
        48          0          0          0          0        124   fpclassify.o
       248          0          0          0          0        152   poly.o
         0          0          8          0          0          0   qnan.o
       110          0          0          0          0        148   sqrt.o
         0          0          0          0          0          0   entry.o
         0          0          0          0          0          0   entry10a.o
         0          0          0          0          0          0   entry11a.o
         8          4          0          0          0          0   entry2.o
         4          0          0          0          0          0   entry5.o
         0          0          0          0          0          0   entry7b.o
         0          0          0          0          0          0   entry8b.o
         8          4          0          0          0          0   entry9a.o
        12          6          0          4          0         68   errno.o
        18          0          0          0          0         80   fputc.o
        30          0          0          0          0          0   handlers.o
        36          8          0          0          0         68   init.o
         0          0          0          0          0          0   iusefp.o
         0          0          0          0          0          0   iusesemip.o
        98          0          0          0          0         84   ldiv.o
        30          0          0          0          0         68   llshl.o
        36          0          0          0          0         68   llsshr.o
        32          0          0          0          0         68   llushr.o
       188         20          0          0          0        160   malloc.o
        26          0          0          0          0         80   memcmp.o
        36          0          0          0          0         68   memcpya.o
        36          0          0          0          0        108   memseta.o
         0          0          0          8          0          0   mvars.o
      1154         54          0          0          0        352   printf8.o
         0          0          0          0          0          0   semi.o
         0          0          0          4          0          0   stdout.o
        98          0          0          0          0         92   uldiv.o
        56          0          0          0          0         88   d2f.o
       334          0          0          0          0        148   dadd.o
       222          0          0          0          0        100   ddiv.o
       186          0          0          0          0        176   depilogue.o
        62          0          0          0          0         80   dfixi.o
        34          0          0          0          0         76   dflti.o
       228          0          0          0          0         96   dmul.o
       162          0          0          0          0        100   dsqrt.o
        38          0          0          0          0         68   f2d.o
       110          0          0          0          0        168   fepilogue.o

    ----------------------------------------------------------------------
      5932        376        240         16          0       4332   Library Totals
        12          0          0          0          0          0   (incl. Padding)

    ----------------------------------------------------------------------

      Code (inc. data)   RO Data    RW Data    ZI Data      Debug   Library Name

      2638        280        240          0          0       1868   m_wm.l
      1850         96          0         16          0       1364   mc_w.l
      1432          0          0          0          0       1100   mf_w.l

    ----------------------------------------------------------------------
      5932        376        240         16          0       4332   Library Totals

    ----------------------------------------------------------------------

==============================================================================


      Code (inc. data)   RO Data    RW Data    ZI Data      Debug   

     28426       1788       3918        244       3996     541123   Grand Totals
     28426       1788       3918        244       3996     541123   ELF Image Totals
     28426       1788       3918        244          0          0   ROM Totals

==============================================================================

    Total RO  Size (Code + RO Data)                32344 (  31.59kB)
    Total RW  Size (RW Data + ZI Data)              4240 (   4.14kB)
    Total ROM Size (Code + RO Data + RW Data)      32588 (  31.82kB)

==============================================================================

