Component: ARM Compiler 5.06 update 3 (build 300) Tool: armlink [4d35c9]

==============================================================================

Section Cross References

    main.o(i.SystemClock_Config) refers to stm32f4xx_hal_rcc.o(i.HAL_RCC_OscConfig) for HAL_RCC_OscConfig
    main.o(i.SystemClock_Config) refers to stm32f4xx_hal_rcc.o(i.HAL_RCC_ClockConfig) for HAL_RCC_ClockConfig
    main.o(i.SystemClock_Config) refers to stm32f4xx_hal_rcc.o(i.HAL_RCC_GetHCLKFreq) for HAL_RCC_GetHCLKFreq
    main.o(i.SystemClock_Config) refers to stm32f4xx_hal_cortex.o(i.HAL_SYSTICK_Config) for HAL_SYSTICK_Config
    main.o(i.SystemClock_Config) refers to stm32f4xx_hal_cortex.o(i.HAL_SYSTICK_CLKSourceConfig) for HAL_SYSTICK_CLKSourceConfig
    main.o(i.SystemClock_Config) refers to stm32f4xx_hal_cortex.o(i.HAL_NVIC_SetPriority) for HAL_NVIC_SetPriority
    main.o(i.main) refers to stm32f4xx_hal.o(i.HAL_Init) for HAL_Init
    main.o(i.main) refers to main.o(i.SystemClock_Config) for SystemClock_Config
    main.o(i.main) refers to gpio.o(i.MX_GPIO_Init) for MX_GPIO_Init
    main.o(i.main) refers to dma.o(i.MX_DMA_Init) for MX_DMA_Init
    main.o(i.main) refers to can.o(i.MX_CAN1_Init) for MX_CAN1_Init
    main.o(i.main) refers to can.o(i.MX_CAN2_Init) for MX_CAN2_Init
    main.o(i.main) refers to tim.o(i.MX_TIM2_Init) for MX_TIM2_Init
    main.o(i.main) refers to tim.o(i.MX_TIM3_Init) for MX_TIM3_Init
    main.o(i.main) refers to tim.o(i.MX_TIM4_Init) for MX_TIM4_Init
    main.o(i.main) refers to usart.o(i.MX_USART1_UART_Init) for MX_USART1_UART_Init
    main.o(i.main) refers to usart.o(i.MX_USART2_UART_Init) for MX_USART2_UART_Init
    main.o(i.main) refers to usart.o(i.MX_USART3_UART_Init) for MX_USART3_UART_Init
    main.o(i.main) refers to i2c.o(i.IIC_Init) for IIC_Init
    main.o(i.main) refers to 6050.o(i.InitMPU6050) for InitMPU6050
    main.o(i.main) refers to 6050.o(i.Gyro_OFFEST) for Gyro_OFFEST
    main.o(i.main) refers to gpio.o(i.led_config) for led_config
    main.o(i.main) refers to stm32f4xx_hal_gpio.o(i.HAL_GPIO_WritePin) for HAL_GPIO_WritePin
    main.o(i.main) refers to usart.o(i.Remote_rx_start) for Remote_rx_start
    main.o(i.main) refers to usart.o(i.Usart2_rx_start) for Usart2_rx_start
    main.o(i.main) refers to imu.o(i.imu) for imu
    gpio.o(i.led_config) refers to stm32f4xx_hal_gpio.o(i.HAL_GPIO_Init) for HAL_GPIO_Init
    gpio.o(i.led_config) refers to stm32f4xx_hal_gpio.o(i.HAL_GPIO_WritePin) for HAL_GPIO_WritePin
    usart.o(i.HAL_UART_MspDeInit) refers to stm32f4xx_hal_gpio.o(i.HAL_GPIO_DeInit) for HAL_GPIO_DeInit
    usart.o(i.HAL_UART_MspDeInit) refers to stm32f4xx_hal_dma.o(i.HAL_DMA_DeInit) for HAL_DMA_DeInit
    usart.o(i.HAL_UART_MspDeInit) refers to stm32f4xx_hal_cortex.o(i.HAL_NVIC_DisableIRQ) for HAL_NVIC_DisableIRQ
    usart.o(i.HAL_UART_MspInit) refers to stm32f4xx_hal_gpio.o(i.HAL_GPIO_Init) for HAL_GPIO_Init
    usart.o(i.HAL_UART_MspInit) refers to stm32f4xx_hal_dma.o(i.HAL_DMA_Init) for HAL_DMA_Init
    usart.o(i.HAL_UART_MspInit) refers to stm32f4xx_hal_cortex.o(i.HAL_NVIC_SetPriority) for HAL_NVIC_SetPriority
    usart.o(i.HAL_UART_MspInit) refers to stm32f4xx_hal_cortex.o(i.HAL_NVIC_EnableIRQ) for HAL_NVIC_EnableIRQ
    usart.o(i.HAL_UART_MspInit) refers to usart.o(.bss) for .bss
    usart.o(i.MX_USART1_UART_Init) refers to stm32f4xx_hal_uart.o(i.HAL_UART_Init) for HAL_UART_Init
    usart.o(i.MX_USART1_UART_Init) refers to usart.o(.bss) for .bss
    usart.o(i.MX_USART2_UART_Init) refers to stm32f4xx_hal_uart.o(i.HAL_UART_Init) for HAL_UART_Init
    usart.o(i.MX_USART2_UART_Init) refers to usart.o(.bss) for .bss
    usart.o(i.MX_USART3_UART_Init) refers to stm32f4xx_hal_uart.o(i.HAL_UART_Init) for HAL_UART_Init
    usart.o(i.MX_USART3_UART_Init) refers to usart.o(.bss) for .bss
    usart.o(i.Remote_rx_start) refers to stm32f4xx_hal_uart.o(i.HAL_UART_Receive_DMA) for HAL_UART_Receive_DMA
    usart.o(i.Remote_rx_start) refers to usart.o(.bss) for .bss
    usart.o(i.Usart2_rx_start) refers to stm32f4xx_hal_uart.o(i.HAL_UART_Receive_DMA) for HAL_UART_Receive_DMA
    usart.o(i.Usart2_rx_start) refers to usart.o(.data) for .data
    usart.o(i.Usart2_rx_start) refers to usart.o(.bss) for .bss
    usart.o(i.Usart3_rx_start) refers to stm32f4xx_hal_uart.o(i.HAL_UART_Receive_DMA) for HAL_UART_Receive_DMA
    usart.o(i.Usart3_rx_start) refers to usart.o(.data) for .data
    usart.o(i.Usart3_rx_start) refers to usart.o(.bss) for .bss
    dma.o(i.MX_DMA_Init) refers to stm32f4xx_hal_cortex.o(i.HAL_NVIC_SetPriority) for HAL_NVIC_SetPriority
    dma.o(i.MX_DMA_Init) refers to stm32f4xx_hal_cortex.o(i.HAL_NVIC_EnableIRQ) for HAL_NVIC_EnableIRQ
    tim.o(i.HAL_TIM_Base_MspDeInit) refers to stm32f4xx_hal_cortex.o(i.HAL_NVIC_DisableIRQ) for HAL_NVIC_DisableIRQ
    tim.o(i.HAL_TIM_Base_MspInit) refers to stm32f4xx_hal_cortex.o(i.HAL_NVIC_SetPriority) for HAL_NVIC_SetPriority
[...]
    Removing stm32f4xx_hal_pwr_ex.o(i.HAL_PWREx_DisableFlashPowerDown), (28 bytes).
    Removing stm32f4xx_hal_pwr_ex.o(i.HAL_PWREx_EnableBkUpReg), (76 bytes).
    Removing stm32f4xx_hal_pwr_ex.o(i.HAL_PWREx_EnableFlashPowerDown), (24 bytes).
    Removing stm32f4xx_hal_pwr_ex.o(i.HAL_PWREx_GetVoltageRange), (16 bytes).
    Removing stm32f4xx_hal_rcc_ex.o(.rev16_text), (4 bytes).
    Removing stm32f4xx_hal_rcc_ex.o(.revsh_text), (4 bytes).
    Removing stm32f4xx_hal_rcc_ex.o(.rrx_text), (6 bytes).
    Removing stm32f4xx_hal_rcc_ex.o(i.HAL_RCCEx_GetPeriphCLKConfig), (80 bytes).
    Removing stm32f4xx_hal_rcc_ex.o(i.HAL_RCCEx_PeriphCLKConfig), (332 bytes).
    Removing stm32f4xx_hal_rcc_ex.o(i.HAL_RCC_DeInit), (88 bytes).
    Removing stm32f4xx_hal_dma_ex.o(.rev16_text), (4 bytes).
    Removing stm32f4xx_hal_dma_ex.o(.revsh_text), (4 bytes).
    Removing stm32f4xx_hal_dma_ex.o(.rrx_text), (6 bytes).
    Removing stm32f4xx_hal_dma_ex.o(i.DMA_MultiBufferSetConfig), (30 bytes).
    Removing stm32f4xx_hal_dma_ex.o(i.HAL_DMAEx_ChangeMemory), (14 bytes).
    Removing stm32f4xx_hal_dma_ex.o(i.HAL_DMAEx_MultiBufferStart), (92 bytes).
    Removing stm32f4xx_hal_dma_ex.o(i.HAL_DMAEx_MultiBufferStart_IT), (142 bytes).
    Removing stm32f4xx_hal_pwr.o(.rev16_text), (4 bytes).
    Removing stm32f4xx_hal_pwr.o(.revsh_text), (4 bytes).
    Removing stm32f4xx_hal_pwr.o(.rrx_text), (6 bytes).
    Removing stm32f4xx_hal_pwr.o(i.HAL_PWR_ConfigPVD), (124 bytes).
    Removing stm32f4xx_hal_pwr.o(i.HAL_PWR_DeInit), (24 bytes).
    Removing stm32f4xx_hal_pwr.o(i.HAL_PWR_DisableBkUpAccess), (28 bytes).
    Removing stm32f4xx_hal_pwr.o(i.HAL_PWR_DisablePVD), (24 bytes).
    Removing stm32f4xx_hal_pwr.o(i.HAL_PWR_DisableSEVOnPend), (16 bytes).
    Removing stm32f4xx_hal_pwr.o(i.HAL_PWR_DisableSleepOnExit), (16 bytes).
    Removing stm32f4xx_hal_pwr.o(i.HAL_PWR_DisableWakeUpPin), (16 bytes).
    Removing stm32f4xx_hal_pwr.o(i.HAL_PWR_EnableBkUpAccess), (24 bytes).
    Removing stm32f4xx_hal_pwr.o(i.HAL_PWR_EnablePVD), (24 bytes).
    Removing stm32f4xx_hal_pwr.o(i.HAL_PWR_EnableSEVOnPend), (16 bytes).
    Removing stm32f4xx_hal_pwr.o(i.HAL_PWR_EnableSleepOnExit), (16 bytes).
    Removing stm32f4xx_hal_pwr.o(i.HAL_PWR_EnableWakeUpPin), (16 bytes).
    Removing stm32f4xx_hal_pwr.o(i.HAL_PWR_EnterSLEEPMode), (32 bytes).
    Removing stm32f4xx_hal_pwr.o(i.HAL_PWR_EnterSTANDBYMode), (32 bytes).
    Removing stm32f4xx_hal_pwr.o(i.HAL_PWR_EnterSTOPMode), (56 bytes).
    Removing stm32f4xx_hal_pwr.o(i.HAL_PWR_PVDCallback), (2 bytes).
    Removing stm32f4xx_hal_pwr.o(i.HAL_PWR_PVD_IRQHandler), (28 bytes).
    Removing stm32f4xx_hal_dma.o(.rev16_text), (4 bytes).
    Removing stm32f4xx_hal_dma.o(.revsh_text), (4 bytes).
    Removing stm32f4xx_hal_dma.o(.rrx_text), (6 bytes).
    Removing stm32f4xx_hal_dma.o(i.HAL_DMA_Abort), (84 bytes).
    Removing stm32f4xx_hal_dma.o(i.HAL_DMA_DeInit), (86 bytes).
    Removing stm32f4xx_hal_dma.o(i.HAL_DMA_GetError), (4 bytes).
    Removing stm32f4xx_hal_dma.o(i.HAL_DMA_GetState), (6 bytes).
    Removing stm32f4xx_hal_dma.o(i.HAL_DMA_PollForTransfer), (336 bytes).
    Removing stm32f4xx_hal_dma.o(i.HAL_DMA_Start), (58 bytes).
    Removing stm32f4xx_hal_flash.o(.rev16_text), (4 bytes).
    Removing stm32f4xx_hal_flash.o(.revsh_text), (4 bytes).
    Removing stm32f4xx_hal_flash.o(.rrx_text), (6 bytes).
    Removing stm32f4xx_hal_flash.o(i.FLASH_Program_Byte), (32 bytes).
    Removing stm32f4xx_hal_flash.o(i.FLASH_Program_DoubleWord), (40 bytes).
    Removing stm32f4xx_hal_flash.o(i.FLASH_Program_HalfWord), (36 bytes).
    Removing stm32f4xx_hal_flash.o(i.FLASH_Program_Word), (36 bytes).
    Removing stm32f4xx_hal_flash.o(i.FLASH_SetErrorCode), (136 bytes).
    Removing stm32f4xx_hal_flash.o(i.FLASH_WaitForLastOperation), (88 bytes).
    Removing stm32f4xx_hal_flash.o(i.HAL_FLASH_EndOfOperationCallback), (2 bytes).
    Removing stm32f4xx_hal_flash.o(i.HAL_FLASH_GetError), (12 bytes).
    Removing stm32f4xx_hal_flash.o(i.HAL_FLASH_IRQHandler), (208 bytes).
    Removing stm32f4xx_hal_flash.o(i.HAL_FLASH_Lock), (20 bytes).
    Removing stm32f4xx_hal_flash.o(i.HAL_FLASH_OB_Launch), (24 bytes).
    Removing stm32f4xx_hal_flash.o(i.HAL_FLASH_OB_Lock), (20 bytes).
    Removing stm32f4xx_hal_flash.o(i.HAL_FLASH_OB_Unlock), (40 bytes).
    Removing stm32f4xx_hal_flash.o(i.HAL_FLASH_OperationErrorCallback), (2 bytes).
    Removing stm32f4xx_hal_flash.o(i.HAL_FLASH_Program), (124 bytes).
    Removing stm32f4xx_hal_flash.o(i.HAL_FLASH_Program_IT), (108 bytes).
    Removing stm32f4xx_hal_flash.o(i.HAL_FLASH_Unlock), (40 bytes).
    Removing stm32f4xx_hal_flash.o(.bss), (32 bytes).
    Removing stm32f4xx_hal_i2c.o(.rev16_text), (4 bytes).
    Removing stm32f4xx_hal_i2c.o(.revsh_text), (4 bytes).
    Removing stm32f4xx_hal_i2c.o(.rrx_text), (6 bytes).
    Removing stm32f4xx_hal_i2c.o(i.HAL_I2C_AddrCallback), (2 bytes).
    Removing stm32f4xx_hal_i2c.o(i.HAL_I2C_DeInit), (50 bytes).
    Removing stm32f4xx_hal_i2c.o(i.HAL_I2C_DisableListen_IT), (68 bytes).
    Removing stm32f4xx_hal_i2c.o(i.HAL_I2C_ER_IRQHandler), (284 bytes).
    Removing stm32f4xx_hal_i2c.o(i.HAL_I2C_EV_IRQHandler), (488 bytes).
    Removing stm32f4xx_hal_i2c.o(i.HAL_I2C_EnableListen_IT), (42 bytes).
    Removing stm32f4xx_hal_i2c.o(i.HAL_I2C_ErrorCallback), (2 bytes).
    Removing stm32f4xx_hal_i2c.o(i.HAL_I2C_GetError), (4 bytes).
    Removing stm32f4xx_hal_i2c.o(i.HAL_I2C_GetMode), (6 bytes).
    Removing stm32f4xx_hal_i2c.o(i.HAL_I2C_GetState), (6 bytes).
    Removing stm32f4xx_hal_i2c.o(i.HAL_I2C_Init), (264 bytes).
    Removing stm32f4xx_hal_i2c.o(i.HAL_I2C_IsDeviceReady), (332 bytes).
    Removing stm32f4xx_hal_i2c.o(i.HAL_I2C_ListenCpltCallback), (2 bytes).
    Removing stm32f4xx_hal_i2c.o(i.HAL_I2C_MasterRxCpltCallback), (2 bytes).
    Removing stm32f4xx_hal_i2c.o(i.HAL_I2C_MasterTxCpltCallback), (2 bytes).
    Removing stm32f4xx_hal_i2c.o(i.HAL_I2C_Master_Abort_IT), (92 bytes).
    Removing stm32f4xx_hal_i2c.o(i.HAL_I2C_Master_Receive), (468 bytes).
    Removing stm32f4xx_hal_i2c.o(i.HAL_I2C_Master_Receive_DMA), (260 bytes).
    Removing stm32f4xx_hal_i2c.o(i.HAL_I2C_Master_Receive_IT), (248 bytes).
    Removing stm32f4xx_hal_i2c.o(i.HAL_I2C_Master_Sequential_Receive_IT), (320 bytes).
    Removing stm32f4xx_hal_i2c.o(i.HAL_I2C_Master_Sequential_Transmit_IT), (220 bytes).
    Removing stm32f4xx_hal_i2c.o(i.HAL_I2C_Master_Transmit), (316 bytes).
    Removing stm32f4xx_hal_i2c.o(i.HAL_I2C_Master_Transmit_DMA), (252 bytes).
    Removing stm32f4xx_hal_i2c.o(i.HAL_I2C_Master_Transmit_IT), (200 bytes).
    Removing stm32f4xx_hal_i2c.o(i.HAL_I2C_MemRxCpltCallback), (2 bytes).
    Removing stm32f4xx_hal_i2c.o(i.HAL_I2C_MemTxCpltCallback), (2 bytes).
    Removing stm32f4xx_hal_i2c.o(i.HAL_I2C_Mem_Read), (468 bytes).
    Removing stm32f4xx_hal_i2c.o(i.HAL_I2C_Mem_Read_DMA), (276 bytes).
    Removing stm32f4xx_hal_i2c.o(i.HAL_I2C_Mem_Read_IT), (256 bytes).
    Removing stm32f4xx_hal_i2c.o(i.HAL_I2C_Mem_Write), (244 bytes).
    Removing stm32f4xx_hal_i2c.o(i.HAL_I2C_Mem_Write_DMA), (252 bytes).
    Removing stm32f4xx_hal_i2c.o(i.HAL_I2C_Mem_Write_IT), (204 bytes).
    Removing stm32f4xx_hal_i2c.o(i.HAL_I2C_MspDeInit), (2 bytes).
    Removing stm32f4xx_hal_i2c.o(i.HAL_I2C_MspInit), (2 bytes).
    Removing stm32f4xx_hal_i2c.o(i.HAL_I2C_SlaveRxCpltCallback), (2 bytes).
    Removing stm32f4xx_hal_i2c.o(i.HAL_I2C_SlaveTxCpltCallback), (2 bytes).
    Removing stm32f4xx_hal_i2c.o(i.HAL_I2C_Slave_Receive), (284 bytes).
    Removing stm32f4xx_hal_i2c.o(i.HAL_I2C_Slave_Receive_DMA), (204 bytes).
    Removing stm32f4xx_hal_i2c.o(i.HAL_I2C_Slave_Receive_IT), (132 bytes).
    Removing stm32f4xx_hal_i2c.o(i.HAL_I2C_Slave_Sequential_Receive_IT), (92 bytes).
    Removing stm32f4xx_hal_i2c.o(i.HAL_I2C_Slave_Sequential_Transmit_IT), (92 bytes).
    Removing stm32f4xx_hal_i2c.o(i.HAL_I2C_Slave_Transmit), (304 bytes).
    Removing stm32f4xx_hal_i2c.o(i.HAL_I2C_Slave_Transmit_DMA), (240 bytes).
    Removing stm32f4xx_hal_i2c.o(i.HAL_I2C_Slave_Transmit_IT), (132 bytes).
    Removing stm32f4xx_hal_i2c.o(i.I2C_DMAError), (42 bytes).
    Removing stm32f4xx_hal_i2c.o(i.I2C_DMAMasterReceiveCplt), (74 bytes).
    Removing stm32f4xx_hal_i2c.o(i.I2C_DMAMasterTransmitCplt), (84 bytes).
    Removing stm32f4xx_hal_i2c.o(i.I2C_DMAMemReceiveCplt), (74 bytes).
    Removing stm32f4xx_hal_i2c.o(i.I2C_DMAMemTransmitCplt), (84 bytes).
    Removing stm32f4xx_hal_i2c.o(i.I2C_DMASlaveReceiveCplt), (102 bytes).
    Removing stm32f4xx_hal_i2c.o(i.I2C_DMASlaveTransmitCplt), (90 bytes).
    Removing stm32f4xx_hal_i2c.o(i.I2C_IsAcknowledgeFailed), (40 bytes).
    Removing stm32f4xx_hal_i2c.o(i.I2C_MasterReceive_BTF), (232 bytes).
    Removing stm32f4xx_hal_i2c.o(i.I2C_MasterReceive_RXNE), (178 bytes).
    Removing stm32f4xx_hal_i2c.o(i.I2C_MasterRequestRead), (212 bytes).
    Removing stm32f4xx_hal_i2c.o(i.I2C_MasterRequestWrite), (144 bytes).
    Removing stm32f4xx_hal_i2c.o(i.I2C_MasterTransmit_BTF), (134 bytes).
    Removing stm32f4xx_hal_i2c.o(i.I2C_RequestMemoryRead), (226 bytes).
    Removing stm32f4xx_hal_i2c.o(i.I2C_RequestMemoryWrite), (152 bytes).
    Removing stm32f4xx_hal_i2c.o(i.I2C_Slave_AF), (148 bytes).
    Removing stm32f4xx_hal_i2c.o(i.I2C_Slave_STOPF), (112 bytes).
    Removing stm32f4xx_hal_i2c.o(i.I2C_WaitOnFlagUntilTimeout), (142 bytes).
    Removing stm32f4xx_hal_i2c.o(i.I2C_WaitOnMasterAddressFlagUntilTimeout), (140 bytes).
    Removing stm32f4xx_hal_i2c.o(i.I2C_WaitOnRXNEFlagUntilTimeout), (104 bytes).
    Removing stm32f4xx_hal_i2c.o(i.I2C_WaitOnSTOPFlagUntilTimeout), (78 bytes).
    Removing stm32f4xx_hal_i2c.o(i.I2C_WaitOnTXEFlagUntilTimeout), (82 bytes).
    Removing stm32f4xx_hal_i2c_ex.o(.rev16_text), (4 bytes).
    Removing stm32f4xx_hal_i2c_ex.o(.revsh_text), (4 bytes).
    Removing stm32f4xx_hal_i2c_ex.o(.rrx_text), (6 bytes).
    Removing dmul.o(.text), (228 bytes).
    Removing f2d.o(.text), (38 bytes).
    Removing d2f.o(.text), (56 bytes).
    Removing fepilogue.o(.text), (110 bytes).
    Removing depilogue.o(.text), (186 bytes).
    Removing dadd.o(.text), (334 bytes).
    Removing ddiv.o(.text), (222 bytes).
    Removing dneg.o(.text), (6 bytes).
    Removing dsqrt.o(.text), (162 bytes).
    Removing cdcmple.o(.text), (48 bytes).

464 unused section(s) (total 31705 bytes) removed from the image.

==============================================================================

Image Symbol Table

    Local Symbols

    Symbol Name                              Value     Ov Type        Size  Object(Section)

    ../Drivers/CMSIS/Device/ST/STM32F4xx/Source/Templates/system_stm32f4xx.c 0x00000000   Number         0  system_stm32f4xx.o ABSOLUTE
    ../Drivers/STM32F4xx_HAL_Driver/Src/stm32f4xx_hal.c 0x00000000   Number         0  stm32f4xx_hal.o ABSOLUTE
    ../Drivers/STM32F4xx_HAL_Driver/Src/stm32f4xx_hal_can.c 0x00000000   Number         0  stm32f4xx_hal_can.o ABSOLUTE
    ../Drivers/STM32F4xx_HAL_Driver/Src/stm32f4xx_hal_cortex.c 0x00000000   Number         0  stm32f4xx_hal_cortex.o ABSOLUTE
    ../Drivers/STM32F4xx_HAL_Driver/Src/stm32f4xx_hal_dma.c 0x00000000   Number         0  stm32f4xx_hal_dma.o ABSOLUTE
    ../Drivers/STM32F4xx_HAL_Driver/Src/stm32f4xx_hal_dma_ex.c 0x00000000   Number         0  stm32f4xx_hal_dma_ex.o ABSOLUTE
    ../Drivers/STM32F4xx_HAL_Driver/Src/stm32f4xx_hal_flash.c 0x00000000   Number         0  stm32f4xx_hal_flash.o ABSOLUTE
    ../Drivers/STM32F4xx_HAL_Driver/Src/stm32f4xx_hal_flash_ex.c 0x00000000   Number         0  stm32f4xx_hal_flash_ex.o ABSOLUTE
    ../Drivers/STM32F4xx_HAL_Driver/Src/stm32f4xx_hal_flash_ramfunc.c 0x00000000   Number         0  stm32f4xx_hal_flash_ramfunc.o ABSOLUTE
    ../Drivers/STM32F4xx_HAL_Driver/Src/stm32f4xx_hal_gpio.c 0x00000000   Number         0  stm32f4xx_hal_gpio.o ABSOLUTE
    ../Drivers/STM32F4xx_HAL_Driver/Src/stm32f4xx_hal_pwr.c 0x00000000   Number         0  stm32f4xx_hal_pwr.o ABSOLUTE
    ../Drivers/STM32F4xx_HAL_Driver/Src/stm32f4xx_hal_pwr_ex.c 0x00000000   Number         0  stm32f4xx_hal_pwr_ex.o ABSOLUTE
    ../Drivers/STM32F4xx_HAL_Driver/Src/stm32f4xx_hal_rcc.c 0x00000000   Number         0  stm32f4xx_hal_rcc.o ABSOLUTE
    ../Drivers/STM32F4xx_HAL_Driver/Src/stm32f4xx_hal_rcc_ex.c 0x00000000   Number         0  stm32f4xx_hal_rcc_ex.o ABSOLUTE
    ../Drivers/STM32F4xx_HAL_Driver/Src/stm32f4xx_hal_tim.c 0x00000000   Number         0  stm32f4xx_hal_tim.o ABSOLUTE
    ../Drivers/STM32F4xx_HAL_Driver/Src/stm32f4xx_hal_tim_ex.c 0x00000000   Number         0  stm32f4xx_hal_tim_ex.o ABSOLUTE
    ../Drivers/STM32F4xx_HAL_Driver/Src/stm32f4xx_hal_uart.c 0x00000000   Number         0  stm32f4xx_hal_uart.o ABSOLUTE
    ../Src/can.c                             0x00000000   Number         0  can.o ABSOLUTE
    ../Src/dma.c                             0x00000000   Number         0  dma.o ABSOLUTE
    ../Src/gpio.c                            0x00000000   Number         0  gpio.o ABSOLUTE
    ../Src/main.c                            0x00000000   Number         0  main.o ABSOLUTE
    ../Src/stm32f4xx_hal_msp.c               0x00000000   Number         0  stm32f4xx_hal_msp.o ABSOLUTE
    ../Src/stm32f4xx_it.c                    0x00000000   Number         0  stm32f4xx_it.o ABSOLUTE
    ../Src/tim.c                             0x00000000   Number         0  tim.o ABSOLUTE
    ../Src/usart.c                           0x00000000   Number         0  usart.o ABSOLUTE
    ../clib/microlib/errno.c                 0x00000000   Number         0  errno.o ABSOLUTE
    ../clib/microlib/init/entry.s            0x00000000   Number         0  entry2.o ABSOLUTE
    ../clib/microlib/init/entry.s            0x00000000   Number         0  entry8a.o ABSOLUTE
    ../clib/microlib/init/entry.s            0x00000000   Number         0  entry7b.o ABSOLUTE
    ../clib/microlib/init/entry.s            0x00000000   Number         0  entry11b.o ABSOLUTE
    ../clib/microlib/init/entry.s            0x00000000   Number         0  entry11a.o ABSOLUTE
    ../clib/microlib/init/entry.s            0x00000000   Number         0  entry8b.o ABSOLUTE
    ../clib/microlib/init/entry.s            0x00000000   Number         0  entry.o ABSOLUTE
    ../clib/microlib/init/entry.s            0x00000000   Number         0  entry9a.o ABSOLUTE
    ../clib/microlib/init/entry.s            0x00000000   Number         0  entry7a.o ABSOLUTE
    ../clib/microlib/init/entry.s            0x00000000   Number         0  entry5.o ABSOLUTE
    ../clib/microlib/init/entry.s            0x00000000   Number         0  entry10a.o ABSOLUTE
    ../clib/microlib/init/entry.s            0x00000000   Number         0  entry10b.o ABSOLUTE
    ../clib/microlib/init/entry.s            0x00000000   Number         0  entry9b.o ABSOLUTE
    ../clib/microlib/longlong.c              0x00000000   Number         0  llsshr.o ABSOLUTE
    ../clib/microlib/longlong.c              0x00000000   Number         0  llshl.o ABSOLUTE
    ../clib/microlib/longlong.c              0x00000000   Number         0  llushr.o ABSOLUTE
    ../clib/microlib/malloc/malloc.c         0x00000000   Number         0  mallocra.o ABSOLUTE
    ../clib/microlib/malloc/malloc.c         0x00000000   Number         0  mallocr.o ABSOLUTE
    ../clib/microlib/malloc/malloc.c         0x00000000   Number         0  malloca.o ABSOLUTE
    ../clib/microlib/malloc/malloc.c         0x00000000   Number         0  malloc.o ABSOLUTE
    ../clib/microlib/malloc/mvars.c          0x00000000   Number         0  mvars.o ABSOLUTE
    ../clib/microlib/string/memcpy.c         0x00000000   Number         0  memcpyb.o ABSOLUTE
    ../clib/microlib/string/memcpy.c         0x00000000   Number         0  memcpya.o ABSOLUTE
    ../clib/microlib/stubs.s                 0x00000000   Number         0  iusefp.o ABSOLUTE
    ../fplib/microlib/d2f.c                  0x00000000   Number         0  d2f.o ABSOLUTE
    ../fplib/microlib/f2d.c                  0x00000000   Number         0  f2d.o ABSOLUTE
    ../fplib/microlib/fpadd.c                0x00000000   Number         0  dadd.o ABSOLUTE
    ../fplib/microlib/fpdiv.c                0x00000000   Number         0  ddiv.o ABSOLUTE
    ../fplib/microlib/fpepilogue.c           0x00000000   Number         0  depilogue.o ABSOLUTE
    ../fplib/microlib/fpepilogue.c           0x00000000   Number         0  fepilogue.o ABSOLUTE
    ../fplib/microlib/fpmul.c                0x00000000   Number         0  dmul.o ABSOLUTE
    ../fplib/microlib/fpneg.c                0x00000000   Number         0  dneg.o ABSOLUTE
    ../fplib/microlib/fpsqrt.c               0x00000000   Number         0  dsqrt.o ABSOLUTE
    ../mathlib/asin.c                        0x00000000   Number         0  asin.o ABSOLUTE
    ../mathlib/asin.c                        0x00000000   Number         0  asin_x.o ABSOLUTE
    ../mathlib/atan.c                        0x00000000   Number         0  atan.o ABSOLUTE
    ../mathlib/atan.c                        0x00000000   Number         0  atan_x.o ABSOLUTE
    ../mathlib/atan2.c                       0x00000000   Number         0  atan2_x.o ABSOLUTE
    ../mathlib/atan2.c                       0x00000000   Number         0  atan2.o ABSOLUTE
    ../mathlib/dunder.c                      0x00000000   Number         0  dunder.o ABSOLUTE
    ../mathlib/fabs.c                        0x00000000   Number         0  fabs.o ABSOLUTE
    ../mathlib/fpclassify.c                  0x00000000   Number         0  fpclassify.o ABSOLUTE
    ../mathlib/poly.c                        0x00000000   Number         0  poly.o ABSOLUTE
    ../mathlib/qnan.c                        0x00000000   Number         0  qnan.o ABSOLUTE
    ../mathlib/sqrt.c                        0x00000000   Number         0  sqrt_x.o ABSOLUTE
    ../mathlib/sqrt.c                        0x00000000   Number         0  sqrt.o ABSOLUTE
    ..\Drivers\CMSIS\Device\ST\STM32F4xx\Source\Templates\system_stm32f4xx.c 0x00000000   Number         0  system_stm32f4xx.o ABSOLUTE
    ..\Drivers\STM32F4xx_HAL_Driver\Src\stm32f4xx_hal.c 0x00000000   Number         0  stm32f4xx_hal.o ABSOLUTE
    ..\Drivers\STM32F4xx_HAL_Driver\Src\stm32f4xx_hal_can.c 0x00000000   Number         0  stm32f4xx_hal_can.o ABSOLUTE
    ..\Drivers\STM32F4xx_HAL_Driver\Src\stm32f4xx_hal_cortex.c 0x00000000   Number         0  stm32f4xx_hal_cortex.o ABSOLUTE
    ..\Drivers\STM32F4xx_HAL_Driver\Src\stm32f4xx_hal_dma.c 0x00000000   Number         0  stm32f4xx_hal_dma.o ABSOLUTE
    ..\Drivers\STM32F4xx_HAL_Driver\Src\stm32f4xx_hal_dma_ex.c 0x00000000   Number         0  stm32f4xx_hal_dma_ex.o ABSOLUTE
    ..\Drivers\STM32F4xx_HAL_Driver\Src\stm32f4xx_hal_flash.c 0x00000000   Number         0  stm32f4xx_hal_flash.o ABSOLUTE
    ..\Drivers\STM32F4xx_HAL_Driver\Src\stm32f4xx_hal_flash_ex.c 0x00000000   Number         0  stm32f4xx_hal_flash_ex.o ABSOLUTE
    ..\Drivers\STM32F4xx_HAL_Driver\Src\stm32f4xx_hal_flash_ramfunc.c 0x00000000   Number         0  stm32f4xx_hal_flash_ramfunc.o ABSOLUTE
    ..\Drivers\STM32F4xx_HAL_Driver\Src\stm32f4xx_hal_gpio.c 0x00000000   Number         0  stm32f4xx_hal_gpio.o ABSOLUTE
    ..\Drivers\STM32F4xx_HAL_Driver\Src\stm32f4xx_hal_i2c.c 0x00000000   Number         0  stm32f4xx_hal_i2c.o ABSOLUTE
    ..\Drivers\STM32F4xx_HAL_Driver\Src\stm32f4xx_hal_i2c_ex.c 0x00000000   Number         0  stm32f4xx_hal_i2c_ex.o ABSOLUTE
    ..\Drivers\STM32F4xx_HAL_Driver\Src\stm32f4xx_hal_pwr.c 0x00000000   Number         0  stm32f4xx_hal_pwr.o ABSOLUTE
    ..\Drivers\STM32F4xx_HAL_Driver\Src\stm32f4xx_hal_pwr_ex.c 0x00000000   Number         0  stm32f4xx_hal_pwr_ex.o ABSOLUTE
    ..\Drivers\STM32F4xx_HAL_Driver\Src\stm32f4xx_hal_rcc.c 0x00000000   Number         0  stm32f4xx_hal_rcc.o ABSOLUTE
    ..\Drivers\STM32F4xx_HAL_Driver\Src\stm32f4xx_hal_rcc_ex.c 0x00000000   Number         0  stm32f4xx_hal_rcc_ex.o ABSOLUTE
    ..\Drivers\STM32F4xx_HAL_Driver\Src\stm32f4xx_hal_tim.c 0x00000000   Number         0  stm32f4xx_hal_tim.o ABSOLUTE
    ..\Drivers\STM32F4xx_HAL_Driver\Src\stm32f4xx_hal_tim_ex.c 0x00000000   Number         0  stm32f4xx_hal_tim_ex.o ABSOLUTE
    ..\Drivers\STM32F4xx_HAL_Driver\Src\stm32f4xx_hal_uart.c 0x00000000   Number         0  stm32f4xx_hal_uart.o ABSOLUTE
    ..\Src\6050.c                            0x00000000   Number         0  6050.o ABSOLUTE
    ..\Src\can.c                             0x00000000   Number         0  can.o ABSOLUTE
    ..\Src\chassis.c                         0x00000000   Number         0  chassis.o ABSOLUTE
    ..\Src\communi.c                         0x00000000   Number         0  communi.o ABSOLUTE
    ..\Src\core.c                            0x00000000   Number         0  core.o ABSOLUTE
    ..\Src\dma.c                             0x00000000   Number         0  dma.o ABSOLUTE
    ..\Src\gpio.c                            0x00000000   Number         0  gpio.o ABSOLUTE
    ..\Src\i2c.c                             0x00000000   Number         0  i2c.o ABSOLUTE
    ..\Src\imu.c                             0x00000000   Number         0  imu.o ABSOLUTE
    ..\Src\main.c                            0x00000000   Number         0  main.o ABSOLUTE
    ..\Src\pid.c                             0x00000000   Number         0  pid.o ABSOLUTE
    ..\Src\stm32f4xx_hal_msp.c               0x00000000   Number         0  stm32f4xx_hal_msp.o ABSOLUTE
    ..\Src\stm32f4xx_it.c                    0x00000000   Number         0  stm32f4xx_it.o ABSOLUTE
    ..\Src\tim.c                             0x00000000   Number         0  tim.o ABSOLUTE
    ..\Src\usart.c                           0x00000000   Number         0  usart.o ABSOLUTE
    ..\\Drivers\\STM32F4xx_HAL_Driver\\Src\\stm32f4xx_hal_i2c.c 0x00000000   Number         0  stm32f4xx_hal_i2c.o ABSOLUTE
    ..\\Drivers\\STM32F4xx_HAL_Driver\\Src\\stm32f4xx_hal_i2c_ex.c 0x00000000   Number         0  stm32f4xx_hal_i2c_ex.o ABSOLUTE
    ..\\Src\\6050.c                          0x00000000   Number         0  6050.o ABSOLUTE
    ..\\Src\\chassis.c                       0x00000000   Number         0  chassis.o ABSOLUTE
    ..\\Src\\communi.c                       0x00000000   Number         0  communi.o ABSOLUTE
    ..\\Src\\core.c                          0x00000000   Number         0  core.o ABSOLUTE
    ..\\Src\\i2c.c                           0x00000000   Number         0  i2c.o ABSOLUTE
    ..\\Src\\imu.c                           0x00000000   Number         0  imu.o ABSOLUTE
    ..\\Src\\pid.c                           0x00000000   Number         0  pid.o ABSOLUTE
    cdcmple.s                                0x00000000   Number         0  cdcmple.o ABSOLUTE
    dc.s                                     0x00000000   Number         0  dc.o ABSOLUTE
    handlers.s                               0x00000000   Number         0  handlers.o ABSOLUTE
    init.s                                   0x00000000   Number         0  init.o ABSOLUTE
    startup_stm32f405xx.s                    0x00000000   Number         0  startup_stm32f405xx.o ABSOLUTE
    RESET                                    0x08000000   Section      392  startup_stm32f405xx.o(RESET)
    .ARM.Collect$$$$00000000                 0x08000188   Section        0  entry.o(.ARM.Collect$$$$00000000)
    .ARM.Collect$$$$00000001                 0x08000188   Section        4  entry2.o(.ARM.Collect$$$$00000001)
    .ARM.Collect$$$$00000004                 0x0800018c   Section        4  entry5.o(.ARM.Collect$$$$00000004)
    .ARM.Collect$$$$00000008                 0x08000190   Section        0  entry7b.o(.ARM.Collect$$$$00000008)
    .ARM.Collect$$$$0000000A                 0x08000190   Section        0  entry8b.o(.ARM.Collect$$$$0000000A)
    .ARM.Collect$$$$0000000B                 0x08000190   Section        8  entry9a.o(.ARM.Collect$$$$0000000B)
    .ARM.Collect$$$$0000000D                 0x08000198   Section        0  entry10a.o(.ARM.Collect$$$$0000000D)
    .ARM.Collect$$$$0000000F                 0x08000198   Section        0  entry11a.o(.ARM.Collect$$$$0000000F)
    .ARM.Collect$$$$00002712                 0x08000198   Section        4  entry2.o(.ARM.Collect$$$$00002712)
    __lit__00000000                          0x08000198   Data           4  entry2.o(.ARM.Collect$$$$00002712)
    .text                                    0x0800019c   Section       36  startup_stm32f405xx.o(.text)
    $v0                                      0x0800019c   Number         0  startup_stm32f405xx.o(.text)
    .text                                    0x080001c0   Section        0  memcpya.o(.text)
    .text                                    0x080001e4   Section       36  init.o(.text)
    i.BusFault_Handler                       0x08000208   Section        0  stm32f4xx_it.o(i.BusFault_Handler)
    i.CAN1_RX0_IRQHandler                    0x0800020c   Section        0  stm32f4xx_it.o(i.CAN1_RX0_IRQHandler)
    i.CAN1_TX_IRQHandler                     0x08000218   Section        0  stm32f4xx_it.o(i.CAN1_TX_IRQHandler)
    i.CAN2_RX0_IRQHandler                    0x08000224   Section        0  stm32f4xx_it.o(i.CAN2_RX0_IRQHandler)
    i.CAN2_TX_IRQHandler                     0x08000230   Section        0  stm32f4xx_it.o(i.CAN2_TX_IRQHandler)
    i.CAN_Receive_IT                         0x0800023c   Section        0  stm32f4xx_hal_can.o(i.CAN_Receive_IT)
    CAN_Receive_IT                           0x0800023d   Thumb Code   296  stm32f4xx_hal_can.o(i.CAN_Receive_IT)
    i.CAN_Transmit_IT                        0x08000364   Section        0  stm32f4xx_hal_can.o(i.CAN_Transmit_IT)
    CAN_Transmit_IT                          0x08000365   Thumb Code    96  stm32f4xx_hal_can.o(i.CAN_Transmit_IT)
    i.Core_Task                              0x080003c4   Section        0  core.o(i.Core_Task)
    i.DMA1_Stream1_IRQHandler                0x08000464   Section        0  stm32f4xx_it.o(i.DMA1_Stream1_IRQHandler)
    i.DMA1_Stream3_IRQHandler                0x08000470   Section        0  stm32f4xx_it.o(i.DMA1_Stream3_IRQHandler)
    i.DMA1_Stream5_IRQHandler                0x0800047c   Section        0  stm32f4xx_it.o(i.DMA1_Stream5_IRQHandler)
    i.DMA1_Stream6_IRQHandler                0x08000488   Section        0  stm32f4xx_it.o(i.DMA1_Stream6_IRQHandler)
    i.DMA2_Stream5_IRQHandler                0x0800050c   Section        0  stm32f4xx_it.o(i.DMA2_Stream5_IRQHandler)
    i.DMA_CalcBaseAndBitshift                0x08000518   Section        0  stm32f4xx_hal_dma.o(i.DMA_CalcBaseAndBitshift)
    DMA_CalcBaseAndBitshift                  0x08000519   Thumb Code    34  stm32f4xx_hal_dma.o(i.DMA_CalcBaseAndBitshift)
    i.DMA_SetConfig                          0x08000540   Section        0  stm32f4xx_hal_dma.o(i.DMA_SetConfig)
    DMA_SetConfig                            0x08000541   Thumb Code    40  stm32f4xx_hal_dma.o(i.DMA_SetConfig)
    i.DebugMon_Handler                       0x08000568   Section        0  stm32f4xx_it.o(i.DebugMon_Handler)
    i.Get_Freqz                              0x0800056c   Section        0  tim.o(i.Get_Freqz)
    i.Gyro_OFFEST                            0x080005a4   Section        0  6050.o(i.Gyro_OFFEST)
    i.HAL_CAN_ConfigFilter                   0x08000664   Section        0  stm32f4xx_hal_can.o(i.HAL_CAN_ConfigFilter)
    i.HAL_CAN_ErrorCallback                  0x08000748   Section        0  stm32f4xx_hal_can.o(i.HAL_CAN_ErrorCallback)
    i.HAL_CAN_IRQHandler                     0x0800074c   Section        0  stm32f4xx_hal_can.o(i.HAL_CAN_IRQHandler)
    i.HAL_CAN_Init                           0x080008cc   Section        0  stm32f4xx_hal_can.o(i.HAL_CAN_Init)
    i.HAL_CAN_MspInit                        0x08000a14   Section        0  can.o(i.HAL_CAN_MspInit)
    i.HAL_CAN_RxCpltCallback                 0x08000ae8   Section        0  can.o(i.HAL_CAN_RxCpltCallback)
    i.HAL_CAN_Transmit                       0x08000b5c   Section        0  stm32f4xx_hal_can.o(i.HAL_CAN_Transmit)
    i.HAL_CAN_TxCpltCallback                 0x08000cf0   Section        0  stm32f4xx_hal_can.o(i.HAL_CAN_TxCpltCallback)
    i.HAL_DMA_IRQHandler                     0x08000cf4   Section        0  stm32f4xx_hal_dma.o(i.HAL_DMA_IRQHandler)
    i.HAL_DMA_Init                           0x08000e94   Section        0  stm32f4xx_hal_dma.o(i.HAL_DMA_Init)
    i.HAL_DMA_Start_IT                       0x08000f0c   Section        0  stm32f4xx_hal_dma.o(i.HAL_DMA_Start_IT)
    i.HAL_GPIO_Init                          0x08000f5c   Section        0  stm32f4xx_hal_gpio.o(i.HAL_GPIO_Init)
    i.HAL_GPIO_ReadPin                       0x0800111c   Section        0  stm32f4xx_hal_gpio.o(i.HAL_GPIO_ReadPin)
    i.HAL_GPIO_TogglePin                     0x08001126   Section        0  stm32f4xx_hal_gpio.o(i.HAL_GPIO_TogglePin)
    i.HAL_GPIO_WritePin                      0x0800112e   Section        0  stm32f4xx_hal_gpio.o(i.HAL_GPIO_WritePin)
    i.HAL_GetTick                            0x08001138   Section        0  stm32f4xx_hal.o(i.HAL_GetTick)
    i.HAL_IncTick                            0x08001144   Section        0  stm32f4xx_hal.o(i.HAL_IncTick)
    i.HAL_Init                               0x08001154   Section        0  stm32f4xx_hal.o(i.HAL_Init)
    i.HAL_InitTick                           0x08001188   Section        0  stm32f4xx_hal.o(i.HAL_InitTick)
    i.HAL_MspInit                            0x080011aa   Section        0  stm32f4xx_hal_msp.o(i.HAL_MspInit)
    i.HAL_NVIC_EnableIRQ                     0x080011ee   Section        0  stm32f4xx_hal_cortex.o(i.HAL_NVIC_EnableIRQ)
    i.HAL_NVIC_SetPriority                   0x08001204   Section        0  stm32f4xx_hal_cortex.o(i.HAL_NVIC_SetPriority)
    i.HAL_NVIC_SetPriorityGrouping           0x08001244   Section        0  stm32f4xx_hal_cortex.o(i.HAL_NVIC_SetPriorityGrouping)
    i.HAL_RCC_ClockConfig                    0x08001268   Section        0  stm32f4xx_hal_rcc.o(i.HAL_RCC_ClockConfig)
    i.HAL_RCC_GetHCLKFreq                    0x080013a8   Section        0  stm32f4xx_hal_rcc.o(i.HAL_RCC_GetHCLKFreq)
    i.HAL_RCC_GetPCLK1Freq                   0x080013dc   Section        0  stm32f4xx_hal_rcc.o(i.HAL_RCC_GetPCLK1Freq)
    i.HAL_RCC_GetPCLK2Freq                   0x08001408   Section        0  stm32f4xx_hal_rcc.o(i.HAL_RCC_GetPCLK2Freq)
    i.HAL_RCC_GetSysClockFreq                0x08001434   Section        0  stm32f4xx_hal_rcc.o(i.HAL_RCC_GetSysClockFreq)
    i.HAL_RCC_OscConfig                      0x080014a4   Section        0  stm32f4xx_hal_rcc.o(i.HAL_RCC_OscConfig)
    i.HAL_SYSTICK_CLKSourceConfig            0x08001788   Section        0  stm32f4xx_hal_cortex.o(i.HAL_SYSTICK_CLKSourceConfig)
    i.HAL_SYSTICK_Callback                   0x080017a0   Section        0  stm32f4xx_hal_cortex.o(i.HAL_SYSTICK_Callback)
    i.HAL_SYSTICK_Config                     0x080017a2   Section        0  stm32f4xx_hal_cortex.o(i.HAL_SYSTICK_Config)
    i.HAL_SYSTICK_IRQHandler                 0x080017ca   Section        0  stm32f4xx_hal_cortex.o(i.HAL_SYSTICK_IRQHandler)
    i.HAL_TIMEx_BreakCallback                0x080017d2   Section        0  stm32f4xx_hal_tim_ex.o(i.HAL_TIMEx_BreakCallback)
    i.HAL_TIMEx_CommutationCallback          0x080017d4   Section        0  stm32f4xx_hal_tim_ex.o(i.HAL_TIMEx_CommutationCallback)
    i.HAL_TIMEx_MasterConfigSynchronization  0x080017d6   Section        0  stm32f4xx_hal_tim_ex.o(i.HAL_TIMEx_MasterConfigSynchronization)
    i.HAL_TIM_Base_Init                      0x08001826   Section        0  stm32f4xx_hal_tim.o(i.HAL_TIM_Base_Init)
    i.HAL_TIM_Base_MspInit                   0x0800185c   Section        0  tim.o(i.HAL_TIM_Base_MspInit)
    i.HAL_TIM_ConfigClockSource              0x080018d4   Section        0  stm32f4xx_hal_tim.o(i.HAL_TIM_ConfigClockSource)
    i.HAL_TIM_IC_CaptureCallback             0x080019c6   Section        0  stm32f4xx_hal_tim.o(i.HAL_TIM_IC_CaptureCallback)
    i.HAL_TIM_IRQHandler                     0x080019c8   Section        0  stm32f4xx_hal_tim.o(i.HAL_TIM_IRQHandler)
    i.HAL_TIM_OC_DelayElapsedCallback        0x08001b2e   Section        0  stm32f4xx_hal_tim.o(i.HAL_TIM_OC_DelayElapsedCallback)
    i.HAL_TIM_PWM_PulseFinishedCallback      0x08001b30   Section        0  stm32f4xx_hal_tim.o(i.HAL_TIM_PWM_PulseFinishedCallback)
    i.HAL_TIM_PeriodElapsedCallback          0x08001b32   Section        0  stm32f4xx_hal_tim.o(i.HAL_TIM_PeriodElapsedCallback)
    i.HAL_TIM_TriggerCallback                0x08001b34   Section        0  stm32f4xx_hal_tim.o(i.HAL_TIM_TriggerCallback)
    i.HAL_UART_ErrorCallback                 0x08001b36   Section        0  stm32f4xx_hal_uart.o(i.HAL_UART_ErrorCallback)
    i.HAL_UART_IRQHandler                    0x08001b38   Section        0  stm32f4xx_hal_uart.o(i.HAL_UART_IRQHandler)
    i.HAL_UART_Init                          0x08001c20   Section        0  stm32f4xx_hal_uart.o(i.HAL_UART_Init)
    i.HAL_UART_MspInit                       0x08001c84   Section        0  usart.o(i.HAL_UART_MspInit)
    i.HAL_UART_Receive_DMA                   0x08001e78   Section        0  stm32f4xx_hal_uart.o(i.HAL_UART_Receive_DMA)
    i.HAL_UART_RxCpltCallback                0x08001ef0   Section        0  stm32f4xx_hal_uart.o(i.HAL_UART_RxCpltCallback)
    i.HAL_UART_RxHalfCpltCallback            0x08001ef2   Section        0  stm32f4xx_hal_uart.o(i.HAL_UART_RxHalfCpltCallback)
    i.HAL_UART_Transmit_DMA                  0x08001ef4   Section        0  stm32f4xx_hal_uart.o(i.HAL_UART_Transmit_DMA)
    i.HAL_UART_TxCpltCallback                0x08001f70   Section        0  stm32f4xx_hal_uart.o(i.HAL_UART_TxCpltCallback)
    i.HAL_UART_TxHalfCpltCallback            0x08001f72   Section        0  stm32f4xx_hal_uart.o(i.HAL_UART_TxHalfCpltCallback)
    i.HardFault_Handler                      0x08001f74   Section        0  stm32f4xx_it.o(i.HardFault_Handler)
    i.I2C_NoAck                              0x08001f78   Section        0  i2c.o(i.I2C_NoAck)
    i.I2C_RadeByte                           0x08001fc0   Section        0  i2c.o(i.I2C_RadeByte)
    i.I2C_SendByte                           0x08002028   Section        0  i2c.o(i.I2C_SendByte)
    i.I2C_Start                              0x08002088   Section        0  i2c.o(i.I2C_Start)
    i.I2C_Stop                               0x080020e4   Section        0  i2c.o(i.I2C_Stop)
    i.I2C_WaitAck                            0x08002130   Section        0  i2c.o(i.I2C_WaitAck)
    i.I2C_delay                              0x08002194   Section        0  i2c.o(i.I2C_delay)
    i.IIC_Init                               0x0800219c   Section        0  i2c.o(i.IIC_Init)
    i.InitMPU6050                            0x080021d8   Section        0  6050.o(i.InitMPU6050)
    i.MPU6050_Read                           0x08002274   Section        0  6050.o(i.MPU6050_Read)
    i.MX_CAN1_Init                           0x080022f8   Section        0  can.o(i.MX_CAN1_Init)
    i.MX_CAN2_Init                           0x0800236c   Section        0  can.o(i.MX_CAN2_Init)
    i.MX_DMA_Init                            0x080023c8   Section        0  dma.o(i.MX_DMA_Init)
    i.MX_GPIO_Init                           0x08002404   Section        0  gpio.o(i.MX_GPIO_Init)
    i.MX_TIM2_Init                           0x08002440   Section        0  tim.o(i.MX_TIM2_Init)
    i.MX_TIM3_Init                           0x0800248c   Section        0  tim.o(i.MX_TIM3_Init)
    i.MX_TIM4_Init                           0x080024e4   Section        0  tim.o(i.MX_TIM4_Init)
    i.MX_USART1_UART_Init                    0x08002540   Section        0  usart.o(i.MX_USART1_UART_Init)
    i.MX_USART2_UART_Init                    0x0800256c   Section        0  usart.o(i.MX_USART2_UART_Init)
    i.MX_USART3_UART_Init                    0x08002594   Section        0  usart.o(i.MX_USART3_UART_Init)
    i.MemManage_Handler                      0x080025bc   Section        0  stm32f4xx_it.o(i.MemManage_Handler)
    i.NMI_Handler                            0x080025be   Section        0  stm32f4xx_it.o(i.NMI_Handler)
    i.NVIC_SetPriority                       0x080025c0   Section        0  stm32f4xx_hal_cortex.o(i.NVIC_SetPriority)
    NVIC_SetPriority                         0x080025c1   Thumb Code    32  stm32f4xx_hal_cortex.o(i.NVIC_SetPriority)
    i.Readremote                             0x080025e0   Section        0  communi.o(i.Readremote)
    i.RemoteFeed                             0x08002668   Section        0  core.o(i.RemoteFeed)
    i.Remote_rx_start                        0x08002684   Section        0  usart.o(i.Remote_rx_start)
    i.Single_Read                            0x080026b0   Section        0  i2c.o(i.Single_Read)
    i.Single_Write                           0x080026fe   Section        0  i2c.o(i.Single_Write)
    i.SysTick_Handler                        0x08002742   Section        0  stm32f4xx_it.o(i.SysTick_Handler)
    i.SystemClock_Config                     0x08002750   Section        0  main.o(i.SystemClock_Config)
    i.SystemInit                             0x080027e0   Section        0  system_stm32f4xx.o(i.SystemInit)
    i.TIM2_IRQHandler                        0x08002834   Section        0  stm32f4xx_it.o(i.TIM2_IRQHandler)
    i.TIM3_IRQHandler                        0x08002840   Section        0  stm32f4xx_it.o(i.TIM3_IRQHandler)
    i.TIM4_IRQHandler                        0x08002858   Section        0  stm32f4xx_it.o(i.TIM4_IRQHandler)
    i.TIM_Base_SetConfig                     0x080028a0   Section        0  stm32f4xx_hal_tim.o(i.TIM_Base_SetConfig)
    i.TIM_ETR_SetConfig                      0x08002960   Section        0  stm32f4xx_hal_tim.o(i.TIM_ETR_SetConfig)
    TIM_ETR_SetConfig                        0x08002961   Thumb Code    20  stm32f4xx_hal_tim.o(i.TIM_ETR_SetConfig)
    i.TIM_ITRx_SetConfig                     0x08002974   Section        0  stm32f4xx_hal_tim.o(i.TIM_ITRx_SetConfig)
    TIM_ITRx_SetConfig                       0x08002975   Thumb Code    16  stm32f4xx_hal_tim.o(i.TIM_ITRx_SetConfig)
    i.TIM_TI1_ConfigInputStage               0x08002984   Section        0  stm32f4xx_hal_tim.o(i.TIM_TI1_ConfigInputStage)
    TIM_TI1_ConfigInputStage                 0x08002985   Thumb Code    34  stm32f4xx_hal_tim.o(i.TIM_TI1_ConfigInputStage)
    i.TIM_TI2_ConfigInputStage               0x080029a6   Section        0  stm32f4xx_hal_tim.o(i.TIM_TI2_ConfigInputStage)
    TIM_TI2_ConfigInputStage                 0x080029a7   Thumb Code    36  stm32f4xx_hal_tim.o(i.TIM_TI2_ConfigInputStage)
    i.UART_DMAError                          0x080029ca   Section        0  stm32f4xx_hal_uart.o(i.UART_DMAError)
    UART_DMAError                            0x080029cb   Thumb Code    34  stm32f4xx_hal_uart.o(i.UART_DMAError)
    i.UART_DMAReceiveCplt                    0x080029ec   Section        0  stm32f4xx_hal_uart.o(i.UART_DMAReceiveCplt)
    UART_DMAReceiveCplt                      0x080029ed   Thumb Code    40  stm32f4xx_hal_uart.o(i.UART_DMAReceiveCplt)
    i.UART_DMARxHalfCplt                     0x08002a14   Section        0  stm32f4xx_hal_uart.o(i.UART_DMARxHalfCplt)
    UART_DMARxHalfCplt                       0x08002a15   Thumb Code    10  stm32f4xx_hal_uart.o(i.UART_DMARxHalfCplt)
    i.UART_DMATransmitCplt                   0x08002a1e   Section        0  stm32f4xx_hal_uart.o(i.UART_DMATransmitCplt)
    UART_DMATransmitCplt                     0x08002a1f   Thumb Code    46  stm32f4xx_hal_uart.o(i.UART_DMATransmitCplt)
    i.UART_DMATxHalfCplt                     0x08002a4c   Section        0  stm32f4xx_hal_uart.o(i.UART_DMATxHalfCplt)
    UART_DMATxHalfCplt                       0x08002a4d   Thumb Code    10  stm32f4xx_hal_uart.o(i.UART_DMATxHalfCplt)
    i.UART_Receive_IT                        0x08002a56   Section        0  stm32f4xx_hal_uart.o(i.UART_Receive_IT)
    UART_Receive_IT                          0x08002a57   Thumb Code   150  stm32f4xx_hal_uart.o(i.UART_Receive_IT)
    i.UART_SetConfig                         0x08002aec   Section        0  stm32f4xx_hal_uart.o(i.UART_SetConfig)
    UART_SetConfig                           0x08002aed   Thumb Code   676  stm32f4xx_hal_uart.o(i.UART_SetConfig)
    i.UART_Transmit_IT                       0x08002d98   Section        0  stm32f4xx_hal_uart.o(i.UART_Transmit_IT)
    UART_Transmit_IT                         0x08002d99   Thumb Code    98  stm32f4xx_hal_uart.o(i.UART_Transmit_IT)
    i.USART1_IRQHandler                      0x08002dfc   Section        0  stm32f4xx_it.o(i.USART1_IRQHandler)
    i.USART2_IRQHandler                      0x08002e70   Section        0  stm32f4xx_it.o(i.USART2_IRQHandler)
    i.USART3_IRQHandler                      0x08002ebc   Section        0  stm32f4xx_it.o(i.USART3_IRQHandler)
    i.UsageFault_Handler                     0x08002ec8   Section        0  stm32f4xx_it.o(i.UsageFault_Handler)
    i.Usart2_rx_start                        0x08002ecc   Section        0  usart.o(i.Usart2_rx_start)
    i.Usart_Tx                               0x08002ef4   Section        0  core.o(i.Usart_Tx)
    i.__scatterload_copy                     0x08002fbc   Section       14  handlers.o(i.__scatterload_copy)
    i.__scatterload_null                     0x08002fca   Section        2  handlers.o(i.__scatterload_null)
    i.__scatterload_zeroinit                 0x08002fcc   Section       14  handlers.o(i.__scatterload_zeroinit)
    i.can_send_msg                           0x08002fda   Section        0  can.o(i.can_send_msg)
    i.delay5ms                               0x08003048   Section        0  i2c.o(i.delay5ms)
    i.delayms                                0x08003052   Section        0  6050.o(i.delayms)
    i.free                                   0x08003060   Section        0  malloc.o(i.free)
    i.imu                                    0x080030b0   Section        0  imu.o(i.imu)
    i.led_config                             0x080030b8   Section        0  gpio.o(i.led_config)
    i.main                                   0x080030f4   Section        0  main.o(i.main)
    i.malloc                                 0x08003164   Section        0  malloc.o(i.malloc)
    i.readIMU                                0x080031d0   Section        0  imu.o(i.readIMU)
    .constdata                               0x08003218   Section       16  stm32f4xx_hal_rcc.o(.constdata)
    .constdata                               0x08003228   Section        8  stm32f4xx_hal_dma.o(.constdata)
    flagBitshiftOffset                       0x08003228   Data           8  stm32f4xx_hal_dma.o(.constdata)
    .data                                    0x20000000   Section       10  usart.o(.data)
    .data                                    0x2000000c   Section        4  can.o(.data)
    HAL_RCC_CAN1_CLK_ENABLED                 0x2000000c   Data           4  can.o(.data)
    .data                                    0x20000010   Section       20  stm32f4xx_it.o(.data)
    usart1_runtime_rxlen                     0x20000012   Data           2  stm32f4xx_it.o(.data)
    usart2_runtime_rxlen                     0x20000014   Data           2  stm32f4xx_it.o(.data)
    tim3_count                               0x20000018   Data           4  stm32f4xx_it.o(.data)
    tim4_count                               0x2000001c   Data           4  stm32f4xx_it.o(.data)
    .data                                    0x20000024   Section        5  core.o(.data)
    feed_count                               0x20000024   Data           2  core.o(.data)
    .data                                    0x20000029   Section        1  communi.o(.data)
    .data                                    0x2000002c   Section       16  imu.o(.data)
    .data                                    0x2000003c   Section        8  imu.o(.data)
    .data                                    0x20000044   Section        1  6050.o(.data)
    .data                                    0x20000048   Section        4  system_stm32f4xx.o(.data)
    .data                                    0x2000004c   Section        4  stm32f4xx_hal.o(.data)
    .data                                    0x20000050   Section        4  mvars.o(.data)
    .data                                    0x20000054   Section        4  mvars.o(.data)
    .bss                                     0x20000058   Section      650  usart.o(.bss)
    .bss                                     0x200002e2   Section       18  usart.o(.bss)
    .bss                                     0x200002f4   Section       19  usart.o(.bss)
    .bss                                     0x20000308   Section      180  tim.o(.bss)
    .bss                                     0x200003bc   Section      272  can.o(.bss)
    .bss                                     0x200004cc   Section       16  core.o(.bss)
    .bss                                     0x200004dc   Section       20  communi.o(.bss)
    .bss                                     0x200004f0   Section       88  6050.o(.bss)
    HEAP                                     0x20000548   Section      512  startup_stm32f405xx.o(HEAP)
    STACK                                    0x20000748   Section     2048  startup_stm32f405xx.o(STACK)

    Global Symbols

    Symbol Name                              Value     Ov Type        Size  Object(Section)

    BuildAttributes$$THM_ISAv4$E$P$D$K$B$S$7EM$VFPi3$EXTD16$VFPS$VFMA$PE$A:L22UL41UL21$X:L11$S22US41US21$IEEE1$IW$USESV6$~STKCKD$USESV7$~SHL$OTIME$ROPI$IEEEX$EBA8$MICROLIB$REQ8$PRES8$EABIv2 0x00000000   Number         0  anon$$obj.o ABSOLUTE
    __ARM_use_no_argv                        0x00000000   Number         0  main.o ABSOLUTE
    __cpp_initialize__aeabi_                  - Undefined Weak Reference
    __cxa_finalize                            - Undefined Weak Reference
    __decompress                              - Undefined Weak Reference
    _clock_init                               - Undefined Weak Reference
    _microlib_exit                            - Undefined Weak Reference
    __Vectors_Size                           0x00000188   Number         0  startup_stm32f405xx.o ABSOLUTE
    __Vectors                                0x08000000   Data           4  startup_stm32f405xx.o(RESET)
    __Vectors_End                            0x08000188   Data           0  startup_stm32f405xx.o(RESET)
    __main                                   0x08000189   Thumb Code     0  entry.o(.ARM.Collect$$$$00000000)
    _main_stk                                0x08000189   Thumb Code     0  entry2.o(.ARM.Collect$$$$00000001)
    _main_scatterload                        0x0800018d   Thumb Code     0  entry5.o(.ARM.Collect$$$$00000004)
    __main_after_scatterload                 0x08000191   Thumb Code     0  entry5.o(.ARM.Collect$$$$00000004)
    _main_clock                              0x08000191   Thumb Code     0  entry7b.o(.ARM.Collect$$$$00000008)
    _main_cpp_init                           0x08000191   Thumb Code     0  entry8b.o(.ARM.Collect$$$$0000000A)
    _main_init                               0x08000191   Thumb Code     0  entry9a.o(.ARM.Collect$$$$0000000B)
    __rt_final_cpp                           0x08000199   Thumb Code     0  entry10a.o(.ARM.Collect$$$$0000000D)
    __rt_final_exit                          0x08000199   Thumb Code     0  entry11a.o(.ARM.Collect$$$$0000000F)
    Reset_Handler                            0x0800019d   Thumb Code     8  startup_stm32f405xx.o(.text)
    SVC_Handler                              0x080001af   Thumb Code     2  startup_stm32f405xx.o(.text)
    PendSV_Handler                           0x080001b3   Thumb Code     2  startup_stm32f405xx.o(.text)
    ADC_IRQHandler                           0x080001b7   Thumb Code     0  startup_stm32f405xx.o(.text)
    CAN1_RX1_IRQHandler                      0x080001b7   Thumb Code     0  startup_stm32f405xx.o(.text)
    CAN1_SCE_IRQHandler                      0x080001b7   Thumb Code     0  startup_stm32f405xx.o(.text)
    CAN2_RX1_IRQHandler                      0x080001b7   Thumb Code     0  startup_stm32f405xx.o(.text)
    CAN2_SCE_IRQHandler                      0x080001b7   Thumb Code     0  startup_stm32f405xx.o(.text)
    DMA1_Stream0_IRQHandler                  0x080001b7   Thumb Code     0  startup_stm32f405xx.o(.text)
    DMA1_Stream2_IRQHandler                  0x080001b7   Thumb Code     0  startup_stm32f405xx.o(.text)
    DMA1_Stream4_IRQHandler                  0x080001b7   Thumb Code     0  startup_stm32f405xx.o(.text)
    DMA1_Stream7_IRQHandler                  0x080001b7   Thumb Code     0  startup_stm32f405xx.o(.text)
    DMA2_Stream0_IRQHandler                  0x080001b7   Thumb Code     0  startup_stm32f405xx.o(.text)
    DMA2_Stream1_IRQHandler                  0x080001b7   Thumb Code     0  startup_stm32f405xx.o(.text)
    DMA2_Stream2_IRQHandler                  0x080001b7   Thumb Code     0  startup_stm32f405xx.o(.text)
    DMA2_Stream3_IRQHandler                  0x080001b7   Thumb Code     0  startup_stm32f405xx.o(.text)
    DMA2_Stream4_IRQHandler                  0x080001b7   Thumb Code     0  startup_stm32f405xx.o(.text)
    DMA2_Stream6_IRQHandler                  0x080001b7   Thumb Code     0  startup_stm32f405xx.o(.text)
    DMA2_Stream7_IRQHandler                  0x080001b7   Thumb Code     0  startup_stm32f405xx.o(.text)
    EXTI0_IRQHandler                         0x080001b7   Thumb Code     0  startup_stm32f405xx.o(.text)
    EXTI15_10_IRQHandler                     0x080001b7   Thumb Code     0  startup_stm32f405xx.o(.text)
    EXTI1_IRQHandler                         0x080001b7   Thumb Code     0  startup_stm32f405xx.o(.text)
    EXTI2_IRQHandler                         0x080001b7   Thumb Code     0  startup_stm32f405xx.o(.text)
    EXTI3_IRQHandler                         0x080001b7   Thumb Code     0  startup_stm32f405xx.o(.text)
    EXTI4_IRQHandler                         0x080001b7   Thumb Code     0  startup_stm32f405xx.o(.text)
    EXTI9_5_IRQHandler                       0x080001b7   Thumb Code     0  startup_stm32f405xx.o(.text)
    FLASH_IRQHandler                         0x080001b7   Thumb Code     0  startup_stm32f405xx.o(.text)
    FMC_IRQHandler                           0x080001b7   Thumb Code     0  startup_stm32f405xx.o(.text)
    FPU_IRQHandler                           0x080001b7   Thumb Code     0  startup_stm32f405xx.o(.text)
    HASH_RNG_IRQHandler                      0x080001b7   Thumb Code     0  startup_stm32f405xx.o(.text)
    I2C1_ER_IRQHandler                       0x080001b7   Thumb Code     0  startup_stm32f405xx.o(.text)
    I2C1_EV_IRQHandler                       0x080001b7   Thumb Code     0  startup_stm32f405xx.o(.text)
    I2C2_ER_IRQHandler                       0x080001b7   Thumb Code     0  startup_stm32f405xx.o(.text)
    I2C2_EV_IRQHandler                       0x080001b7   Thumb Code     0  startup_stm32f405xx.o(.text)
    I2C3_ER_IRQHandler                       0x080001b7   Thumb Code     0  startup_stm32f405xx.o(.text)
    I2C3_EV_IRQHandler                       0x080001b7   Thumb Code     0  startup_stm32f405xx.o(.text)
    OTG_FS_IRQHandler                        0x080001b7   Thumb Code     0  startup_stm32f405xx.o(.text)
    OTG_FS_WKUP_IRQHandler                   0x080001b7   Thumb Code     0  startup_stm32f405xx.o(.text)
    OTG_HS_EP1_IN_IRQHandler                 0x080001b7   Thumb Code     0  startup_stm32f405xx.o(.text)
    OTG_HS_EP1_OUT_IRQHandler                0x080001b7   Thumb Code     0  startup_stm32f405xx.o(.text)
    OTG_HS_IRQHandler                        0x080001b7   Thumb Code     0  startup_stm32f405xx.o(.text)
    OTG_HS_WKUP_IRQHandler                   0x080001b7   Thumb Code     0  startup_stm32f405xx.o(.text)
    PVD_IRQHandler                           0x080001b7   Thumb Code     0  startup_stm32f405xx.o(.text)
    RCC_IRQHandler                           0x080001b7   Thumb Code     0  startup_stm32f405xx.o(.text)
    RTC_Alarm_IRQHandler                     0x080001b7   Thumb Code     0  startup_stm32f405xx.o(.text)
    RTC_WKUP_IRQHandler                      0x080001b7   Thumb Code     0  startup_stm32f405xx.o(.text)
    SDIO_IRQHandler                          0x080001b7   Thumb Code     0  startup_stm32f405xx.o(.text)
    SPI1_IRQHandler                          0x080001b7   Thumb Code     0  startup_stm32f405xx.o(.text)
    SPI2_IRQHandler                          0x080001b7   Thumb Code     0  startup_stm32f405xx.o(.text)
    SPI3_IRQHandler                          0x080001b7   Thumb Code     0  startup_stm32f405xx.o(.text)
    TAMP_STAMP_IRQHandler                    0x080001b7   Thumb Code     0  startup_stm32f405xx.o(.text)
    TIM1_BRK_TIM9_IRQHandler                 0x080001b7   Thumb Code     0  startup_stm32f405xx.o(.text)
    TIM1_CC_IRQHandler                       0x080001b7   Thumb Code     0  startup_stm32f405xx.o(.text)
    TIM1_TRG_COM_TIM11_IRQHandler            0x080001b7   Thumb Code     0  startup_stm32f405xx.o(.text)
    TIM1_UP_TIM10_IRQHandler                 0x080001b7   Thumb Code     0  startup_stm32f405xx.o(.text)
    TIM5_IRQHandler                          0x080001b7   Thumb Code     0  startup_stm32f405xx.o(.text)
    TIM6_DAC_IRQHandler                      0x080001b7   Thumb Code     0  startup_stm32f405xx.o(.text)
    TIM7_IRQHandler                          0x080001b7   Thumb Code     0  startup_stm32f405xx.o(.text)
    TIM8_BRK_TIM12_IRQHandler                0x080001b7   Thumb Code     0  startup_stm32f405xx.o(.text)
    TIM8_CC_IRQHandler                       0x080001b7   Thumb Code     0  startup_stm32f405xx.o(.text)
    TIM8_TRG_COM_TIM14_IRQHandler            0x080001b7   Thumb Code     0  startup_stm32f405xx.o(.text)
    TIM8_UP_TIM13_IRQHandler                 0x080001b7   Thumb Code     0  startup_stm32f405xx.o(.text)
    UART4_IRQHandler                         0x080001b7   Thumb Code     0  startup_stm32f405xx.o(.text)
    UART5_IRQHandler                         0x080001b7   Thumb Code     0  startup_stm32f405xx.o(.text)
    USART6_IRQHandler                        0x080001b7   Thumb Code     0  startup_stm32f405xx.o(.text)
    WWDG_IRQHandler                          0x080001b7   Thumb Code     0  startup_stm32f405xx.o(.text)
    __aeabi_memcpy                           0x080001c1   Thumb Code    36  memcpya.o(.text)
    __aeabi_memcpy4                          0x080001c1   Thumb Code     0  memcpya.o(.text)
    __aeabi_memcpy8                          0x080001c1   Thumb Code     0  memcpya.o(.text)
    __scatterload                            0x080001e5   Thumb Code    28  init.o(.text)
    __scatterload_rt2                        0x080001e5   Thumb Code     0  init.o(.text)
    BusFault_Handler                         0x08000209   Thumb Code     2  stm32f4xx_it.o(i.BusFault_Handler)
    CAN1_RX0_IRQHandler                      0x0800020d   Thumb Code     6  stm32f4xx_it.o(i.CAN1_RX0_IRQHandler)
    CAN1_TX_IRQHandler                       0x08000219   Thumb Code     6  stm32f4xx_it.o(i.CAN1_TX_IRQHandler)
    CAN2_RX0_IRQHandler                      0x08000225   Thumb Code     6  stm32f4xx_it.o(i.CAN2_RX0_IRQHandler)
    CAN2_TX_IRQHandler                       0x08000231   Thumb Code     6  stm32f4xx_it.o(i.CAN2_TX_IRQHandler)
    Core_Task                                0x080003c5   Thumb Code   122  core.o(i.Core_Task)
    DMA1_Stream1_IRQHandler                  0x08000465   Thumb Code     6  stm32f4xx_it.o(i.DMA1_Stream1_IRQHandler)
    DMA1_Stream3_IRQHandler                  0x08000471   Thumb Code     6  stm32f4xx_it.o(i.DMA1_Stream3_IRQHandler)
    DMA1_Stream5_IRQHandler                  0x0800047d   Thumb Code     6  stm32f4xx_it.o(i.DMA1_Stream5_IRQHandler)
    DMA1_Stream6_IRQHandler                  0x08000489   Thumb Code   114  stm32f4xx_it.o(i.DMA1_Stream6_IRQHandler)
    DMA2_Stream5_IRQHandler                  0x0800050d   Thumb Code     6  stm32f4xx_it.o(i.DMA2_Stream5_IRQHandler)
    DebugMon_Handler                         0x08000569   Thumb Code     2  stm32f4xx_it.o(i.DebugMon_Handler)
    Get_Freqz                                0x0800056d   Thumb Code    50  tim.o(i.Get_Freqz)
    Gyro_OFFEST                              0x080005a5   Thumb Code   182  6050.o(i.Gyro_OFFEST)
    HAL_CAN_ConfigFilter                     0x08000665   Thumb Code   218  stm32f4xx_hal_can.o(i.HAL_CAN_ConfigFilter)
    HAL_CAN_ErrorCallback                    0x08000749   Thumb Code     2  stm32f4xx_hal_can.o(i.HAL_CAN_ErrorCallback)
    HAL_CAN_IRQHandler                       0x0800074d   Thumb Code   370  stm32f4xx_hal_can.o(i.HAL_CAN_IRQHandler)
    HAL_CAN_Init                             0x080008cd   Thumb Code   328  stm32f4xx_hal_can.o(i.HAL_CAN_Init)
    HAL_CAN_MspInit                          0x08000a15   Thumb Code   188  can.o(i.HAL_CAN_MspInit)
    HAL_CAN_RxCpltCallback                   0x08000ae9   Thumb Code   102  can.o(i.HAL_CAN_RxCpltCallback)
    HAL_CAN_Transmit                         0x08000b5d   Thumb Code   390  stm32f4xx_hal_can.o(i.HAL_CAN_Transmit)
    HAL_CAN_TxCpltCallback                   0x08000cf1   Thumb Code     2  stm32f4xx_hal_can.o(i.HAL_CAN_TxCpltCallback)
    HAL_DMA_IRQHandler                       0x08000cf5   Thumb Code   412  stm32f4xx_hal_dma.o(i.HAL_DMA_IRQHandler)
    HAL_DMA_Init                             0x08000e95   Thumb Code   116  stm32f4xx_hal_dma.o(i.HAL_DMA_Init)
    HAL_DMA_Start_IT                         0x08000f0d   Thumb Code    78  stm32f4xx_hal_dma.o(i.HAL_DMA_Start_IT)
    HAL_GPIO_Init                            0x08000f5d   Thumb Code   398  stm32f4xx_hal_gpio.o(i.HAL_GPIO_Init)
    HAL_GPIO_ReadPin                         0x0800111d   Thumb Code    10  stm32f4xx_hal_gpio.o(i.HAL_GPIO_ReadPin)
    HAL_GPIO_TogglePin                       0x08001127   Thumb Code     8  stm32f4xx_hal_gpio.o(i.HAL_GPIO_TogglePin)
    HAL_GPIO_WritePin                        0x0800112f   Thumb Code    10  stm32f4xx_hal_gpio.o(i.HAL_GPIO_WritePin)
    HAL_GetTick                              0x08001139   Thumb Code     6  stm32f4xx_hal.o(i.HAL_GetTick)
    HAL_IncTick                              0x08001145   Thumb Code    10  stm32f4xx_hal.o(i.HAL_IncTick)
    HAL_Init                                 0x08001155   Thumb Code    48  stm32f4xx_hal.o(i.HAL_Init)
    HAL_InitTick                             0x08001189   Thumb Code    34  stm32f4xx_hal.o(i.HAL_InitTick)
    HAL_MspInit                              0x080011ab   Thumb Code    68  stm32f4xx_hal_msp.o(i.HAL_MspInit)
    HAL_NVIC_EnableIRQ                       0x080011ef   Thumb Code    22  stm32f4xx_hal_cortex.o(i.HAL_NVIC_EnableIRQ)
    HAL_NVIC_SetPriority                     0x08001205   Thumb Code    60  stm32f4xx_hal_cortex.o(i.HAL_NVIC_SetPriority)
    HAL_NVIC_SetPriorityGrouping             0x08001245   Thumb Code    26  stm32f4xx_hal_cortex.o(i.HAL_NVIC_SetPriorityGrouping)
    HAL_RCC_ClockConfig                      0x08001269   Thumb Code   312  stm32f4xx_hal_rcc.o(i.HAL_RCC_ClockConfig)
    HAL_RCC_GetHCLKFreq                      0x080013a9   Thumb Code    38  stm32f4xx_hal_rcc.o(i.HAL_RCC_GetHCLKFreq)
    HAL_RCC_GetPCLK1Freq                     0x080013dd   Thumb Code    36  stm32f4xx_hal_rcc.o(i.HAL_RCC_GetPCLK1Freq)
    HAL_RCC_GetPCLK2Freq                     0x08001409   Thumb Code    36  stm32f4xx_hal_rcc.o(i.HAL_RCC_GetPCLK2Freq)
    HAL_RCC_GetSysClockFreq                  0x08001435   Thumb Code   104  stm32f4xx_hal_rcc.o(i.HAL_RCC_GetSysClockFreq)
    HAL_RCC_OscConfig                        0x080014a5   Thumb Code   722  stm32f4xx_hal_rcc.o(i.HAL_RCC_OscConfig)
    HAL_SYSTICK_CLKSourceConfig              0x08001789   Thumb Code    24  stm32f4xx_hal_cortex.o(i.HAL_SYSTICK_CLKSourceConfig)
    HAL_SYSTICK_Callback                     0x080017a1   Thumb Code     2  stm32f4xx_hal_cortex.o(i.HAL_SYSTICK_Callback)
    HAL_SYSTICK_Config                       0x080017a3   Thumb Code    40  stm32f4xx_hal_cortex.o(i.HAL_SYSTICK_Config)
    HAL_SYSTICK_IRQHandler                   0x080017cb   Thumb Code     8  stm32f4xx_hal_cortex.o(i.HAL_SYSTICK_IRQHandler)
    HAL_TIMEx_BreakCallback                  0x080017d3   Thumb Code     2  stm32f4xx_hal_tim_ex.o(i.HAL_TIMEx_BreakCallback)
    HAL_TIMEx_CommutationCallback            0x080017d5   Thumb Code     2  stm32f4xx_hal_tim_ex.o(i.HAL_TIMEx_CommutationCallback)
    HAL_TIMEx_MasterConfigSynchronization    0x080017d7   Thumb Code    80  stm32f4xx_hal_tim_ex.o(i.HAL_TIMEx_MasterConfigSynchronization)
    HAL_TIM_Base_Init                        0x08001827   Thumb Code    54  stm32f4xx_hal_tim.o(i.HAL_TIM_Base_Init)
    HAL_TIM_Base_MspInit                     0x0800185d   Thumb Code   108  tim.o(i.HAL_TIM_Base_MspInit)
    HAL_TIM_ConfigClockSource                0x080018d5   Thumb Code   242  stm32f4xx_hal_tim.o(i.HAL_TIM_ConfigClockSource)
    HAL_TIM_IC_CaptureCallback               0x080019c7   Thumb Code     2  stm32f4xx_hal_tim.o(i.HAL_TIM_IC_CaptureCallback)
    HAL_TIM_IRQHandler                       0x080019c9   Thumb Code   358  stm32f4xx_hal_tim.o(i.HAL_TIM_IRQHandler)
    HAL_TIM_OC_DelayElapsedCallback          0x08001b2f   Thumb Code     2  stm32f4xx_hal_tim.o(i.HAL_TIM_OC_DelayElapsedCallback)
    HAL_TIM_PWM_PulseFinishedCallback        0x08001b31   Thumb Code     2  stm32f4xx_hal_tim.o(i.HAL_TIM_PWM_PulseFinishedCallback)
    HAL_TIM_PeriodElapsedCallback            0x08001b33   Thumb Code     2  stm32f4xx_hal_tim.o(i.HAL_TIM_PeriodElapsedCallback)
    HAL_TIM_TriggerCallback                  0x08001b35   Thumb Code     2  stm32f4xx_hal_tim.o(i.HAL_TIM_TriggerCallback)
    HAL_UART_ErrorCallback                   0x08001b37   Thumb Code     2  stm32f4xx_hal_uart.o(i.HAL_UART_ErrorCallback)
    HAL_UART_IRQHandler                      0x08001b39   Thumb Code   232  stm32f4xx_hal_uart.o(i.HAL_UART_IRQHandler)
    HAL_UART_Init                            0x08001c21   Thumb Code    98  stm32f4xx_hal_uart.o(i.HAL_UART_Init)
    HAL_UART_MspInit                         0x08001c85   Thumb Code   458  usart.o(i.HAL_UART_MspInit)
    HAL_UART_Receive_DMA                     0x08001e79   Thumb Code   106  stm32f4xx_hal_uart.o(i.HAL_UART_Receive_DMA)
    HAL_UART_RxCpltCallback                  0x08001ef1   Thumb Code     2  stm32f4xx_hal_uart.o(i.HAL_UART_RxCpltCallback)
    HAL_UART_RxHalfCpltCallback              0x08001ef3   Thumb Code     2  stm32f4xx_hal_uart.o(i.HAL_UART_RxHalfCpltCallback)
    HAL_UART_Transmit_DMA                    0x08001ef5   Thumb Code   110  stm32f4xx_hal_uart.o(i.HAL_UART_Transmit_DMA)
    HAL_UART_TxCpltCallback                  0x08001f71   Thumb Code     2  stm32f4xx_hal_uart.o(i.HAL_UART_TxCpltCallback)
    HAL_UART_TxHalfCpltCallback              0x08001f73   Thumb Code     2  stm32f4xx_hal_uart.o(i.HAL_UART_TxHalfCpltCallback)
    HardFault_Handler                        0x08001f75   Thumb Code     2  stm32f4xx_it.o(i.HardFault_Handler)
    I2C_NoAck                                0x08001f79   Thumb Code    68  i2c.o(i.I2C_NoAck)
    I2C_RadeByte                             0x08001fc1   Thumb Code   100  i2c.o(i.I2C_RadeByte)
    I2C_SendByte                             0x08002029   Thumb Code    90  i2c.o(i.I2C_SendByte)
    I2C_Start                                0x08002089   Thumb Code    88  i2c.o(i.I2C_Start)
    I2C_Stop                                 0x080020e5   Thumb Code    70  i2c.o(i.I2C_Stop)
    I2C_WaitAck                              0x08002131   Thumb Code    96  i2c.o(i.I2C_WaitAck)
    I2C_delay                                0x08002195   Thumb Code     8  i2c.o(i.I2C_delay)
    IIC_Init                                 0x0800219d   Thumb Code    54  i2c.o(i.IIC_Init)
    InitMPU6050                              0x080021d9   Thumb Code   150  6050.o(i.InitMPU6050)
    MPU6050_Read                             0x08002275   Thumb Code   126  6050.o(i.MPU6050_Read)
    MX_CAN1_Init                             0x080022f9   Thumb Code   106  can.o(i.MX_CAN1_Init)
    MX_CAN2_Init                             0x0800236d   Thumb Code    84  can.o(i.MX_CAN2_Init)
    MX_DMA_Init                              0x080023c9   Thumb Code    56  dma.o(i.MX_DMA_Init)
    MX_GPIO_Init                             0x08002405   Thumb Code    54  gpio.o(i.MX_GPIO_Init)
    MX_TIM2_Init                             0x08002441   Thumb Code    72  tim.o(i.MX_TIM2_Init)
    MX_TIM3_Init                             0x0800248d   Thumb Code    80  tim.o(i.MX_TIM3_Init)
    MX_TIM4_Init                             0x080024e5   Thumb Code    82  tim.o(i.MX_TIM4_Init)
    MX_USART1_UART_Init                      0x08002541   Thumb Code    30  usart.o(i.MX_USART1_UART_Init)
    MX_USART2_UART_Init                      0x0800256d   Thumb Code    32  usart.o(i.MX_USART2_UART_Init)
    MX_USART3_UART_Init                      0x08002595   Thumb Code    32  usart.o(i.MX_USART3_UART_Init)
    MemManage_Handler                        0x080025bd   Thumb Code     2  stm32f4xx_it.o(i.MemManage_Handler)
    NMI_Handler                              0x080025bf   Thumb Code     2  stm32f4xx_it.o(i.NMI_Handler)
    Readremote                               0x080025e1   Thumb Code   126  communi.o(i.Readremote)
    RemoteFeed                               0x08002669   Thumb Code    22  core.o(i.RemoteFeed)
    Remote_rx_start                          0x08002685   Thumb Code    34  usart.o(i.Remote_rx_start)
    Single_Read                              0x080026b1   Thumb Code    78  i2c.o(i.Single_Read)
    Single_Write                             0x080026ff   Thumb Code    68  i2c.o(i.Single_Write)
    SysTick_Handler                          0x08002743   Thumb Code    14  stm32f4xx_it.o(i.SysTick_Handler)
    SystemClock_Config                       0x08002751   Thumb Code   136  main.o(i.SystemClock_Config)
    SystemInit                               0x080027e1   Thumb Code    66  system_stm32f4xx.o(i.SystemInit)
    TIM2_IRQHandler                          0x08002835   Thumb Code     6  stm32f4xx_it.o(i.TIM2_IRQHandler)
    TIM3_IRQHandler                          0x08002841   Thumb Code    14  stm32f4xx_it.o(i.TIM3_IRQHandler)
    TIM4_IRQHandler                          0x08002859   Thumb Code    58  stm32f4xx_it.o(i.TIM4_IRQHandler)
    TIM_Base_SetConfig                       0x080028a1   Thumb Code   148  stm32f4xx_hal_tim.o(i.TIM_Base_SetConfig)
    USART1_IRQHandler                        0x08002dfd   Thumb Code    92  stm32f4xx_it.o(i.USART1_IRQHandler)
    USART2_IRQHandler                        0x08002e71   Thumb Code    64  stm32f4xx_it.o(i.USART2_IRQHandler)
    USART3_IRQHandler                        0x08002ebd   Thumb Code     6  stm32f4xx_it.o(i.USART3_IRQHandler)
    UsageFault_Handler                       0x08002ec9   Thumb Code     2  stm32f4xx_it.o(i.UsageFault_Handler)
    Usart2_rx_start                          0x08002ecd   Thumb Code    32  usart.o(i.Usart2_rx_start)
    Usart_Tx                                 0x08002ef5   Thumb Code   186  core.o(i.Usart_Tx)
    __scatterload_copy                       0x08002fbd   Thumb Code    14  handlers.o(i.__scatterload_copy)
    __scatterload_null                       0x08002fcb   Thumb Code     2  handlers.o(i.__scatterload_null)
    __scatterload_zeroinit                   0x08002fcd   Thumb Code    14  handlers.o(i.__scatterload_zeroinit)
    can_send_msg                             0x08002fdb   Thumb Code   110  can.o(i.can_send_msg)
    delay5ms                                 0x08003049   Thumb Code    10  i2c.o(i.delay5ms)
    delayms                                  0x08003053   Thumb Code    12  6050.o(i.delayms)
    free                                     0x08003061   Thumb Code    76  malloc.o(i.free)
    imu                                      0x080030b1   Thumb Code     6  imu.o(i.imu)
    led_config                               0x080030b9   Thumb Code    54  gpio.o(i.led_config)
    main                                     0x080030f5   Thumb Code   108  main.o(i.main)
    malloc                                   0x08003165   Thumb Code    92  malloc.o(i.malloc)
    readIMU                                  0x080031d1   Thumb Code    64  imu.o(i.readIMU)
    APBAHBPrescTable                         0x08003218   Data          16  stm32f4xx_hal_rcc.o(.constdata)
    Region$$Table$$Base                      0x08003230   Number         0  anon$$obj.o(Region$$Table)
    Region$$Table$$Limit                     0x08003250   Number         0  anon$$obj.o(Region$$Table)
    usart2_rx_buffer                         0x20000000   Data           5  usart.o(.data)
    usart3_rx_buffer                         0x20000005   Data           5  usart.o(.data)
    uart2_tx_busyFlag                        0x20000010   Data           1  stm32f4xx_it.o(.data)
    check_flag                               0x20000011   Data           1  stm32f4xx_it.o(.data)
    core_count                               0x20000020   Data           4  stm32f4xx_it.o(.data)
    sys                                      0x20000026   Data           3  core.o(.data)
    remoteData_receiveFlag                   0x20000029   Data           1  communi.o(.data)
    imu_yaw                                  0x2000002c   Data          16  imu.o(.data)
    IMU_TxInit                               0x2000003c   Data           8  imu.o(.data)
    TAddr                                    0x20000044   Data           1  6050.o(.data)
    SystemCoreClock                          0x20000048   Data           4  system_stm32f4xx.o(.data)
    uwTick                                   0x2000004c   Data           4  stm32f4xx_hal.o(.data)
    __microlib_freelist                      0x20000050   Data           4  mvars.o(.data)
    __microlib_freelist_initialised          0x20000054   Data           4  mvars.o(.data)
    huart1                                   0x20000058   Data          64  usart.o(.bss)
    huart2                                   0x20000098   Data          64  usart.o(.bss)
    huart3                                   0x200000d8   Data          64  usart.o(.bss)
    hdma_usart1_rx                           0x20000118   Data          88  usart.o(.bss)
    hdma_usart2_rx                           0x20000170   Data          88  usart.o(.bss)
    hdma_usart2_tx                           0x200001c8   Data          88  usart.o(.bss)
    hdma_usart3_rx                           0x20000220   Data          88  usart.o(.bss)
    hdma_usart3_tx                           0x20000278   Data          88  usart.o(.bss)
    usart1_rx_buffer                         0x200002d0   Data          18  usart.o(.bss)
    remote_rx_buffer                         0x200002e2   Data          18  usart.o(.bss)
    usart2_tx_buffer                         0x200002f4   Data          19  usart.o(.bss)
    htim2                                    0x20000308   Data          60  tim.o(.bss)
    htim3                                    0x20000344   Data          60  tim.o(.bss)
    htim4                                    0x20000380   Data          60  tim.o(.bss)
    hcan1                                    0x200003bc   Data          64  can.o(.bss)
    hcan2                                    0x200003fc   Data          64  can.o(.bss)
    can1_filetr                              0x2000043c   Data          40  can.o(.bss)
    can2_filetr                              0x20000464   Data          40  can.o(.bss)
    Tx1Message                               0x2000048c   Data          28  can.o(.bss)
    Rx1Message                               0x200004a8   Data          36  can.o(.bss)
    tim4_fs                                  0x200004cc   Data          16  core.o(.bss)
    remote                                   0x200004dc   Data          20  communi.o(.bss)
    sensor                                   0x200004f0   Data          72  6050.o(.bss)
    mpu6050_buffer                           0x20000538   Data          16  6050.o(.bss)
    __heap_base                              0x20000548   Data           0  startup_stm32f405xx.o(HEAP)
    __heap_limit                             0x20000748   Data           0  startup_stm32f405xx.o(HEAP)
    __initial_sp                             0x20000f48   Data           0  startup_stm32f405xx.o(STACK)



==============================================================================

Memory Map of the image

  Image Entry point : 0x08000189

  Load Region LR_IROM1 (Base: 0x08000000, Size: 0x000032a8, Max: 0x00100000, ABSOLUTE)

    Execution Region ER_IROM1 (Base: 0x08000000, Size: 0x00003250, Max: 0x00100000, ABSOLUTE)

    Base Addr    Size         Type   Attr      Idx    E Section Name        Object

    0x08000000   0x00000188   Data   RO          962    RESET               startup_stm32f405xx.o
    0x08000188   0x00000000   Code   RO         3648  * .ARM.Collect$$$$00000000  mc_w.l(entry.o)
    0x08000188   0x00000004   Code   RO         3740    .ARM.Collect$$$$00000001  mc_w.l(entry2.o)
    0x0800018c   0x00000004   Code   RO         3743    .ARM.Collect$$$$00000004  mc_w.l(entry5.o)
    0x08000190   0x00000000   Code   RO         3745    .ARM.Collect$$$$00000008  mc_w.l(entry7b.o)
    0x08000190   0x00000000   Code   RO         3747    .ARM.Collect$$$$0000000A  mc_w.l(entry8b.o)
    0x08000190   0x00000008   Code   RO         3748    .ARM.Collect$$$$0000000B  mc_w.l(entry9a.o)
    0x08000198   0x00000000   Code   RO         3750    .ARM.Collect$$$$0000000D  mc_w.l(entry10a.o)
    0x08000198   0x00000000   Code   RO         3752    .ARM.Collect$$$$0000000F  mc_w.l(entry11a.o)
    0x08000198   0x00000004   Code   RO         3741    .ARM.Collect$$$$00002712  mc_w.l(entry2.o)
    0x0800019c   0x00000024   Code   RO          963    .text               startup_stm32f405xx.o
    0x080001c0   0x00000024   Code   RO         3651    .text               mc_w.l(memcpya.o)
    0x080001e4   0x00000024   Code   RO         3774    .text               mc_w.l(init.o)
    0x08000208   0x00000002   Code   RO          454    i.BusFault_Handler  stm32f4xx_it.o
    0x0800020a   0x00000002   PAD
    0x0800020c   0x0000000c   Code   RO          455    i.CAN1_RX0_IRQHandler  stm32f4xx_it.o
    0x08000218   0x0000000c   Code   RO          456    i.CAN1_TX_IRQHandler  stm32f4xx_it.o
    0x08000224   0x0000000c   Code   RO          457    i.CAN2_RX0_IRQHandler  stm32f4xx_it.o
    0x08000230   0x0000000c   Code   RO          458    i.CAN2_TX_IRQHandler  stm32f4xx_it.o
    0x0800023c   0x00000128   Code   RO         2060    i.CAN_Receive_IT    stm32f4xx_hal_can.o
    0x08000364   0x00000060   Code   RO         2061    i.CAN_Transmit_IT   stm32f4xx_hal_can.o
    0x080003c4   0x000000a0   Code   RO          615    i.Core_Task         core.o
    0x08000464   0x0000000c   Code   RO          459    i.DMA1_Stream1_IRQHandler  stm32f4xx_it.o
    0x08000470   0x0000000c   Code   RO          460    i.DMA1_Stream3_IRQHandler  stm32f4xx_it.o
    0x0800047c   0x0000000c   Code   RO          461    i.DMA1_Stream5_IRQHandler  stm32f4xx_it.o
    0x08000488   0x00000084   Code   RO          462    i.DMA1_Stream6_IRQHandler  stm32f4xx_it.o
    0x0800050c   0x0000000c   Code   RO          463    i.DMA2_Stream5_IRQHandler  stm32f4xx_it.o
    0x08000518   0x00000028   Code   RO         3014    i.DMA_CalcBaseAndBitshift  stm32f4xx_hal_dma.o
    0x08000540   0x00000028   Code   RO         3015    i.DMA_SetConfig     stm32f4xx_hal_dma.o
    0x08000568   0x00000002   Code   RO          464    i.DebugMon_Handler  stm32f4xx_it.o
    0x0800056a   0x00000002   PAD
    0x0800056c   0x00000038   Code   RO          298    i.Get_Freqz         tim.o
    0x080005a4   0x000000c0   Code   RO          913    i.Gyro_OFFEST       6050.o
    0x08000664   0x000000e4   Code   RO         2062    i.HAL_CAN_ConfigFilter  stm32f4xx_hal_can.o
    0x08000748   0x00000002   Code   RO         2064    i.HAL_CAN_ErrorCallback  stm32f4xx_hal_can.o
    0x0800074a   0x00000002   PAD
    0x0800074c   0x00000180   Code   RO         2067    i.HAL_CAN_IRQHandler  stm32f4xx_hal_can.o
    0x080008cc   0x00000148   Code   RO         2068    i.HAL_CAN_Init      stm32f4xx_hal_can.o
    0x08000a14   0x000000d4   Code   RO          359    i.HAL_CAN_MspInit   can.o
    0x08000ae8   0x00000074   Code   RO          360    i.HAL_CAN_RxCpltCallback  can.o
    0x08000b5c   0x00000194   Code   RO         2075    i.HAL_CAN_Transmit  stm32f4xx_hal_can.o
    0x08000cf0   0x00000002   Code   RO         2077    i.HAL_CAN_TxCpltCallback  stm32f4xx_hal_can.o
    0x08000cf2   0x00000002   PAD
    0x08000cf4   0x000001a0   Code   RO         3020    i.HAL_DMA_IRQHandler  stm32f4xx_hal_dma.o
    0x08000e94   0x00000078   Code   RO         3021    i.HAL_DMA_Init      stm32f4xx_hal_dma.o
    0x08000f0c   0x0000004e   Code   RO         3024    i.HAL_DMA_Start_IT  stm32f4xx_hal_dma.o
    0x08000f5a   0x00000002   PAD
    0x08000f5c   0x000001c0   Code   RO         2535    i.HAL_GPIO_Init     stm32f4xx_hal_gpio.o
    0x0800111c   0x0000000a   Code   RO         2537    i.HAL_GPIO_ReadPin  stm32f4xx_hal_gpio.o
    0x08001126   0x00000008   Code   RO         2538    i.HAL_GPIO_TogglePin  stm32f4xx_hal_gpio.o
    0x0800112e   0x0000000a   Code   RO         2539    i.HAL_GPIO_WritePin  stm32f4xx_hal_gpio.o
    0x08001138   0x0000000c   Code   RO         2629    i.HAL_GetTick       stm32f4xx_hal.o
    0x08001144   0x00000010   Code   RO         2630    i.HAL_IncTick       stm32f4xx_hal.o
    0x08001154   0x00000034   Code   RO         2631    i.HAL_Init          stm32f4xx_hal.o
    0x08001188   0x00000022   Code   RO         2632    i.HAL_InitTick      stm32f4xx_hal.o
    0x080011aa   0x00000044   Code   RO          430    i.HAL_MspInit       stm32f4xx_hal_msp.o
    0x080011ee   0x00000016   Code   RO         1641    i.HAL_NVIC_EnableIRQ  stm32f4xx_hal_cortex.o
    0x08001204   0x00000040   Code   RO         1647    i.HAL_NVIC_SetPriority  stm32f4xx_hal_cortex.o
    0x08001244   0x00000024   Code   RO         1648    i.HAL_NVIC_SetPriorityGrouping  stm32f4xx_hal_cortex.o
    0x08001268   0x00000140   Code   RO         2428    i.HAL_RCC_ClockConfig  stm32f4xx_hal_rcc.o
    0x080013a8   0x00000034   Code   RO         2433    i.HAL_RCC_GetHCLKFreq  stm32f4xx_hal_rcc.o
    0x080013dc   0x0000002c   Code   RO         2435    i.HAL_RCC_GetPCLK1Freq  stm32f4xx_hal_rcc.o
    0x08001408   0x0000002c   Code   RO         2436    i.HAL_RCC_GetPCLK2Freq  stm32f4xx_hal_rcc.o
    0x08001434   0x00000070   Code   RO         2437    i.HAL_RCC_GetSysClockFreq  stm32f4xx_hal_rcc.o
    0x080014a4   0x000002e4   Code   RO         2440    i.HAL_RCC_OscConfig  stm32f4xx_hal_rcc.o
    0x08001788   0x00000018   Code   RO         1650    i.HAL_SYSTICK_CLKSourceConfig  stm32f4xx_hal_cortex.o
    0x080017a0   0x00000002   Code   RO         1651    i.HAL_SYSTICK_Callback  stm32f4xx_hal_cortex.o
    0x080017a2   0x00000028   Code   RO         1652    i.HAL_SYSTICK_Config  stm32f4xx_hal_cortex.o
    0x080017ca   0x00000008   Code   RO         1653    i.HAL_SYSTICK_IRQHandler  stm32f4xx_hal_cortex.o
    0x080017d2   0x00000002   Code   RO         1761    i.HAL_TIMEx_BreakCallback  stm32f4xx_hal_tim_ex.o
    0x080017d4   0x00000002   Code   RO         1762    i.HAL_TIMEx_CommutationCallback  stm32f4xx_hal_tim_ex.o
    0x080017d6   0x00000050   Code   RO         1778    i.HAL_TIMEx_MasterConfigSynchronization  stm32f4xx_hal_tim_ex.o
    0x08001826   0x00000036   Code   RO         1009    i.HAL_TIM_Base_Init  stm32f4xx_hal_tim.o
    0x0800185c   0x00000078   Code   RO          300    i.HAL_TIM_Base_MspInit  tim.o
    0x080018d4   0x000000f2   Code   RO         1018    i.HAL_TIM_ConfigClockSource  stm32f4xx_hal_tim.o
    0x080019c6   0x00000002   Code   RO         1038    i.HAL_TIM_IC_CaptureCallback  stm32f4xx_hal_tim.o
    0x080019c8   0x00000166   Code   RO         1051    i.HAL_TIM_IRQHandler  stm32f4xx_hal_tim.o
    0x08001b2e   0x00000002   Code   RO         1054    i.HAL_TIM_OC_DelayElapsedCallback  stm32f4xx_hal_tim.o
    0x08001b30   0x00000002   Code   RO         1081    i.HAL_TIM_PWM_PulseFinishedCallback  stm32f4xx_hal_tim.o
    0x08001b32   0x00000002   Code   RO         1088    i.HAL_TIM_PeriodElapsedCallback  stm32f4xx_hal_tim.o
    0x08001b34   0x00000002   Code   RO         1092    i.HAL_TIM_TriggerCallback  stm32f4xx_hal_tim.o
    0x08001b36   0x00000002   Code   RO         2202    i.HAL_UART_ErrorCallback  stm32f4xx_hal_uart.o
    0x08001b38   0x000000e8   Code   RO         2205    i.HAL_UART_IRQHandler  stm32f4xx_hal_uart.o
    0x08001c20   0x00000062   Code   RO         2206    i.HAL_UART_Init     stm32f4xx_hal_uart.o
    0x08001c82   0x00000002   PAD
    0x08001c84   0x000001f4   Code   RO          199    i.HAL_UART_MspInit  usart.o
    0x08001e78   0x00000078   Code   RO         2210    i.HAL_UART_Receive_DMA  stm32f4xx_hal_uart.o
    0x08001ef0   0x00000002   Code   RO         2212    i.HAL_UART_RxCpltCallback  stm32f4xx_hal_uart.o
    0x08001ef2   0x00000002   Code   RO         2213    i.HAL_UART_RxHalfCpltCallback  stm32f4xx_hal_uart.o
    0x08001ef4   0x0000007c   Code   RO         2215    i.HAL_UART_Transmit_DMA  stm32f4xx_hal_uart.o
    0x08001f70   0x00000002   Code   RO         2217    i.HAL_UART_TxCpltCallback  stm32f4xx_hal_uart.o
    0x08001f72   0x00000002   Code   RO         2218    i.HAL_UART_TxHalfCpltCallback  stm32f4xx_hal_uart.o
    0x08001f74   0x00000002   Code   RO          465    i.HardFault_Handler  stm32f4xx_it.o
    0x08001f76   0x00000002   PAD
    0x08001f78   0x00000048   Code   RO          813    i.I2C_NoAck         i2c.o
    0x08001fc0   0x00000068   Code   RO          814    i.I2C_RadeByte      i2c.o
    0x08002028   0x00000060   Code   RO          815    i.I2C_SendByte      i2c.o
    0x08002088   0x0000005c   Code   RO          816    i.I2C_Start         i2c.o
    0x080020e4   0x0000004c   Code   RO          817    i.I2C_Stop          i2c.o
    0x08002130   0x00000064   Code   RO          818    i.I2C_WaitAck       i2c.o
    0x08002194   0x00000008   Code   RO          819    i.I2C_delay         i2c.o
    0x0800219c   0x0000003c   Code   RO          820    i.IIC_Init          i2c.o
    0x080021d8   0x0000009c   Code   RO          914    i.InitMPU6050       6050.o
    0x08002274   0x00000084   Code   RO          915    i.MPU6050_Read      6050.o
    0x080022f8   0x00000074   Code   RO          361    i.MX_CAN1_Init      can.o
    0x0800236c   0x0000005c   Code   RO          362    i.MX_CAN2_Init      can.o
    0x080023c8   0x0000003c   Code   RO          274    i.MX_DMA_Init       dma.o
    0x08002404   0x0000003c   Code   RO          168    i.MX_GPIO_Init      gpio.o
    0x08002440   0x0000004c   Code   RO          301    i.MX_TIM2_Init      tim.o
    0x0800248c   0x00000058   Code   RO          302    i.MX_TIM3_Init      tim.o
    0x080024e4   0x0000005c   Code   RO          303    i.MX_TIM4_Init      tim.o
    0x08002540   0x0000002c   Code   RO          200    i.MX_USART1_UART_Init  usart.o
    0x0800256c   0x00000028   Code   RO          201    i.MX_USART2_UART_Init  usart.o
    0x08002594   0x00000028   Code   RO          202    i.MX_USART3_UART_Init  usart.o
    0x080025bc   0x00000002   Code   RO          466    i.MemManage_Handler  stm32f4xx_it.o
    0x080025be   0x00000002   Code   RO          467    i.NMI_Handler       stm32f4xx_it.o
    0x080025c0   0x00000020   Code   RO         1654    i.NVIC_SetPriority  stm32f4xx_hal_cortex.o
    0x080025e0   0x00000088   Code   RO          669    i.Readremote        communi.o
    0x08002668   0x0000001c   Code   RO          616    i.RemoteFeed        core.o
    0x08002684   0x0000002c   Code   RO          203    i.Remote_rx_start   usart.o
    0x080026b0   0x0000004e   Code   RO          821    i.Single_Read       i2c.o
    0x080026fe   0x00000044   Code   RO          822    i.Single_Write      i2c.o
    0x08002742   0x0000000e   Code   RO          468    i.SysTick_Handler   stm32f4xx_it.o
    0x08002750   0x00000090   Code   RO            4    i.SystemClock_Config  main.o
    0x080027e0   0x00000054   Code   RO          971    i.SystemInit        system_stm32f4xx.o
    0x08002834   0x0000000c   Code   RO          469    i.TIM2_IRQHandler   stm32f4xx_it.o
    0x08002840   0x00000018   Code   RO          470    i.TIM3_IRQHandler   stm32f4xx_it.o
    0x08002858   0x00000048   Code   RO          471    i.TIM4_IRQHandler   stm32f4xx_it.o
    0x080028a0   0x000000c0   Code   RO         1093    i.TIM_Base_SetConfig  stm32f4xx_hal_tim.o
    0x08002960   0x00000014   Code   RO         1100    i.TIM_ETR_SetConfig  stm32f4xx_hal_tim.o
    0x08002974   0x00000010   Code   RO         1101    i.TIM_ITRx_SetConfig  stm32f4xx_hal_tim.o
    0x08002984   0x00000022   Code   RO         1107    i.TIM_TI1_ConfigInputStage  stm32f4xx_hal_tim.o
    0x080029a6   0x00000024   Code   RO         1109    i.TIM_TI2_ConfigInputStage  stm32f4xx_hal_tim.o
    0x080029ca   0x00000022   Code   RO         2219    i.UART_DMAError     stm32f4xx_hal_uart.o
    0x080029ec   0x00000028   Code   RO         2220    i.UART_DMAReceiveCplt  stm32f4xx_hal_uart.o
    0x08002a14   0x0000000a   Code   RO         2221    i.UART_DMARxHalfCplt  stm32f4xx_hal_uart.o
    0x08002a1e   0x0000002e   Code   RO         2222    i.UART_DMATransmitCplt  stm32f4xx_hal_uart.o
    0x08002a4c   0x0000000a   Code   RO         2223    i.UART_DMATxHalfCplt  stm32f4xx_hal_uart.o
    0x08002a56   0x00000096   Code   RO         2224    i.UART_Receive_IT   stm32f4xx_hal_uart.o
    0x08002aec   0x000002ac   Code   RO         2225    i.UART_SetConfig    stm32f4xx_hal_uart.o
    0x08002d98   0x00000062   Code   RO         2226    i.UART_Transmit_IT  stm32f4xx_hal_uart.o
    0x08002dfa   0x00000002   PAD
    0x08002dfc   0x00000074   Code   RO          472    i.USART1_IRQHandler  stm32f4xx_it.o
    0x08002e70   0x0000004c   Code   RO          473    i.USART2_IRQHandler  stm32f4xx_it.o
    0x08002ebc   0x0000000c   Code   RO          474    i.USART3_IRQHandler  stm32f4xx_it.o
    0x08002ec8   0x00000002   Code   RO          475    i.UsageFault_Handler  stm32f4xx_it.o
    0x08002eca   0x00000002   PAD
    0x08002ecc   0x00000028   Code   RO          204    i.Usart2_rx_start   usart.o
    0x08002ef4   0x000000c8   Code   RO          617    i.Usart_Tx          core.o
    0x08002fbc   0x0000000e   Code   RO         3788    i.__scatterload_copy  mc_w.l(handlers.o)
    0x08002fca   0x00000002   Code   RO         3789    i.__scatterload_null  mc_w.l(handlers.o)
    0x08002fcc   0x0000000e   Code   RO         3790    i.__scatterload_zeroinit  mc_w.l(handlers.o)
    0x08002fda   0x0000006e   Code   RO          363    i.can_send_msg      can.o
    0x08003048   0x0000000a   Code   RO          824    i.delay5ms          i2c.o
    0x08003052   0x0000000c   Code   RO          916    i.delayms           6050.o
    0x0800305e   0x00000002   PAD
    0x08003060   0x00000050   Code   RO         3655    i.free              mc_w.l(malloc.o)
    0x080030b0   0x00000006   Code   RO          755    i.imu               imu.o
    0x080030b6   0x00000002   PAD
    0x080030b8   0x0000003c   Code   RO          169    i.led_config        gpio.o
    0x080030f4   0x00000070   Code   RO            5    i.main              main.o
    0x08003164   0x0000006c   Code   RO         3656    i.malloc            mc_w.l(malloc.o)
    0x080031d0   0x00000048   Code   RO          757    i.readIMU           imu.o
    0x08003218   0x00000010   Data   RO         2441    .constdata          stm32f4xx_hal_rcc.o
    0x08003228   0x00000008   Data   RO         3025    .constdata          stm32f4xx_hal_dma.o
    0x08003230   0x00000020   Data   RO         3786    Region$$Table       anon$$obj.o


    Execution Region RW_IRAM1 (Base: 0x20000000, Size: 0x00000f48, Max: 0x00020000, ABSOLUTE)

    Base Addr    Size         Type   Attr      Idx    E Section Name        Object

    0x20000000   0x0000000a   Data   RW          209    .data               usart.o
    0x2000000a   0x00000002   PAD
    0x2000000c   0x00000004   Data   RW          365    .data               can.o
    0x20000010   0x00000014   Data   RW          477    .data               stm32f4xx_it.o
    0x20000024   0x00000005   Data   RW          619    .data               core.o
    0x20000029   0x00000001   Data   RW          671    .data               communi.o
    0x2000002a   0x00000002   PAD
    0x2000002c   0x00000010   Data   RW          760    .data               imu.o
    0x2000003c   0x00000008   Data   RW          761    .data               imu.o
    0x20000044   0x00000001   Data   RW          918    .data               6050.o
    0x20000045   0x00000003   PAD
    0x20000048   0x00000004   Data   RW          973    .data               system_stm32f4xx.o
    0x2000004c   0x00000004   Data   RW         2637    .data               stm32f4xx_hal.o
    0x20000050   0x00000004   Data   RW         3754    .data               mc_w.l(mvars.o)
    0x20000054   0x00000004   Data   RW         3755    .data               mc_w.l(mvars.o)
    0x20000058   0x0000028a   Zero   RW          206    .bss                usart.o
    0x200002e2   0x00000012   Zero   RW          207    .bss                usart.o
    0x200002f4   0x00000013   Zero   RW          208    .bss                usart.o
    0x20000307   0x00000001   PAD
    0x20000308   0x000000b4   Zero   RW          304    .bss                tim.o
    0x200003bc   0x00000110   Zero   RW          364    .bss                can.o
    0x200004cc   0x00000010   Zero   RW          618    .bss                core.o
    0x200004dc   0x00000014   Zero   RW          670    .bss                communi.o
    0x200004f0   0x00000058   Zero   RW          917    .bss                6050.o
    0x20000548   0x00000200   Zero   RW          961    HEAP                startup_stm32f405xx.o
    0x20000748   0x00000800   Zero   RW          960    STACK               startup_stm32f405xx.o


==============================================================================

Image component sizes


      Code (inc. data)   RO Data    RW Data    ZI Data      Debug   Object Name

       492         22          0          1         88       4277   6050.o
       646         56          0          4        272       5810   can.o
       136         10          0          1         20       1217   communi.o
       388         58          0          5         16       3230   core.o
        60          4          0          0          0        822   dma.o
       120         12          0          0          0       1384   gpio.o
       764         34          0          0          0       6776   i2c.o
        78          8          0         24          0       3330   imu.o
       256         12          0          0          0     362648   main.o
        36          8        392          0       2560        820   startup_stm32f405xx.o
       114         16          0          4          0       3707   stm32f4xx_hal.o
      1740         38          0          0          0       7063   stm32f4xx_hal_can.o
       228         14          0          0          0      32265   stm32f4xx_hal_cortex.o
       694         14          8          0          0       4607   stm32f4xx_hal_dma.o
       476         50          0          0          0       3876   stm32f4xx_hal_gpio.o
        68          0          0          0          0        530   stm32f4xx_hal_msp.o
      1312         64         16          0          0       6027   stm32f4xx_hal_rcc.o
       962         44          0          0          0      10051   stm32f4xx_hal_tim.o
        84          0          0          0          0       2474   stm32f4xx_hal_tim_ex.o
      1656         36          0          0          0      12102   stm32f4xx_hal_uart.o
       566        138          0         20          0      11346   stm32f4xx_it.o
        84         18          0          4          0       1377   system_stm32f4xx.o
       432         40          0          0        180       3988   tim.o
       708         90          0         10        687       4753   usart.o

    ----------------------------------------------------------------------
     12122        786        448         80       3824     494480   Object Totals
         0          0         32          0          0          0   (incl. Generated)
        22          0          0          7          1          0   (incl. Padding)

    ----------------------------------------------------------------------

      Code (inc. data)   RO Data    RW Data    ZI Data      Debug   Library Member Name

         0          0          0          0          0          0   entry.o
         0          0          0          0          0          0   entry10a.o
         0          0          0          0          0          0   entry11a.o
         8          4          0          0          0          0   entry2.o
         4          0          0          0          0          0   entry5.o
         0          0          0          0          0          0   entry7b.o
         0          0          0          0          0          0   entry8b.o
         8          4          0          0          0          0   entry9a.o
        30          0          0          0          0          0   handlers.o
        36          8          0          0          0         68   init.o
       188         20          0          0          0        160   malloc.o
        36          0          0          0          0         68   memcpya.o
         0          0          0          8          0          0   mvars.o

    ----------------------------------------------------------------------
       310         36          0          8          0        296   Library Totals
         0          0          0          0          0          0   (incl. Padding)

    ----------------------------------------------------------------------

      Code (inc. data)   RO Data    RW Data    ZI Data      Debug   Library Name

       310         36          0          8          0        296   mc_w.l

    ----------------------------------------------------------------------
       310         36          0          8          0        296   Library Totals

    ----------------------------------------------------------------------

==============================================================================


      Code (inc. data)   RO Data    RW Data    ZI Data      Debug   

     12432        822        448         88       3824     482376   Grand Totals
     12432        822        448         88       3824     482376   ELF Image Totals
     12432        822        448         88          0          0   ROM Totals

==============================================================================

    Total RO  Size (Code + RO Data)                12880 (  12.58kB)
    Total RW  Size (RW Data + ZI Data)              3912 (   3.82kB)
    Total ROM Size (Code + RO Data + RW Data)      12968 (  12.66kB)

==============================================================================

