Component: ARM Compiler 5.06 update 3 (build 300) Tool: armlink [4d35c9]

==============================================================================

Section Cross References

    main.o(i.SystemClock_Config) refers to stm32f4xx_hal_rcc.o(i.HAL_RCC_OscConfig) for HAL_RCC_OscConfig
    main.o(i.SystemClock_Config) refers to stm32f4xx_hal_rcc.o(i.HAL_RCC_ClockConfig) for HAL_RCC_ClockConfig
    main.o(i.SystemClock_Config) refers to stm32f4xx_hal_rcc.o(i.HAL_RCC_GetHCLKFreq) for HAL_RCC_GetHCLKFreq
    main.o(i.SystemClock_Config) refers to stm32f4xx_hal_cortex.o(i.HAL_SYSTICK_Config) for HAL_SYSTICK_Config
    main.o(i.SystemClock_Config) refers to stm32f4xx_hal_cortex.o(i.HAL_SYSTICK_CLKSourceConfig) for HAL_SYSTICK_CLKSourceConfig
    main.o(i.SystemClock_Config) refers to stm32f4xx_hal_cortex.o(i.HAL_NVIC_SetPriority) for HAL_NVIC_SetPriority
    main.o(i.main) refers to stm32f4xx_hal.o(i.HAL_Init) for HAL_Init
    main.o(i.main) refers to main.o(i.SystemClock_Config) for SystemClock_Config
    main.o(i.main) refers to gpio.o(i.MX_GPIO_Init) for MX_GPIO_Init
    main.o(i.main) refers to dma.o(i.MX_DMA_Init) for MX_DMA_Init
    main.o(i.main) refers to can.o(i.MX_CAN1_Init) for MX_CAN1_Init
    main.o(i.main) refers to can.o(i.MX_CAN2_Init) for MX_CAN2_Init
    main.o(i.main) refers to tim.o(i.MX_TIM2_Init) for MX_TIM2_Init
    main.o(i.main) refers to tim.o(i.MX_TIM3_Init) for MX_TIM3_Init
    main.o(i.main) refers to tim.o(i.MX_TIM4_Init) for MX_TIM4_Init
    main.o(i.main) refers to usart.o(i.MX_USART1_UART_Init) for MX_USART1_UART_Init
    main.o(i.main) refers to usart.o(i.MX_USART2_UART_Init) for MX_USART2_UART_Init
    main.o(i.main) refers to usart.o(i.MX_USART3_UART_Init) for MX_USART3_UART_Init
    main.o(i.main) refers to i2c.o(i.IIC_Init) for IIC_Init
    main.o(i.main) refers to 6050.o(i.InitMPU6050) for InitMPU6050
    main.o(i.main) refers to 6050.o(i.Gyro_OFFEST) for Gyro_OFFEST
    main.o(i.main) refers to gpio.o(i.led_config) for led_config
    main.o(i.main) refers to stm32f4xx_hal_gpio.o(i.HAL_GPIO_WritePin) for HAL_GPIO_WritePin
    main.o(i.main) refers to usart.o(i.Remote_rx_start) for Remote_rx_start
    main.o(i.main) refers to usart.o(i.Usart2_rx_start) for Usart2_rx_start
    main.o(i.main) refers to inv_mpu.o(i.mpu_dmp_init) for mpu_dmp_init
    main.o(i.main) refers to imu.o(i.imu) for imu
    main.o(i.main) refers to inv_mpu.o(i.mpu_dmp_get_data) for mpu_dmp_get_data
    main.o(i.main) refers to tim.o(i.Get_Freqz) for Get_Freqz
    main.o(i.main) refers to imu.o(.bss) for dmp_angle
    main.o(i.main) refers to main.o(.data) for .data
    main.o(i.main) refers to main.o(.bss) for .bss
    gpio.o(i.led_config) refers to stm32f4xx_hal_gpio.o(i.HAL_GPIO_Init) for HAL_GPIO_Init
    gpio.o(i.led_config) refers to stm32f4xx_hal_gpio.o(i.HAL_GPIO_WritePin) for HAL_GPIO_WritePin
    usart.o(i.HAL_UART_MspDeInit) refers to stm32f4xx_hal_gpio.o(i.HAL_GPIO_DeInit) for HAL_GPIO_DeInit
    usart.o(i.HAL_UART_MspDeInit) refers to stm32f4xx_hal_dma.o(i.HAL_DMA_DeInit) for HAL_DMA_DeInit
    usart.o(i.HAL_UART_MspDeInit) refers to stm32f4xx_hal_cortex.o(i.HAL_NVIC_DisableIRQ) for HAL_NVIC_DisableIRQ
    usart.o(i.HAL_UART_MspInit) refers to stm32f4xx_hal_gpio.o(i.HAL_GPIO_Init) for HAL_GPIO_Init
    usart.o(i.HAL_UART_MspInit) refers to stm32f4xx_hal_dma.o(i.HAL_DMA_Init) for HAL_DMA_Init
    usart.o(i.HAL_UART_MspInit) refers to stm32f4xx_hal_cortex.o(i.HAL_NVIC_SetPriority) for HAL_NVIC_SetPriority
    usart.o(i.HAL_UART_MspInit) refers to stm32f4xx_hal_cortex.o(i.HAL_NVIC_EnableIRQ) for HAL_NVIC_EnableIRQ
    usart.o(i.HAL_UART_MspInit) refers to usart.o(.bss) for .bss
    usart.o(i.MX_USART1_UART_Init) refers to stm32f4xx_hal_uart.o(i.HAL_UART_Init) for HAL_UART_Init
    usart.o(i.MX_USART1_UART_Init) refers to usart.o(.bss) for .bss
    usart.o(i.MX_USART2_UART_Init) refers to stm32f4xx_hal_uart.o(i.HAL_UART_Init) for HAL_UART_Init
    usart.o(i.MX_USART2_UART_Init) refers to usart.o(.bss) for .bss
    usart.o(i.MX_USART3_UART_Init) refers to stm32f4xx_hal_uart.o(i.HAL_UART_Init) for HAL_UART_Init
    usart.o(i.MX_USART3_UART_Init) refers to usart.o(.bss) for .bss
    usart.o(i.Remote_rx_start) refers to stm32f4xx_hal_uart.o(i.HAL_UART_Receive_DMA) for HAL_UART_Receive_DMA
    usart.o(i.Remote_rx_start) refers to usart.o(.bss) for .bss
    usart.o(i.Usart2_rx_start) refers to stm32f4xx_hal_uart.o(i.HAL_UART_Receive_DMA) for HAL_UART_Receive_DMA
    usart.o(i.Usart2_rx_start) refers to usart.o(.data) for .data
    usart.o(i.Usart2_rx_start) refers to usart.o(.bss) for .bss
    usart.o(i.Usart3_rx_start) refers to stm32f4xx_hal_uart.o(i.HAL_UART_Receive_DMA) for HAL_UART_Receive_DMA
    usart.o(i.Usart3_rx_start) refers to usart.o(.data) for .data
    usart.o(i.Usart3_rx_start) refers to usart.o(.bss) for .bss
    dma.o(i.MX_DMA_Init) refers to stm32f4xx_hal_cortex.o(i.HAL_NVIC_SetPriority) for HAL_NVIC_SetPriority
[...]
    i.USART1_IRQHandler                      0x08003790   Section        0  stm32f4xx_it.o(i.USART1_IRQHandler)
    i.USART2_IRQHandler                      0x08003804   Section        0  stm32f4xx_it.o(i.USART2_IRQHandler)
    i.USART3_IRQHandler                      0x08003850   Section        0  stm32f4xx_it.o(i.USART3_IRQHandler)
    i.UsageFault_Handler                     0x0800385c   Section        0  stm32f4xx_it.o(i.UsageFault_Handler)
    i.Usart2_rx_start                        0x08003860   Section        0  usart.o(i.Usart2_rx_start)
    i.Usart_Tx                               0x08003888   Section        0  core.o(i.Usart_Tx)
    i.__0printf$8                            0x08003988   Section        0  printf8.o(i.__0printf$8)
    i.__ARM_fpclassify                       0x080039a8   Section        0  fpclassify.o(i.__ARM_fpclassify)
    i.__hardfp_asin                          0x080039d8   Section        0  asin.o(i.__hardfp_asin)
    i.__hardfp_atan                          0x08003d38   Section        0  atan.o(i.__hardfp_atan)
    i.__hardfp_atan2                         0x08004010   Section        0  atan2.o(i.__hardfp_atan2)
    i.__kernel_poly                          0x08004200   Section        0  poly.o(i.__kernel_poly)
    i.__mathlib_dbl_infnan                   0x080042f8   Section        0  dunder.o(i.__mathlib_dbl_infnan)
    i.__mathlib_dbl_infnan2                  0x0800430c   Section        0  dunder.o(i.__mathlib_dbl_infnan2)
    i.__mathlib_dbl_invalid                  0x08004320   Section        0  dunder.o(i.__mathlib_dbl_invalid)
    i.__mathlib_dbl_underflow                0x08004340   Section        0  dunder.o(i.__mathlib_dbl_underflow)
    i.__scatterload_copy                     0x08004360   Section       14  handlers.o(i.__scatterload_copy)
    i.__scatterload_null                     0x0800436e   Section        2  handlers.o(i.__scatterload_null)
    i.__scatterload_zeroinit                 0x08004370   Section       14  handlers.o(i.__scatterload_zeroinit)
    i.__set_errno                            0x08004380   Section        0  errno.o(i.__set_errno)
    i._printf_core                           0x0800438c   Section        0  printf8.o(i._printf_core)
    _printf_core                             0x0800438d   Thumb Code   996  printf8.o(i._printf_core)
    i._printf_post_padding                   0x0800479c   Section        0  printf8.o(i._printf_post_padding)
    _printf_post_padding                     0x0800479d   Thumb Code    36  printf8.o(i._printf_post_padding)
    i._printf_pre_padding                    0x080047c0   Section        0  printf8.o(i._printf_pre_padding)
    _printf_pre_padding                      0x080047c1   Thumb Code    46  printf8.o(i._printf_pre_padding)
    i.accel_self_test                        0x080047f0   Section        0  inv_mpu.o(i.accel_self_test)
    accel_self_test                          0x080047f1   Thumb Code   126  inv_mpu.o(i.accel_self_test)
    i.atan                                   0x08004880   Section        0  atan.o(i.atan)
    i.can_send_msg                           0x08004890   Section        0  can.o(i.can_send_msg)
    i.delay5ms                               0x080048fe   Section        0  i2c.o(i.delay5ms)
    i.delayms                                0x08004908   Section        0  6050.o(i.delayms)
    i.delayus                                0x08004914   Section        0  6050.o(i.delayus)
    i.dmp_enable_6x_lp_quat                  0x08004922   Section        0  inv_mpu_dmp_motion_driver.o(i.dmp_enable_6x_lp_quat)
    i.dmp_enable_feature                     0x0800495c   Section        0  inv_mpu_dmp_motion_driver.o(i.dmp_enable_feature)
    i.dmp_enable_gyro_cal                    0x08004b34   Section        0  inv_mpu_dmp_motion_driver.o(i.dmp_enable_gyro_cal)
    i.dmp_enable_lp_quat                     0x08004b70   Section        0  inv_mpu_dmp_motion_driver.o(i.dmp_enable_lp_quat)
    i.dmp_load_motion_driver_firmware        0x08004bac   Section        0  inv_mpu_dmp_motion_driver.o(i.dmp_load_motion_driver_firmware)
    i.dmp_read_fifo                          0x08004bc0   Section        0  inv_mpu_dmp_motion_driver.o(i.dmp_read_fifo)
    i.dmp_set_accel_bias                     0x08004d08   Section        0  inv_mpu_dmp_motion_driver.o(i.dmp_set_accel_bias)
    i.dmp_set_fifo_rate                      0x08004de0   Section        0  inv_mpu_dmp_motion_driver.o(i.dmp_set_fifo_rate)
    i.dmp_set_gyro_bias                      0x08004e44   Section        0  inv_mpu_dmp_motion_driver.o(i.dmp_set_gyro_bias)
    i.dmp_set_orientation                    0x08004f10   Section        0  inv_mpu_dmp_motion_driver.o(i.dmp_set_orientation)
    i.dmp_set_shake_reject_thresh            0x0800501c   Section        0  inv_mpu_dmp_motion_driver.o(i.dmp_set_shake_reject_thresh)
    i.dmp_set_shake_reject_time              0x0800504c   Section        0  inv_mpu_dmp_motion_driver.o(i.dmp_set_shake_reject_time)
    i.dmp_set_shake_reject_timeout           0x0800506c   Section        0  inv_mpu_dmp_motion_driver.o(i.dmp_set_shake_reject_timeout)
    i.dmp_set_tap_axes                       0x0800508c   Section        0  inv_mpu_dmp_motion_driver.o(i.dmp_set_tap_axes)
    i.dmp_set_tap_count                      0x080050cc   Section        0  inv_mpu_dmp_motion_driver.o(i.dmp_set_tap_count)
    i.dmp_set_tap_thresh                     0x080050f0   Section        0  inv_mpu_dmp_motion_driver.o(i.dmp_set_tap_thresh)
    i.dmp_set_tap_time                       0x08005250   Section        0  inv_mpu_dmp_motion_driver.o(i.dmp_set_tap_time)
    i.dmp_set_tap_time_multi                 0x08005270   Section        0  inv_mpu_dmp_motion_driver.o(i.dmp_set_tap_time_multi)
    i.fabs                                   0x08005290   Section        0  fabs.o(i.fabs)
    i.fputc                                  0x080052a8   Section        0  fputc.o(i.fputc)
    i.free                                   0x080052bc   Section        0  malloc.o(i.free)
    i.get_accel_prod_shift                   0x0800530c   Section        0  inv_mpu.o(i.get_accel_prod_shift)
    get_accel_prod_shift                     0x0800530d   Thumb Code   164  inv_mpu.o(i.get_accel_prod_shift)
    i.get_st_biases                          0x080053c0   Section        0  inv_mpu.o(i.get_st_biases)
    get_st_biases                            0x080053c1   Thumb Code   784  inv_mpu.o(i.get_st_biases)
    i.gyro_self_test                         0x080056d4   Section        0  inv_mpu.o(i.gyro_self_test)
    gyro_self_test                           0x080056d5   Thumb Code   190  inv_mpu.o(i.gyro_self_test)
    i.imu                                    0x080057a8   Section        0  imu.o(i.imu)
    i.inv_orientation_matrix_to_scalar       0x080057ae   Section        0  inv_mpu.o(i.inv_orientation_matrix_to_scalar)
    i.inv_row_2_scale                        0x080057d0   Section        0  inv_mpu.o(i.inv_row_2_scale)
    i.led_config                             0x08005818   Section        0  gpio.o(i.led_config)
    i.main                                   0x08005854   Section        0  main.o(i.main)
    i.malloc                                 0x080058f4   Section        0  malloc.o(i.malloc)
    i.mget_ms                                0x08005960   Section        0  inv_mpu.o(i.mget_ms)
    i.mpu_configure_fifo                     0x08005964   Section        0  inv_mpu.o(i.mpu_configure_fifo)
    i.mpu_dmp_get_data                       0x080059b8   Section        0  inv_mpu.o(i.mpu_dmp_get_data)
    i.mpu_dmp_init                           0x08005b1c   Section        0  inv_mpu.o(i.mpu_dmp_init)
    i.mpu_get_accel_fsr                      0x08005bc0   Section        0  inv_mpu.o(i.mpu_get_accel_fsr)
    i.mpu_get_accel_sens                     0x08005bfc   Section        0  inv_mpu.o(i.mpu_get_accel_sens)
    i.mpu_get_gyro_fsr                       0x08005c40   Section        0  inv_mpu.o(i.mpu_get_gyro_fsr)
    i.mpu_get_gyro_sens                      0x08005c74   Section        0  inv_mpu.o(i.mpu_get_gyro_sens)
    i.mpu_get_lpf                            0x08005cc0   Section        0  inv_mpu.o(i.mpu_get_lpf)
    i.mpu_get_sample_rate                    0x08005cf8   Section        0  inv_mpu.o(i.mpu_get_sample_rate)
    i.mpu_init                               0x08005d14   Section        0  inv_mpu.o(i.mpu_init)
    i.mpu_load_firmware                      0x08005e9c   Section        0  inv_mpu.o(i.mpu_load_firmware)
    i.mpu_lp_accel_mode                      0x08005f3c   Section        0  inv_mpu.o(i.mpu_lp_accel_mode)
    i.mpu_read_fifo_stream                   0x08005ff4   Section        0  inv_mpu.o(i.mpu_read_fifo_stream)
    i.mpu_read_mem                           0x08006084   Section        0  inv_mpu.o(i.mpu_read_mem)
    i.mpu_reset_fifo                         0x080060d8   Section        0  inv_mpu.o(i.mpu_reset_fifo)
    i.mpu_run_self_test                      0x08006238   Section        0  inv_mpu.o(i.mpu_run_self_test)
    i.mpu_set_accel_fsr                      0x08006328   Section        0  inv_mpu.o(i.mpu_set_accel_fsr)
    i.mpu_set_bypass                         0x08006390   Section        0  inv_mpu.o(i.mpu_set_bypass)
    i.mpu_set_dmp_state                      0x0800646c   Section        0  inv_mpu.o(i.mpu_set_dmp_state)
    i.mpu_set_gyro_fsr                       0x080064e4   Section        0  inv_mpu.o(i.mpu_set_gyro_fsr)
    i.mpu_set_int_latched                    0x08006550   Section        0  inv_mpu.o(i.mpu_set_int_latched)
    i.mpu_set_lpf                            0x080065b4   Section        0  inv_mpu.o(i.mpu_set_lpf)
    i.mpu_set_sample_rate                    0x08006620   Section        0  inv_mpu.o(i.mpu_set_sample_rate)
    i.mpu_set_sensors                        0x080066a0   Section        0  inv_mpu.o(i.mpu_set_sensors)
    i.mpu_write_mem                          0x08006758   Section        0  inv_mpu.o(i.mpu_write_mem)
    i.readIMU                                0x080067ac   Section        0  imu.o(i.readIMU)
    i.run_self_test                          0x080067f4   Section        0  inv_mpu.o(i.run_self_test)
    i.set_int_enable                         0x0800687c   Section        0  inv_mpu.o(i.set_int_enable)
    set_int_enable                           0x0800687d   Thumb Code    84  inv_mpu.o(i.set_int_enable)
    i.sqrt                                   0x080068d4   Section        0  sqrt.o(i.sqrt)
    .constdata                               0x08006942   Section       27  inv_mpu.o(.constdata)
    .constdata                               0x0800695e   Section       12  inv_mpu.o(.constdata)
    .constdata                               0x0800696c   Section       40  inv_mpu.o(.constdata)
    .constdata                               0x08006994   Section     3062  inv_mpu_dmp_motion_driver.o(.constdata)
    dmp_memory                               0x08006994   Data        3062  inv_mpu_dmp_motion_driver.o(.constdata)
    .constdata                               0x0800758a   Section       16  stm32f4xx_hal_rcc.o(.constdata)
    .constdata                               0x0800759a   Section        8  stm32f4xx_hal_dma.o(.constdata)
    flagBitshiftOffset                       0x0800759a   Data           8  stm32f4xx_hal_dma.o(.constdata)
    .constdata                               0x080075a8   Section       80  asin.o(.constdata)
    pS                                       0x080075a8   Data          48  asin.o(.constdata)
    qS                                       0x080075d8   Data          32  asin.o(.constdata)
    .constdata                               0x080075f8   Section      152  atan.o(.constdata)
    atanhi                                   0x080075f8   Data          32  atan.o(.constdata)
    atanlo                                   0x08007618   Data          32  atan.o(.constdata)
    aTodd                                    0x08007638   Data          40  atan.o(.constdata)
    aTeven                                   0x08007660   Data          48  atan.o(.constdata)
    .constdata                               0x08007690   Section        8  qnan.o(.constdata)
    .conststring                             0x08007698   Section       77  inv_mpu.o(.conststring)
    .data                                    0x20000000   Section        1  main.o(.data)
    .data                                    0x20000001   Section       10  usart.o(.data)
    .data                                    0x2000000c   Section        4  can.o(.data)
    HAL_RCC_CAN1_CLK_ENABLED                 0x2000000c   Data           4  can.o(.data)
    .data                                    0x20000010   Section       20  stm32f4xx_it.o(.data)
    usart1_runtime_rxlen                     0x20000012   Data           2  stm32f4xx_it.o(.data)
    usart2_runtime_rxlen                     0x20000014   Data           2  stm32f4xx_it.o(.data)
    tim3_count                               0x20000018   Data           4  stm32f4xx_it.o(.data)
    tim4_count                               0x2000001c   Data           4  stm32f4xx_it.o(.data)
    .data                                    0x20000024   Section        5  core.o(.data)
    feed_count                               0x20000024   Data           2  core.o(.data)
    .data                                    0x20000029   Section        1  communi.o(.data)
    .data                                    0x2000002c   Section       16  imu.o(.data)
    .data                                    0x2000003c   Section        8  imu.o(.data)
    .data                                    0x20000044   Section        1  6050.o(.data)
    .data                                    0x20000048   Section       53  inv_mpu.o(.data)
    st                                       0x20000048   Data          44  inv_mpu.o(.data)
    gyro_orientation                         0x20000074   Data           9  inv_mpu.o(.data)
    .data                                    0x20000080   Section        4  system_stm32f4xx.o(.data)
    .data                                    0x20000084   Section        4  stm32f4xx_hal.o(.data)
    .data                                    0x20000088   Section        4  stdout.o(.data)
    .data                                    0x2000008c   Section        4  mvars.o(.data)
    .data                                    0x20000090   Section        4  mvars.o(.data)
    .data                                    0x20000094   Section        4  errno.o(.data)
    _errno                                   0x20000094   Data           4  errno.o(.data)
    .bss                                     0x20000098   Section       16  main.o(.bss)
    .bss                                     0x200000a8   Section      650  usart.o(.bss)
    .bss                                     0x20000332   Section       18  usart.o(.bss)
    .bss                                     0x20000344   Section       32  usart.o(.bss)
    .bss                                     0x20000364   Section      180  tim.o(.bss)
    .bss                                     0x20000418   Section      272  can.o(.bss)
    .bss                                     0x20000528   Section       16  core.o(.bss)
    .bss                                     0x20000538   Section       20  communi.o(.bss)
    .bss                                     0x2000054c   Section       12  imu.o(.bss)
    .bss                                     0x20000558   Section       88  6050.o(.bss)
    .bss                                     0x200005b0   Section       16  inv_mpu_dmp_motion_driver.o(.bss)
    dmp                                      0x200005b0   Data          16  inv_mpu_dmp_motion_driver.o(.bss)
    HEAP                                     0x200005c0   Section      512  startup_stm32f405xx.o(HEAP)
    STACK                                    0x200007c0   Section     2048  startup_stm32f405xx.o(STACK)

    Global Symbols

    Symbol Name                              Value     Ov Type        Size  Object(Section)

    BuildAttributes$$THM_ISAv4$E$P$D$K$B$S$7EM$VFPi3$EXTD16$VFPS$VFMA$PE$A:L22UL41UL21$X:L11$S22US41US21$IEEE1$IW$USESV6$~STKCKD$USESV7$~SHL$OTIME$ROPI$IEEEX$EBA8$MICROLIB$REQ8$PRES8$EABIv2 0x00000000   Number         0  anon$$obj.o ABSOLUTE
    __ARM_use_no_argv                        0x00000000   Number         0  main.o ABSOLUTE
    _printf_a                                0x00000000   Number         0  stubs.o ABSOLUTE
    _printf_c                                0x00000000   Number         0  stubs.o ABSOLUTE
    _printf_charcount                        0x00000000   Number         0  stubs.o ABSOLUTE
    _printf_d                                0x00000000   Number         0  stubs.o ABSOLUTE
    _printf_e                                0x00000000   Number         0  stubs.o ABSOLUTE
    _printf_f                                0x00000000   Number         0  stubs.o ABSOLUTE
    _printf_flags                            0x00000000   Number         0  stubs.o ABSOLUTE
    _printf_fp_dec                           0x00000000   Number         0  stubs.o ABSOLUTE
    _printf_fp_hex                           0x00000000   Number         0  stubs.o ABSOLUTE
    _printf_g                                0x00000000   Number         0  stubs.o ABSOLUTE
    _printf_i                                0x00000000   Number         0  stubs.o ABSOLUTE
    _printf_int_dec                          0x00000000   Number         0  stubs.o ABSOLUTE
    _printf_l                                0x00000000   Number         0  stubs.o ABSOLUTE
    _printf_lc                               0x00000000   Number         0  stubs.o ABSOLUTE
    _printf_ll                               0x00000000   Number         0  stubs.o ABSOLUTE
    _printf_lld                              0x00000000   Number         0  stubs.o ABSOLUTE
    _printf_lli                              0x00000000   Number         0  stubs.o ABSOLUTE
    _printf_llo                              0x00000000   Number         0  stubs.o ABSOLUTE
    _printf_llu                              0x00000000   Number         0  stubs.o ABSOLUTE
    _printf_llx                              0x00000000   Number         0  stubs.o ABSOLUTE
    _printf_longlong_dec                     0x00000000   Number         0  stubs.o ABSOLUTE
    _printf_longlong_hex                     0x00000000   Number         0  stubs.o ABSOLUTE
    _printf_longlong_oct                     0x00000000   Number         0  stubs.o ABSOLUTE
    _printf_ls                               0x00000000   Number         0  stubs.o ABSOLUTE
    _printf_mbtowc                           0x00000000   Number         0  stubs.o ABSOLUTE
    _printf_n                                0x00000000   Number         0  stubs.o ABSOLUTE
    _printf_o                                0x00000000   Number         0  stubs.o ABSOLUTE
    _printf_p                                0x00000000   Number         0  stubs.o ABSOLUTE
    _printf_percent                          0x00000000   Number         0  stubs.o ABSOLUTE
    _printf_pre_padding                      0x00000000   Number         0  stubs.o ABSOLUTE
    _printf_return_value                     0x00000000   Number         0  stubs.o ABSOLUTE
    _printf_s                                0x00000000   Number         0  stubs.o ABSOLUTE
    _printf_sizespec                         0x00000000   Number         0  stubs.o ABSOLUTE
    _printf_str                              0x00000000   Number         0  stubs.o ABSOLUTE
    _printf_truncate_signed                  0x00000000   Number         0  stubs.o ABSOLUTE
    _printf_truncate_unsigned                0x00000000   Number         0  stubs.o ABSOLUTE
    _printf_u                                0x00000000   Number         0  stubs.o ABSOLUTE
    _printf_wc                               0x00000000   Number         0  stubs.o ABSOLUTE
    _printf_wctomb                           0x00000000   Number         0  stubs.o ABSOLUTE
    _printf_widthprec                        0x00000000   Number         0  stubs.o ABSOLUTE
    _printf_x                                0x00000000   Number         0  stubs.o ABSOLUTE
    __cpp_initialize__aeabi_                  - Undefined Weak Reference
    __cxa_finalize                            - Undefined Weak Reference
    __decompress                              - Undefined Weak Reference
    _clock_init                               - Undefined Weak Reference
    _microlib_exit                            - Undefined Weak Reference
    __Vectors_Size                           0x00000188   Number         0  startup_stm32f405xx.o ABSOLUTE
    __Vectors                                0x08000000   Data           4  startup_stm32f405xx.o(RESET)
    __Vectors_End                            0x08000188   Data           0  startup_stm32f405xx.o(RESET)
    __main                                   0x08000189   Thumb Code     0  entry.o(.ARM.Collect$$$$00000000)
    _main_stk                                0x08000189   Thumb Code     0  entry2.o(.ARM.Collect$$$$00000001)
    _main_scatterload                        0x0800018d   Thumb Code     0  entry5.o(.ARM.Collect$$$$00000004)
    __main_after_scatterload                 0x08000191   Thumb Code     0  entry5.o(.ARM.Collect$$$$00000004)
    _main_clock                              0x08000191   Thumb Code     0  entry7b.o(.ARM.Collect$$$$00000008)
    _main_cpp_init                           0x08000191   Thumb Code     0  entry8b.o(.ARM.Collect$$$$0000000A)
    _main_init                               0x08000191   Thumb Code     0  entry9a.o(.ARM.Collect$$$$0000000B)
    __rt_final_cpp                           0x08000199   Thumb Code     0  entry10a.o(.ARM.Collect$$$$0000000D)
    __rt_final_exit                          0x08000199   Thumb Code     0  entry11a.o(.ARM.Collect$$$$0000000F)
    Reset_Handler                            0x0800019d   Thumb Code     8  startup_stm32f405xx.o(.text)
    SVC_Handler                              0x080001af   Thumb Code     2  startup_stm32f405xx.o(.text)
    PendSV_Handler                           0x080001b3   Thumb Code     2  startup_stm32f405xx.o(.text)
    ADC_IRQHandler                           0x080001b7   Thumb Code     0  startup_stm32f405xx.o(.text)
    CAN1_RX1_IRQHandler                      0x080001b7   Thumb Code     0  startup_stm32f405xx.o(.text)
    CAN1_SCE_IRQHandler                      0x080001b7   Thumb Code     0  startup_stm32f405xx.o(.text)
    CAN2_RX1_IRQHandler                      0x080001b7   Thumb Code     0  startup_stm32f405xx.o(.text)
    CAN2_SCE_IRQHandler                      0x080001b7   Thumb Code     0  startup_stm32f405xx.o(.text)
    DMA1_Stream0_IRQHandler                  0x080001b7   Thumb Code     0  startup_stm32f405xx.o(.text)
    DMA1_Stream2_IRQHandler                  0x080001b7   Thumb Code     0  startup_stm32f405xx.o(.text)
    DMA1_Stream4_IRQHandler                  0x080001b7   Thumb Code     0  startup_stm32f405xx.o(.text)
    DMA1_Stream7_IRQHandler                  0x080001b7   Thumb Code     0  startup_stm32f405xx.o(.text)
    DMA2_Stream0_IRQHandler                  0x080001b7   Thumb Code     0  startup_stm32f405xx.o(.text)
    DMA2_Stream1_IRQHandler                  0x080001b7   Thumb Code     0  startup_stm32f405xx.o(.text)
    DMA2_Stream2_IRQHandler                  0x080001b7   Thumb Code     0  startup_stm32f405xx.o(.text)
    DMA2_Stream3_IRQHandler                  0x080001b7   Thumb Code     0  startup_stm32f405xx.o(.text)
    DMA2_Stream4_IRQHandler                  0x080001b7   Thumb Code     0  startup_stm32f405xx.o(.text)
    DMA2_Stream6_IRQHandler                  0x080001b7   Thumb Code     0  startup_stm32f405xx.o(.text)
    DMA2_Stream7_IRQHandler                  0x080001b7   Thumb Code     0  startup_stm32f405xx.o(.text)
    EXTI0_IRQHandler                         0x080001b7   Thumb Code     0  startup_stm32f405xx.o(.text)
    EXTI15_10_IRQHandler                     0x080001b7   Thumb Code     0  startup_stm32f405xx.o(.text)
    EXTI1_IRQHandler                         0x080001b7   Thumb Code     0  startup_stm32f405xx.o(.text)
    EXTI2_IRQHandler                         0x080001b7   Thumb Code     0  startup_stm32f405xx.o(.text)
    EXTI3_IRQHandler                         0x080001b7   Thumb Code     0  startup_stm32f405xx.o(.text)
    EXTI4_IRQHandler                         0x080001b7   Thumb Code     0  startup_stm32f405xx.o(.text)
    EXTI9_5_IRQHandler                       0x080001b7   Thumb Code     0  startup_stm32f405xx.o(.text)
    FLASH_IRQHandler                         0x080001b7   Thumb Code     0  startup_stm32f405xx.o(.text)
    FMC_IRQHandler                           0x080001b7   Thumb Code     0  startup_stm32f405xx.o(.text)
    FPU_IRQHandler                           0x080001b7   Thumb Code     0  startup_stm32f405xx.o(.text)
    HASH_RNG_IRQHandler                      0x080001b7   Thumb Code     0  startup_stm32f405xx.o(.text)
    I2C1_ER_IRQHandler                       0x080001b7   Thumb Code     0  startup_stm32f405xx.o(.text)
    I2C1_EV_IRQHandler                       0x080001b7   Thumb Code     0  startup_stm32f405xx.o(.text)
    I2C2_ER_IRQHandler                       0x080001b7   Thumb Code     0  startup_stm32f405xx.o(.text)
    I2C2_EV_IRQHandler                       0x080001b7   Thumb Code     0  startup_stm32f405xx.o(.text)
    I2C3_ER_IRQHandler                       0x080001b7   Thumb Code     0  startup_stm32f405xx.o(.text)
    I2C3_EV_IRQHandler                       0x080001b7   Thumb Code     0  startup_stm32f405xx.o(.text)
    OTG_FS_IRQHandler                        0x080001b7   Thumb Code     0  startup_stm32f405xx.o(.text)
    OTG_FS_WKUP_IRQHandler                   0x080001b7   Thumb Code     0  startup_stm32f405xx.o(.text)
    OTG_HS_EP1_IN_IRQHandler                 0x080001b7   Thumb Code     0  startup_stm32f405xx.o(.text)
    OTG_HS_EP1_OUT_IRQHandler                0x080001b7   Thumb Code     0  startup_stm32f405xx.o(.text)
    OTG_HS_IRQHandler                        0x080001b7   Thumb Code     0  startup_stm32f405xx.o(.text)
    OTG_HS_WKUP_IRQHandler                   0x080001b7   Thumb Code     0  startup_stm32f405xx.o(.text)
    PVD_IRQHandler                           0x080001b7   Thumb Code     0  startup_stm32f405xx.o(.text)
    RCC_IRQHandler                           0x080001b7   Thumb Code     0  startup_stm32f405xx.o(.text)
    RTC_Alarm_IRQHandler                     0x080001b7   Thumb Code     0  startup_stm32f405xx.o(.text)
    RTC_WKUP_IRQHandler                      0x080001b7   Thumb Code     0  startup_stm32f405xx.o(.text)
    SDIO_IRQHandler                          0x080001b7   Thumb Code     0  startup_stm32f405xx.o(.text)
    SPI1_IRQHandler                          0x080001b7   Thumb Code     0  startup_stm32f405xx.o(.text)
    SPI2_IRQHandler                          0x080001b7   Thumb Code     0  startup_stm32f405xx.o(.text)
    SPI3_IRQHandler                          0x080001b7   Thumb Code     0  startup_stm32f405xx.o(.text)
    TAMP_STAMP_IRQHandler                    0x080001b7   Thumb Code     0  startup_stm32f405xx.o(.text)
    TIM1_BRK_TIM9_IRQHandler                 0x080001b7   Thumb Code     0  startup_stm32f405xx.o(.text)
    TIM1_CC_IRQHandler                       0x080001b7   Thumb Code     0  startup_stm32f405xx.o(.text)
    TIM1_TRG_COM_TIM11_IRQHandler            0x080001b7   Thumb Code     0  startup_stm32f405xx.o(.text)
    TIM1_UP_TIM10_IRQHandler                 0x080001b7   Thumb Code     0  startup_stm32f405xx.o(.text)
    TIM5_IRQHandler                          0x080001b7   Thumb Code     0  startup_stm32f405xx.o(.text)
    TIM6_DAC_IRQHandler                      0x080001b7   Thumb Code     0  startup_stm32f405xx.o(.text)
    TIM7_IRQHandler                          0x080001b7   Thumb Code     0  startup_stm32f405xx.o(.text)
    TIM8_BRK_TIM12_IRQHandler                0x080001b7   Thumb Code     0  startup_stm32f405xx.o(.text)
    TIM8_CC_IRQHandler                       0x080001b7   Thumb Code     0  startup_stm32f405xx.o(.text)
    TIM8_TRG_COM_TIM14_IRQHandler            0x080001b7   Thumb Code     0  startup_stm32f405xx.o(.text)
    TIM8_UP_TIM13_IRQHandler                 0x080001b7   Thumb Code     0  startup_stm32f405xx.o(.text)
    UART4_IRQHandler                         0x080001b7   Thumb Code     0  startup_stm32f405xx.o(.text)
    UART5_IRQHandler                         0x080001b7   Thumb Code     0  startup_stm32f405xx.o(.text)
    USART6_IRQHandler                        0x080001b7   Thumb Code     0  startup_stm32f405xx.o(.text)
    WWDG_IRQHandler                          0x080001b7   Thumb Code     0  startup_stm32f405xx.o(.text)
    __aeabi_ldivmod                          0x080001c1   Thumb Code    98  ldiv.o(.text)
    __aeabi_memcpy                           0x08000223   Thumb Code    36  memcpya.o(.text)
    __aeabi_memcpy4                          0x08000223   Thumb Code     0  memcpya.o(.text)
    __aeabi_memcpy8                          0x08000223   Thumb Code     0  memcpya.o(.text)
    __aeabi_memset                           0x08000247   Thumb Code    14  memseta.o(.text)
    __aeabi_memset4                          0x08000247   Thumb Code     0  memseta.o(.text)
    __aeabi_memset8                          0x08000247   Thumb Code     0  memseta.o(.text)
    __aeabi_memclr                           0x08000255   Thumb Code     4  memseta.o(.text)
    __aeabi_memclr4                          0x08000255   Thumb Code     0  memseta.o(.text)
    __aeabi_memclr8                          0x08000255   Thumb Code     0  memseta.o(.text)
    _memset$wrapper                          0x08000259   Thumb Code    18  memseta.o(.text)
    memcmp                                   0x0800026b   Thumb Code    26  memcmp.o(.text)
    __aeabi_dadd                             0x08000285   Thumb Code   322  dadd.o(.text)
    __aeabi_dsub                             0x080003c7   Thumb Code     6  dadd.o(.text)
    __aeabi_drsub                            0x080003cd   Thumb Code     6  dadd.o(.text)
    __aeabi_dmul                             0x080003d3   Thumb Code   228  dmul.o(.text)
    __aeabi_ddiv                             0x080004b7   Thumb Code   222  ddiv.o(.text)
    __aeabi_f2d                              0x08000595   Thumb Code    38  f2d.o(.text)
    __aeabi_d2f                              0x080005bb   Thumb Code    56  d2f.o(.text)
    __aeabi_uldivmod                         0x080005f3   Thumb Code    98  uldiv.o(.text)
    __aeabi_llsl                             0x08000655   Thumb Code    30  llshl.o(.text)
    _ll_shift_l                              0x08000655   Thumb Code     0  llshl.o(.text)
    __aeabi_lasr                             0x08000673   Thumb Code    36  llsshr.o(.text)
    _ll_sshift_r                             0x08000673   Thumb Code     0  llsshr.o(.text)
    __I$use$fp                               0x08000697   Thumb Code     0  iusefp.o(.text)
    _float_round                             0x08000697   Thumb Code    18  fepilogue.o(.text)
    _float_epilogue                          0x080006a9   Thumb Code    92  fepilogue.o(.text)
    _double_round                            0x08000705   Thumb Code    30  depilogue.o(.text)
    _double_epilogue                         0x08000723   Thumb Code   156  depilogue.o(.text)
    __scatterload                            0x080007c1   Thumb Code    28  init.o(.text)
    __scatterload_rt2                        0x080007c1   Thumb Code     0  init.o(.text)
    __aeabi_llsr                             0x080007e5   Thumb Code    32  llushr.o(.text)
    __semihosting_library_function           0x080007e5   Thumb Code     0  semi.o(.text)
    _ll_ushift_r                             0x080007e5   Thumb Code     0  llushr.o(.text)
    __I$use$semihosting$fputc                0x08000805   Thumb Code     0  iusesemip.o(.text)
    _dsqrt                                   0x08000805   Thumb Code   162  dsqrt.o(.text)
    BusFault_Handler                         0x080008a7   Thumb Code     2  stm32f4xx_it.o(i.BusFault_Handler)
    CAN1_RX0_IRQHandler                      0x080008a9   Thumb Code     6  stm32f4xx_it.o(i.CAN1_RX0_IRQHandler)
    CAN1_TX_IRQHandler                       0x080008b5   Thumb Code     6  stm32f4xx_it.o(i.CAN1_TX_IRQHandler)
    CAN2_RX0_IRQHandler                      0x080008c1   Thumb Code     6  stm32f4xx_it.o(i.CAN2_RX0_IRQHandler)
    CAN2_TX_IRQHandler                       0x080008cd   Thumb Code     6  stm32f4xx_it.o(i.CAN2_TX_IRQHandler)
    Core_Task                                0x08000a61   Thumb Code   122  core.o(i.Core_Task)
    DMA1_Stream1_IRQHandler                  0x08000b01   Thumb Code     6  stm32f4xx_it.o(i.DMA1_Stream1_IRQHandler)
    DMA1_Stream3_IRQHandler                  0x08000b0d   Thumb Code     6  stm32f4xx_it.o(i.DMA1_Stream3_IRQHandler)
    DMA1_Stream5_IRQHandler                  0x08000b19   Thumb Code     6  stm32f4xx_it.o(i.DMA1_Stream5_IRQHandler)
    DMA1_Stream6_IRQHandler                  0x08000b25   Thumb Code   114  stm32f4xx_it.o(i.DMA1_Stream6_IRQHandler)
    DMA2_Stream5_IRQHandler                  0x08000ba9   Thumb Code     6  stm32f4xx_it.o(i.DMA2_Stream5_IRQHandler)
    DebugMon_Handler                         0x08000c05   Thumb Code     2  stm32f4xx_it.o(i.DebugMon_Handler)
    Get_Freqz                                0x08000c09   Thumb Code    50  tim.o(i.Get_Freqz)
    Gyro_OFFEST                              0x08000c41   Thumb Code   182  6050.o(i.Gyro_OFFEST)
    HAL_CAN_ConfigFilter                     0x08000d01   Thumb Code   218  stm32f4xx_hal_can.o(i.HAL_CAN_ConfigFilter)
    HAL_CAN_ErrorCallback                    0x08000de5   Thumb Code     2  stm32f4xx_hal_can.o(i.HAL_CAN_ErrorCallback)
    HAL_CAN_IRQHandler                       0x08000de9   Thumb Code   370  stm32f4xx_hal_can.o(i.HAL_CAN_IRQHandler)
    HAL_CAN_Init                             0x08000f69   Thumb Code   328  stm32f4xx_hal_can.o(i.HAL_CAN_Init)
    HAL_CAN_MspInit                          0x080010b1   Thumb Code   188  can.o(i.HAL_CAN_MspInit)
    HAL_CAN_RxCpltCallback                   0x08001185   Thumb Code   102  can.o(i.HAL_CAN_RxCpltCallback)
    HAL_CAN_Transmit                         0x080011f9   Thumb Code   390  stm32f4xx_hal_can.o(i.HAL_CAN_Transmit)
    HAL_CAN_TxCpltCallback                   0x0800138d   Thumb Code     2  stm32f4xx_hal_can.o(i.HAL_CAN_TxCpltCallback)
    HAL_DMA_IRQHandler                       0x08001391   Thumb Code   412  stm32f4xx_hal_dma.o(i.HAL_DMA_IRQHandler)
    HAL_DMA_Init                             0x08001531   Thumb Code   116  stm32f4xx_hal_dma.o(i.HAL_DMA_Init)
    HAL_DMA_Start_IT                         0x080015a9   Thumb Code    78  stm32f4xx_hal_dma.o(i.HAL_DMA_Start_IT)
    HAL_GPIO_Init                            0x080015f9   Thumb Code   398  stm32f4xx_hal_gpio.o(i.HAL_GPIO_Init)
    HAL_GPIO_ReadPin                         0x080017b9   Thumb Code    10  stm32f4xx_hal_gpio.o(i.HAL_GPIO_ReadPin)
    HAL_GPIO_TogglePin                       0x080017c3   Thumb Code     8  stm32f4xx_hal_gpio.o(i.HAL_GPIO_TogglePin)
    HAL_GPIO_WritePin                        0x080017cb   Thumb Code    10  stm32f4xx_hal_gpio.o(i.HAL_GPIO_WritePin)
    HAL_GetTick                              0x080017d5   Thumb Code     6  stm32f4xx_hal.o(i.HAL_GetTick)
    HAL_IncTick                              0x080017e1   Thumb Code    10  stm32f4xx_hal.o(i.HAL_IncTick)
    HAL_Init                                 0x080017f1   Thumb Code    48  stm32f4xx_hal.o(i.HAL_Init)
    HAL_InitTick                             0x08001825   Thumb Code    34  stm32f4xx_hal.o(i.HAL_InitTick)
    HAL_MspInit                              0x08001847   Thumb Code    68  stm32f4xx_hal_msp.o(i.HAL_MspInit)
    HAL_NVIC_EnableIRQ                       0x0800188b   Thumb Code    22  stm32f4xx_hal_cortex.o(i.HAL_NVIC_EnableIRQ)
    HAL_NVIC_SetPriority                     0x080018a1   Thumb Code    60  stm32f4xx_hal_cortex.o(i.HAL_NVIC_SetPriority)
    HAL_NVIC_SetPriorityGrouping             0x080018e1   Thumb Code    26  stm32f4xx_hal_cortex.o(i.HAL_NVIC_SetPriorityGrouping)
    HAL_RCC_ClockConfig                      0x08001905   Thumb Code   312  stm32f4xx_hal_rcc.o(i.HAL_RCC_ClockConfig)
    HAL_RCC_GetHCLKFreq                      0x08001a45   Thumb Code    38  stm32f4xx_hal_rcc.o(i.HAL_RCC_GetHCLKFreq)
    HAL_RCC_GetPCLK1Freq                     0x08001a79   Thumb Code    36  stm32f4xx_hal_rcc.o(i.HAL_RCC_GetPCLK1Freq)
    HAL_RCC_GetPCLK2Freq                     0x08001aa5   Thumb Code    36  stm32f4xx_hal_rcc.o(i.HAL_RCC_GetPCLK2Freq)
    HAL_RCC_GetSysClockFreq                  0x08001ad1   Thumb Code   104  stm32f4xx_hal_rcc.o(i.HAL_RCC_GetSysClockFreq)
    HAL_RCC_OscConfig                        0x08001b41   Thumb Code   722  stm32f4xx_hal_rcc.o(i.HAL_RCC_OscConfig)
    HAL_SYSTICK_CLKSourceConfig              0x08001e25   Thumb Code    24  stm32f4xx_hal_cortex.o(i.HAL_SYSTICK_CLKSourceConfig)
    HAL_SYSTICK_Callback                     0x08001e3d   Thumb Code     2  stm32f4xx_hal_cortex.o(i.HAL_SYSTICK_Callback)
    HAL_SYSTICK_Config                       0x08001e3f   Thumb Code    40  stm32f4xx_hal_cortex.o(i.HAL_SYSTICK_Config)
    HAL_SYSTICK_IRQHandler                   0x08001e67   Thumb Code     8  stm32f4xx_hal_cortex.o(i.HAL_SYSTICK_IRQHandler)
    HAL_TIMEx_BreakCallback                  0x08001e6f   Thumb Code     2  stm32f4xx_hal_tim_ex.o(i.HAL_TIMEx_BreakCallback)
    HAL_TIMEx_CommutationCallback            0x08001e71   Thumb Code     2  stm32f4xx_hal_tim_ex.o(i.HAL_TIMEx_CommutationCallback)
    HAL_TIMEx_MasterConfigSynchronization    0x08001e73   Thumb Code    80  stm32f4xx_hal_tim_ex.o(i.HAL_TIMEx_MasterConfigSynchronization)
    HAL_TIM_Base_Init                        0x08001ec3   Thumb Code    54  stm32f4xx_hal_tim.o(i.HAL_TIM_Base_Init)
    HAL_TIM_Base_MspInit                     0x08001ef9   Thumb Code   108  tim.o(i.HAL_TIM_Base_MspInit)
    HAL_TIM_ConfigClockSource                0x08001f71   Thumb Code   242  stm32f4xx_hal_tim.o(i.HAL_TIM_ConfigClockSource)
    HAL_TIM_IC_CaptureCallback               0x08002063   Thumb Code     2  stm32f4xx_hal_tim.o(i.HAL_TIM_IC_CaptureCallback)
    HAL_TIM_IRQHandler                       0x08002065   Thumb Code   358  stm32f4xx_hal_tim.o(i.HAL_TIM_IRQHandler)
    HAL_TIM_OC_DelayElapsedCallback          0x080021cb   Thumb Code     2  stm32f4xx_hal_tim.o(i.HAL_TIM_OC_DelayElapsedCallback)
    HAL_TIM_PWM_PulseFinishedCallback        0x080021cd   Thumb Code     2  stm32f4xx_hal_tim.o(i.HAL_TIM_PWM_PulseFinishedCallback)
    HAL_TIM_PeriodElapsedCallback            0x080021cf   Thumb Code     2  stm32f4xx_hal_tim.o(i.HAL_TIM_PeriodElapsedCallback)
    HAL_TIM_TriggerCallback                  0x080021d1   Thumb Code     2  stm32f4xx_hal_tim.o(i.HAL_TIM_TriggerCallback)
    HAL_UART_ErrorCallback                   0x080021d3   Thumb Code     2  stm32f4xx_hal_uart.o(i.HAL_UART_ErrorCallback)
    HAL_UART_IRQHandler                      0x080021d5   Thumb Code   232  stm32f4xx_hal_uart.o(i.HAL_UART_IRQHandler)
    HAL_UART_Init                            0x080022bd   Thumb Code    98  stm32f4xx_hal_uart.o(i.HAL_UART_Init)
    HAL_UART_MspInit                         0x08002321   Thumb Code   458  usart.o(i.HAL_UART_MspInit)
    HAL_UART_Receive_DMA                     0x08002515   Thumb Code   106  stm32f4xx_hal_uart.o(i.HAL_UART_Receive_DMA)
    HAL_UART_RxCpltCallback                  0x0800258d   Thumb Code     2  stm32f4xx_hal_uart.o(i.HAL_UART_RxCpltCallback)
    HAL_UART_RxHalfCpltCallback              0x0800258f   Thumb Code     2  stm32f4xx_hal_uart.o(i.HAL_UART_RxHalfCpltCallback)
    HAL_UART_Transmit_DMA                    0x08002591   Thumb Code   110  stm32f4xx_hal_uart.o(i.HAL_UART_Transmit_DMA)
    HAL_UART_TxCpltCallback                  0x0800260d   Thumb Code     2  stm32f4xx_hal_uart.o(i.HAL_UART_TxCpltCallback)
    HAL_UART_TxHalfCpltCallback              0x0800260f   Thumb Code     2  stm32f4xx_hal_uart.o(i.HAL_UART_TxHalfCpltCallback)
    HardFault_Handler                        0x08002611   Thumb Code     2  stm32f4xx_it.o(i.HardFault_Handler)
    I2C_NoAck                                0x08002615   Thumb Code    68  i2c.o(i.I2C_NoAck)
    I2C_RadeByte                             0x0800265d   Thumb Code   100  i2c.o(i.I2C_RadeByte)
    I2C_SendByte                             0x080026c5   Thumb Code    90  i2c.o(i.I2C_SendByte)
    I2C_Start                                0x08002725   Thumb Code    88  i2c.o(i.I2C_Start)
    I2C_Stop                                 0x08002781   Thumb Code    70  i2c.o(i.I2C_Stop)
    I2C_WaitAck                              0x080027cd   Thumb Code    96  i2c.o(i.I2C_WaitAck)
    I2C_delay                                0x08002831   Thumb Code     8  i2c.o(i.I2C_delay)
    IIC_Ack                                  0x08002839   Thumb Code    56  myiic.o(i.IIC_Ack)
    IIC_Init                                 0x08002879   Thumb Code    54  i2c.o(i.IIC_Init)
    IIC_NAck                                 0x080028b5   Thumb Code    56  myiic.o(i.IIC_NAck)
    IIC_Read_Byte                            0x080028f5   Thumb Code    96  myiic.o(i.IIC_Read_Byte)
    IIC_Send_Byte                            0x0800295d   Thumb Code    86  myiic.o(i.IIC_Send_Byte)
    IIC_Start                                0x080029bd   Thumb Code    56  myiic.o(i.IIC_Start)
    IIC_Stop                                 0x080029fd   Thumb Code    58  myiic.o(i.IIC_Stop)
    IIC_Wait_Ack                             0x08002a41   Thumb Code    74  myiic.o(i.IIC_Wait_Ack)
    InitMPU6050                              0x08002a95   Thumb Code   150  6050.o(i.InitMPU6050)
    MPU6050_Read                             0x08002b31   Thumb Code   126  6050.o(i.MPU6050_Read)
    MPU_Read_Len                             0x08002bb5   Thumb Code   108  mpu6050.o(i.MPU_Read_Len)
    MPU_Write_Len                            0x08002c21   Thumb Code    82  mpu6050.o(i.MPU_Write_Len)
    MX_CAN1_Init                             0x08002c75   Thumb Code   106  can.o(i.MX_CAN1_Init)
    MX_CAN2_Init                             0x08002ce9   Thumb Code    84  can.o(i.MX_CAN2_Init)
    MX_DMA_Init                              0x08002d45   Thumb Code    56  dma.o(i.MX_DMA_Init)
    MX_GPIO_Init                             0x08002d81   Thumb Code    54  gpio.o(i.MX_GPIO_Init)
    MX_TIM2_Init                             0x08002dbd   Thumb Code    72  tim.o(i.MX_TIM2_Init)
    MX_TIM3_Init                             0x08002e09   Thumb Code    80  tim.o(i.MX_TIM3_Init)
    MX_TIM4_Init                             0x08002e61   Thumb Code    82  tim.o(i.MX_TIM4_Init)
    MX_USART1_UART_Init                      0x08002ebd   Thumb Code    30  usart.o(i.MX_USART1_UART_Init)
    MX_USART2_UART_Init                      0x08002ee9   Thumb Code    32  usart.o(i.MX_USART2_UART_Init)
    MX_USART3_UART_Init                      0x08002f11   Thumb Code    32  usart.o(i.MX_USART3_UART_Init)
    MemManage_Handler                        0x08002f39   Thumb Code     2  stm32f4xx_it.o(i.MemManage_Handler)
    NMI_Handler                              0x08002f3b   Thumb Code     2  stm32f4xx_it.o(i.NMI_Handler)
    Readremote                               0x08002f5d   Thumb Code   126  communi.o(i.Readremote)
    RemoteFeed                               0x08002fe5   Thumb Code    22  core.o(i.RemoteFeed)
    Remote_rx_start                          0x08003001   Thumb Code    34  usart.o(i.Remote_rx_start)
    Single_Read                              0x0800302d   Thumb Code    78  i2c.o(i.Single_Read)
    Single_Write                             0x0800307b   Thumb Code    68  i2c.o(i.Single_Write)
    SysTick_Handler                          0x080030bf   Thumb Code    14  stm32f4xx_it.o(i.SysTick_Handler)
    SystemClock_Config                       0x080030cd   Thumb Code   136  main.o(i.SystemClock_Config)
    SystemInit                               0x0800315d   Thumb Code    66  system_stm32f4xx.o(i.SystemInit)
    TIM2_IRQHandler                          0x080031b1   Thumb Code     6  stm32f4xx_it.o(i.TIM2_IRQHandler)
    TIM3_IRQHandler                          0x080031bd   Thumb Code    14  stm32f4xx_it.o(i.TIM3_IRQHandler)
    TIM4_IRQHandler                          0x080031d5   Thumb Code    78  stm32f4xx_it.o(i.TIM4_IRQHandler)
    TIM_Base_SetConfig                       0x08003235   Thumb Code   148  stm32f4xx_hal_tim.o(i.TIM_Base_SetConfig)
    USART1_IRQHandler                        0x08003791   Thumb Code    92  stm32f4xx_it.o(i.USART1_IRQHandler)
    USART2_IRQHandler                        0x08003805   Thumb Code    64  stm32f4xx_it.o(i.USART2_IRQHandler)
    USART3_IRQHandler                        0x08003851   Thumb Code     6  stm32f4xx_it.o(i.USART3_IRQHandler)
    UsageFault_Handler                       0x0800385d   Thumb Code     2  stm32f4xx_it.o(i.UsageFault_Handler)
    Usart2_rx_start                          0x08003861   Thumb Code    32  usart.o(i.Usart2_rx_start)
    Usart_Tx                                 0x08003889   Thumb Code   238  core.o(i.Usart_Tx)
    __0printf$8                              0x08003989   Thumb Code    22  printf8.o(i.__0printf$8)
    __1printf$8                              0x08003989   Thumb Code     0  printf8.o(i.__0printf$8)
    __2printf                                0x08003989   Thumb Code     0  printf8.o(i.__0printf$8)
    __ARM_fpclassify                         0x080039a9   Thumb Code    48  fpclassify.o(i.__ARM_fpclassify)
    __hardfp_asin                            0x080039d9   Thumb Code   770  asin.o(i.__hardfp_asin)
    __hardfp_atan                            0x08003d39   Thumb Code   622  atan.o(i.__hardfp_atan)
    __hardfp_atan2                           0x08004011   Thumb Code   432  atan2.o(i.__hardfp_atan2)
    __kernel_poly                            0x08004201   Thumb Code   248  poly.o(i.__kernel_poly)
    __mathlib_dbl_infnan                     0x080042f9   Thumb Code    20  dunder.o(i.__mathlib_dbl_infnan)
    __mathlib_dbl_infnan2                    0x0800430d   Thumb Code    20  dunder.o(i.__mathlib_dbl_infnan2)
    __mathlib_dbl_invalid                    0x08004321   Thumb Code    24  dunder.o(i.__mathlib_dbl_invalid)
    __mathlib_dbl_underflow                  0x08004341   Thumb Code    24  dunder.o(i.__mathlib_dbl_underflow)
    __scatterload_copy                       0x08004361   Thumb Code    14  handlers.o(i.__scatterload_copy)
    __scatterload_null                       0x0800436f   Thumb Code     2  handlers.o(i.__scatterload_null)
    __scatterload_zeroinit                   0x08004371   Thumb Code    14  handlers.o(i.__scatterload_zeroinit)
    __set_errno                              0x08004381   Thumb Code     6  errno.o(i.__set_errno)
    atan                                     0x08004881   Thumb Code    16  atan.o(i.atan)
    can_send_msg                             0x08004891   Thumb Code   110  can.o(i.can_send_msg)
    delay5ms                                 0x080048ff   Thumb Code    10  i2c.o(i.delay5ms)
    delayms                                  0x08004909   Thumb Code    12  6050.o(i.delayms)
    delayus                                  0x08004915   Thumb Code    14  6050.o(i.delayus)
    dmp_enable_6x_lp_quat                    0x08004923   Thumb Code    58  inv_mpu_dmp_motion_driver.o(i.dmp_enable_6x_lp_quat)
    dmp_enable_feature                       0x0800495d   Thumb Code   464  inv_mpu_dmp_motion_driver.o(i.dmp_enable_feature)
    dmp_enable_gyro_cal                      0x08004b35   Thumb Code    34  inv_mpu_dmp_motion_driver.o(i.dmp_enable_gyro_cal)
    dmp_enable_lp_quat                       0x08004b71   Thumb Code    58  inv_mpu_dmp_motion_driver.o(i.dmp_enable_lp_quat)
    dmp_load_motion_driver_firmware          0x08004bad   Thumb Code    16  inv_mpu_dmp_motion_driver.o(i.dmp_load_motion_driver_firmware)
    dmp_read_fifo                            0x08004bc1   Thumb Code   324  inv_mpu_dmp_motion_driver.o(i.dmp_read_fifo)
    dmp_set_accel_bias                       0x08004d09   Thumb Code   210  inv_mpu_dmp_motion_driver.o(i.dmp_set_accel_bias)
    dmp_set_fifo_rate                        0x08004de1   Thumb Code    82  inv_mpu_dmp_motion_driver.o(i.dmp_set_fifo_rate)
    dmp_set_gyro_bias                        0x08004e45   Thumb Code   196  inv_mpu_dmp_motion_driver.o(i.dmp_set_gyro_bias)
    dmp_set_orientation                      0x08004f11   Thumb Code   246  inv_mpu_dmp_motion_driver.o(i.dmp_set_orientation)
    dmp_set_shake_reject_thresh              0x0800501d   Thumb Code    48  inv_mpu_dmp_motion_driver.o(i.dmp_set_shake_reject_thresh)
    dmp_set_shake_reject_time                0x0800504d   Thumb Code    32  inv_mpu_dmp_motion_driver.o(i.dmp_set_shake_reject_time)
    dmp_set_shake_reject_timeout             0x0800506d   Thumb Code    32  inv_mpu_dmp_motion_driver.o(i.dmp_set_shake_reject_timeout)
    dmp_set_tap_axes                         0x0800508d   Thumb Code    64  inv_mpu_dmp_motion_driver.o(i.dmp_set_tap_axes)
    dmp_set_tap_count                        0x080050cd   Thumb Code    34  inv_mpu_dmp_motion_driver.o(i.dmp_set_tap_count)
    dmp_set_tap_thresh                       0x080050f1   Thumb Code   314  inv_mpu_dmp_motion_driver.o(i.dmp_set_tap_thresh)
    dmp_set_tap_time                         0x08005251   Thumb Code    32  inv_mpu_dmp_motion_driver.o(i.dmp_set_tap_time)
    dmp_set_tap_time_multi                   0x08005271   Thumb Code    32  inv_mpu_dmp_motion_driver.o(i.dmp_set_tap_time_multi)
    fabs                                     0x08005291   Thumb Code    24  fabs.o(i.fabs)
    fputc                                    0x080052a9   Thumb Code    18  fputc.o(i.fputc)
    free                                     0x080052bd   Thumb Code    76  malloc.o(i.free)
    imu                                      0x080057a9   Thumb Code     6  imu.o(i.imu)
    inv_orientation_matrix_to_scalar         0x080057af   Thumb Code    34  inv_mpu.o(i.inv_orientation_matrix_to_scalar)
    inv_row_2_scale                          0x080057d1   Thumb Code    72  inv_mpu.o(i.inv_row_2_scale)
    led_config                               0x08005819   Thumb Code    54  gpio.o(i.led_config)
    main                                     0x08005855   Thumb Code   144  main.o(i.main)
    malloc                                   0x080058f5   Thumb Code    92  malloc.o(i.malloc)
    mget_ms                                  0x08005961   Thumb Code     2  inv_mpu.o(i.mget_ms)
    mpu_configure_fifo                       0x08005965   Thumb Code    78  inv_mpu.o(i.mpu_configure_fifo)
    mpu_dmp_get_data                         0x080059b9   Thumb Code   344  inv_mpu.o(i.mpu_dmp_get_data)
    mpu_dmp_init                             0x08005b1d   Thumb Code   160  inv_mpu.o(i.mpu_dmp_init)
    mpu_get_accel_fsr                        0x08005bc1   Thumb Code    54  inv_mpu.o(i.mpu_get_accel_fsr)
    mpu_get_accel_sens                       0x08005bfd   Thumb Code    62  inv_mpu.o(i.mpu_get_accel_sens)
    mpu_get_gyro_fsr                         0x08005c41   Thumb Code    48  inv_mpu.o(i.mpu_get_gyro_fsr)
    mpu_get_gyro_sens                        0x08005c75   Thumb Code    54  inv_mpu.o(i.mpu_get_gyro_sens)
    mpu_get_lpf                              0x08005cc1   Thumb Code    52  inv_mpu.o(i.mpu_get_lpf)
    mpu_get_sample_rate                      0x08005cf9   Thumb Code    22  inv_mpu.o(i.mpu_get_sample_rate)
    mpu_init                                 0x08005d15   Thumb Code   310  inv_mpu.o(i.mpu_init)
    mpu_load_firmware                        0x08005e9d   Thumb Code   154  inv_mpu.o(i.mpu_load_firmware)
    mpu_lp_accel_mode                        0x08005f3d   Thumb Code   178  inv_mpu.o(i.mpu_lp_accel_mode)
    mpu_read_fifo_stream                     0x08005ff5   Thumb Code   140  inv_mpu.o(i.mpu_read_fifo_stream)
    mpu_read_mem                             0x08006085   Thumb Code    80  inv_mpu.o(i.mpu_read_mem)
    mpu_reset_fifo                           0x080060d9   Thumb Code   346  inv_mpu.o(i.mpu_reset_fifo)
    mpu_run_self_test                        0x08006239   Thumb Code   234  inv_mpu.o(i.mpu_run_self_test)
    mpu_set_accel_fsr                        0x08006329   Thumb Code    98  inv_mpu.o(i.mpu_set_accel_fsr)
    mpu_set_bypass                           0x08006391   Thumb Code   214  inv_mpu.o(i.mpu_set_bypass)
    mpu_set_dmp_state                        0x0800646d   Thumb Code   114  inv_mpu.o(i.mpu_set_dmp_state)
    mpu_set_gyro_fsr                         0x080064e5   Thumb Code   104  inv_mpu.o(i.mpu_set_gyro_fsr)
    mpu_set_int_latched                      0x08006551   Thumb Code    94  inv_mpu.o(i.mpu_set_int_latched)
    mpu_set_lpf                              0x080065b5   Thumb Code   102  inv_mpu.o(i.mpu_set_lpf)
    mpu_set_sample_rate                      0x08006621   Thumb Code   124  inv_mpu.o(i.mpu_set_sample_rate)
    mpu_set_sensors                          0x080066a1   Thumb Code   178  inv_mpu.o(i.mpu_set_sensors)
    mpu_write_mem                            0x08006759   Thumb Code    80  inv_mpu.o(i.mpu_write_mem)
    readIMU                                  0x080067ad   Thumb Code    64  imu.o(i.readIMU)
    run_self_test                            0x080067f5   Thumb Code   136  inv_mpu.o(i.run_self_test)
    sqrt                                     0x080068d5   Thumb Code   110  sqrt.o(i.sqrt)
    reg                                      0x08006942   Data          27  inv_mpu.o(.constdata)
    hw                                       0x0800695e   Data          12  inv_mpu.o(.constdata)
    test                                     0x0800696c   Data          40  inv_mpu.o(.constdata)
    APBAHBPrescTable                         0x0800758a   Data          16  stm32f4xx_hal_rcc.o(.constdata)
    __mathlib_zero                           0x08007690   Data           8  qnan.o(.constdata)
    Region$$Table$$Base                      0x080076e8   Number         0  anon$$obj.o(Region$$Table)
    Region$$Table$$Limit                     0x08007708   Number         0  anon$$obj.o(Region$$Table)
    main_flag                                0x20000000   Data           1  main.o(.data)
    usart2_rx_buffer                         0x20000001   Data           5  usart.o(.data)
    usart3_rx_buffer                         0x20000006   Data           5  usart.o(.data)
    uart2_tx_busyFlag                        0x20000010   Data           1  stm32f4xx_it.o(.data)
    check_flag                               0x20000011   Data           1  stm32f4xx_it.o(.data)
    core_count                               0x20000020   Data           4  stm32f4xx_it.o(.data)
    sys                                      0x20000026   Data           3  core.o(.data)
    remoteData_receiveFlag                   0x20000029   Data           1  communi.o(.data)
    imu_yaw                                  0x2000002c   Data          16  imu.o(.data)
    IMU_TxInit                               0x2000003c   Data           8  imu.o(.data)
    TAddr                                    0x20000044   Data           1  6050.o(.data)
    SystemCoreClock                          0x20000080   Data           4  system_stm32f4xx.o(.data)
    uwTick                                   0x20000084   Data           4  stm32f4xx_hal.o(.data)
    __stdout                                 0x20000088   Data           4  stdout.o(.data)
    __microlib_freelist                      0x2000008c   Data           4  mvars.o(.data)
    __microlib_freelist_initialised          0x20000090   Data           4  mvars.o(.data)
    Main_fs                                  0x20000098   Data          16  main.o(.bss)
    huart1                                   0x200000a8   Data          64  usart.o(.bss)
    huart2                                   0x200000e8   Data          64  usart.o(.bss)
    huart3                                   0x20000128   Data          64  usart.o(.bss)
    hdma_usart1_rx                           0x20000168   Data          88  usart.o(.bss)
    hdma_usart2_rx                           0x200001c0   Data          88  usart.o(.bss)
    hdma_usart2_tx                           0x20000218   Data          88  usart.o(.bss)
    hdma_usart3_rx                           0x20000270   Data          88  usart.o(.bss)
    hdma_usart3_tx                           0x200002c8   Data          88  usart.o(.bss)
    usart1_rx_buffer                         0x20000320   Data          18  usart.o(.bss)
    remote_rx_buffer                         0x20000332   Data          18  usart.o(.bss)
    usart2_tx_buffer                         0x20000344   Data          32  usart.o(.bss)
    htim2                                    0x20000364   Data          60  tim.o(.bss)
    htim3                                    0x200003a0   Data          60  tim.o(.bss)
    htim4                                    0x200003dc   Data          60  tim.o(.bss)
    hcan1                                    0x20000418   Data          64  can.o(.bss)
    hcan2                                    0x20000458   Data          64  can.o(.bss)
    can1_filetr                              0x20000498   Data          40  can.o(.bss)
    can2_filetr                              0x200004c0   Data          40  can.o(.bss)
    Tx1Message                               0x200004e8   Data          28  can.o(.bss)
    Rx1Message                               0x20000504   Data          36  can.o(.bss)
    tim4_fs                                  0x20000528   Data          16  core.o(.bss)
    remote                                   0x20000538   Data          20  communi.o(.bss)
    dmp_angle                                0x2000054c   Data          12  imu.o(.bss)
    sensor                                   0x20000558   Data          72  6050.o(.bss)
    mpu6050_buffer                           0x200005a0   Data          16  6050.o(.bss)
    __heap_base                              0x200005c0   Data           0  startup_stm32f405xx.o(HEAP)
    __heap_limit                             0x200007c0   Data           0  startup_stm32f405xx.o(HEAP)
    __initial_sp                             0x20000fc0   Data           0  startup_stm32f405xx.o(STACK)



==============================================================================

Memory Map of the image

  Image Entry point : 0x08000189

  Load Region LR_IROM1 (Base: 0x08000000, Size: 0x000077a0, Max: 0x00100000, ABSOLUTE)

    Execution Region ER_IROM1 (Base: 0x08000000, Size: 0x00007708, Max: 0x00100000, ABSOLUTE)

    Base Addr    Size         Type   Attr      Idx    E Section Name        Object

    0x08000000   0x00000188   Data   RO         1655    RESET               startup_stm32f405xx.o
    0x08000188   0x00000000   Code   RO         4341  * .ARM.Collect$$$$00000000  mc_w.l(entry.o)
    0x08000188   0x00000004   Code   RO         4706    .ARM.Collect$$$$00000001  mc_w.l(entry2.o)
    0x0800018c   0x00000004   Code   RO         4709    .ARM.Collect$$$$00000004  mc_w.l(entry5.o)
    0x08000190   0x00000000   Code   RO         4711    .ARM.Collect$$$$00000008  mc_w.l(entry7b.o)
    0x08000190   0x00000000   Code   RO         4713    .ARM.Collect$$$$0000000A  mc_w.l(entry8b.o)
    0x08000190   0x00000008   Code   RO         4714    .ARM.Collect$$$$0000000B  mc_w.l(entry9a.o)
    0x08000198   0x00000000   Code   RO         4716    .ARM.Collect$$$$0000000D  mc_w.l(entry10a.o)
    0x08000198   0x00000000   Code   RO         4718    .ARM.Collect$$$$0000000F  mc_w.l(entry11a.o)
    0x08000198   0x00000004   Code   RO         4707    .ARM.Collect$$$$00002712  mc_w.l(entry2.o)
    0x0800019c   0x00000024   Code   RO         1656    .text               startup_stm32f405xx.o
    0x080001c0   0x00000062   Code   RO         4344    .text               mc_w.l(ldiv.o)
    0x08000222   0x00000024   Code   RO         4346    .text               mc_w.l(memcpya.o)
    0x08000246   0x00000024   Code   RO         4348    .text               mc_w.l(memseta.o)
    0x0800026a   0x0000001a   Code   RO         4350    .text               mc_w.l(memcmp.o)
    0x08000284   0x0000014e   Code   RO         4643    .text               mf_w.l(dadd.o)
    0x080003d2   0x000000e4   Code   RO         4645    .text               mf_w.l(dmul.o)
    0x080004b6   0x000000de   Code   RO         4647    .text               mf_w.l(ddiv.o)
    0x08000594   0x00000026   Code   RO         4651    .text               mf_w.l(f2d.o)
    0x080005ba   0x00000038   Code   RO         4653    .text               mf_w.l(d2f.o)
    0x080005f2   0x00000062   Code   RO         4725    .text               mc_w.l(uldiv.o)
    0x08000654   0x0000001e   Code   RO         4727    .text               mc_w.l(llshl.o)
    0x08000672   0x00000024   Code   RO         4729    .text               mc_w.l(llsshr.o)
    0x08000696   0x00000000   Code   RO         4740    .text               mc_w.l(iusefp.o)
    0x08000696   0x0000006e   Code   RO         4741    .text               mf_w.l(fepilogue.o)
    0x08000704   0x000000ba   Code   RO         4743    .text               mf_w.l(depilogue.o)
    0x080007be   0x00000002   PAD
    0x080007c0   0x00000024   Code   RO         4751    .text               mc_w.l(init.o)
    0x080007e4   0x00000000   Code   RO         4753    .text               mc_w.l(semi.o)
    0x080007e4   0x00000020   Code   RO         4754    .text               mc_w.l(llushr.o)
    0x08000804   0x00000000   Code   RO         4756    .text               mc_w.l(iusesemip.o)
    0x08000804   0x000000a2   Code   RO         4757    .text               mf_w.l(dsqrt.o)
    0x080008a6   0x00000002   Code   RO          461    i.BusFault_Handler  stm32f4xx_it.o
    0x080008a8   0x0000000c   Code   RO          462    i.CAN1_RX0_IRQHandler  stm32f4xx_it.o
    0x080008b4   0x0000000c   Code   RO          463    i.CAN1_TX_IRQHandler  stm32f4xx_it.o
    0x080008c0   0x0000000c   Code   RO          464    i.CAN2_RX0_IRQHandler  stm32f4xx_it.o
    0x080008cc   0x0000000c   Code   RO          465    i.CAN2_TX_IRQHandler  stm32f4xx_it.o
    0x080008d8   0x00000128   Code   RO         2753    i.CAN_Receive_IT    stm32f4xx_hal_can.o
    0x08000a00   0x00000060   Code   RO         2754    i.CAN_Transmit_IT   stm32f4xx_hal_can.o
    0x08000a60   0x000000a0   Code   RO          622    i.Core_Task         core.o
    0x08000b00   0x0000000c   Code   RO          466    i.DMA1_Stream1_IRQHandler  stm32f4xx_it.o
    0x08000b0c   0x0000000c   Code   RO          467    i.DMA1_Stream3_IRQHandler  stm32f4xx_it.o
    0x08000b18   0x0000000c   Code   RO          468    i.DMA1_Stream5_IRQHandler  stm32f4xx_it.o
    0x08000b24   0x00000084   Code   RO          469    i.DMA1_Stream6_IRQHandler  stm32f4xx_it.o
    0x08000ba8   0x0000000c   Code   RO          470    i.DMA2_Stream5_IRQHandler  stm32f4xx_it.o
    0x08000bb4   0x00000028   Code   RO         3707    i.DMA_CalcBaseAndBitshift  stm32f4xx_hal_dma.o
    0x08000bdc   0x00000028   Code   RO         3708    i.DMA_SetConfig     stm32f4xx_hal_dma.o
    0x08000c04   0x00000002   Code   RO          471    i.DebugMon_Handler  stm32f4xx_it.o
    0x08000c06   0x00000002   PAD
    0x08000c08   0x00000038   Code   RO          309    i.Get_Freqz         tim.o
    0x08000c40   0x000000c0   Code   RO          921    i.Gyro_OFFEST       6050.o
    0x08000d00   0x000000e4   Code   RO         2755    i.HAL_CAN_ConfigFilter  stm32f4xx_hal_can.o
    0x08000de4   0x00000002   Code   RO         2757    i.HAL_CAN_ErrorCallback  stm32f4xx_hal_can.o
    0x08000de6   0x00000002   PAD
    0x08000de8   0x00000180   Code   RO         2760    i.HAL_CAN_IRQHandler  stm32f4xx_hal_can.o
    0x08000f68   0x00000148   Code   RO         2761    i.HAL_CAN_Init      stm32f4xx_hal_can.o
    0x080010b0   0x000000d4   Code   RO          370    i.HAL_CAN_MspInit   can.o
    0x08001184   0x00000074   Code   RO          371    i.HAL_CAN_RxCpltCallback  can.o
    0x080011f8   0x00000194   Code   RO         2768    i.HAL_CAN_Transmit  stm32f4xx_hal_can.o
    0x0800138c   0x00000002   Code   RO         2770    i.HAL_CAN_TxCpltCallback  stm32f4xx_hal_can.o
    0x0800138e   0x00000002   PAD
    0x08001390   0x000001a0   Code   RO         3713    i.HAL_DMA_IRQHandler  stm32f4xx_hal_dma.o
    0x08001530   0x00000078   Code   RO         3714    i.HAL_DMA_Init      stm32f4xx_hal_dma.o
    0x080015a8   0x0000004e   Code   RO         3717    i.HAL_DMA_Start_IT  stm32f4xx_hal_dma.o
    0x080015f6   0x00000002   PAD
    0x080015f8   0x000001c0   Code   RO         3228    i.HAL_GPIO_Init     stm32f4xx_hal_gpio.o
    0x080017b8   0x0000000a   Code   RO         3230    i.HAL_GPIO_ReadPin  stm32f4xx_hal_gpio.o
    0x080017c2   0x00000008   Code   RO         3231    i.HAL_GPIO_TogglePin  stm32f4xx_hal_gpio.o
    0x080017ca   0x0000000a   Code   RO         3232    i.HAL_GPIO_WritePin  stm32f4xx_hal_gpio.o
    0x080017d4   0x0000000c   Code   RO         3322    i.HAL_GetTick       stm32f4xx_hal.o
    0x080017e0   0x00000010   Code   RO         3323    i.HAL_IncTick       stm32f4xx_hal.o
    0x080017f0   0x00000034   Code   RO         3324    i.HAL_Init          stm32f4xx_hal.o
    0x08001824   0x00000022   Code   RO         3325    i.HAL_InitTick      stm32f4xx_hal.o
    0x08001846   0x00000044   Code   RO          437    i.HAL_MspInit       stm32f4xx_hal_msp.o
    0x0800188a   0x00000016   Code   RO         2334    i.HAL_NVIC_EnableIRQ  stm32f4xx_hal_cortex.o
    0x080018a0   0x00000040   Code   RO         2340    i.HAL_NVIC_SetPriority  stm32f4xx_hal_cortex.o
    0x080018e0   0x00000024   Code   RO         2341    i.HAL_NVIC_SetPriorityGrouping  stm32f4xx_hal_cortex.o
    0x08001904   0x00000140   Code   RO         3121    i.HAL_RCC_ClockConfig  stm32f4xx_hal_rcc.o
    0x08001a44   0x00000034   Code   RO         3126    i.HAL_RCC_GetHCLKFreq  stm32f4xx_hal_rcc.o
    0x08001a78   0x0000002c   Code   RO         3128    i.HAL_RCC_GetPCLK1Freq  stm32f4xx_hal_rcc.o
    0x08001aa4   0x0000002c   Code   RO         3129    i.HAL_RCC_GetPCLK2Freq  stm32f4xx_hal_rcc.o
    0x08001ad0   0x00000070   Code   RO         3130    i.HAL_RCC_GetSysClockFreq  stm32f4xx_hal_rcc.o
    0x08001b40   0x000002e4   Code   RO         3133    i.HAL_RCC_OscConfig  stm32f4xx_hal_rcc.o
    0x08001e24   0x00000018   Code   RO         2343    i.HAL_SYSTICK_CLKSourceConfig  stm32f4xx_hal_cortex.o
    0x08001e3c   0x00000002   Code   RO         2344    i.HAL_SYSTICK_Callback  stm32f4xx_hal_cortex.o
    0x08001e3e   0x00000028   Code   RO         2345    i.HAL_SYSTICK_Config  stm32f4xx_hal_cortex.o
    0x08001e66   0x00000008   Code   RO         2346    i.HAL_SYSTICK_IRQHandler  stm32f4xx_hal_cortex.o
    0x08001e6e   0x00000002   Code   RO         2454    i.HAL_TIMEx_BreakCallback  stm32f4xx_hal_tim_ex.o
    0x08001e70   0x00000002   Code   RO         2455    i.HAL_TIMEx_CommutationCallback  stm32f4xx_hal_tim_ex.o
    0x08001e72   0x00000050   Code   RO         2471    i.HAL_TIMEx_MasterConfigSynchronization  stm32f4xx_hal_tim_ex.o
    0x08001ec2   0x00000036   Code   RO         1702    i.HAL_TIM_Base_Init  stm32f4xx_hal_tim.o
    0x08001ef8   0x00000078   Code   RO          311    i.HAL_TIM_Base_MspInit  tim.o
    0x08001f70   0x000000f2   Code   RO         1711    i.HAL_TIM_ConfigClockSource  stm32f4xx_hal_tim.o
    0x08002062   0x00000002   Code   RO         1731    i.HAL_TIM_IC_CaptureCallback  stm32f4xx_hal_tim.o
    0x08002064   0x00000166   Code   RO         1744    i.HAL_TIM_IRQHandler  stm32f4xx_hal_tim.o
    0x080021ca   0x00000002   Code   RO         1747    i.HAL_TIM_OC_DelayElapsedCallback  stm32f4xx_hal_tim.o
    0x080021cc   0x00000002   Code   RO         1774    i.HAL_TIM_PWM_PulseFinishedCallback  stm32f4xx_hal_tim.o
    0x080021ce   0x00000002   Code   RO         1781    i.HAL_TIM_PeriodElapsedCallback  stm32f4xx_hal_tim.o
    0x080021d0   0x00000002   Code   RO         1785    i.HAL_TIM_TriggerCallback  stm32f4xx_hal_tim.o
    0x080021d2   0x00000002   Code   RO         2895    i.HAL_UART_ErrorCallback  stm32f4xx_hal_uart.o
    0x080021d4   0x000000e8   Code   RO         2898    i.HAL_UART_IRQHandler  stm32f4xx_hal_uart.o
    0x080022bc   0x00000062   Code   RO         2899    i.HAL_UART_Init     stm32f4xx_hal_uart.o
    0x0800231e   0x00000002   PAD
    0x08002320   0x000001f4   Code   RO          210    i.HAL_UART_MspInit  usart.o
    0x08002514   0x00000078   Code   RO         2903    i.HAL_UART_Receive_DMA  stm32f4xx_hal_uart.o
    0x0800258c   0x00000002   Code   RO         2905    i.HAL_UART_RxCpltCallback  stm32f4xx_hal_uart.o
    0x0800258e   0x00000002   Code   RO         2906    i.HAL_UART_RxHalfCpltCallback  stm32f4xx_hal_uart.o
    0x08002590   0x0000007c   Code   RO         2908    i.HAL_UART_Transmit_DMA  stm32f4xx_hal_uart.o
    0x0800260c   0x00000002   Code   RO         2910    i.HAL_UART_TxCpltCallback  stm32f4xx_hal_uart.o
    0x0800260e   0x00000002   Code   RO         2911    i.HAL_UART_TxHalfCpltCallback  stm32f4xx_hal_uart.o
    0x08002610   0x00000002   Code   RO          472    i.HardFault_Handler  stm32f4xx_it.o
    0x08002612   0x00000002   PAD
    0x08002614   0x00000048   Code   RO          821    i.I2C_NoAck         i2c.o
    0x0800265c   0x00000068   Code   RO          822    i.I2C_RadeByte      i2c.o
    0x080026c4   0x00000060   Code   RO          823    i.I2C_SendByte      i2c.o
    0x08002724   0x0000005c   Code   RO          824    i.I2C_Start         i2c.o
    0x08002780   0x0000004c   Code   RO          825    i.I2C_Stop          i2c.o
    0x080027cc   0x00000064   Code   RO          826    i.I2C_WaitAck       i2c.o
    0x08002830   0x00000008   Code   RO          827    i.I2C_delay         i2c.o
    0x08002838   0x00000040   Code   RO         1596    i.IIC_Ack           myiic.o
    0x08002878   0x0000003c   Code   RO          828    i.IIC_Init          i2c.o
    0x080028b4   0x00000040   Code   RO         1597    i.IIC_NAck          myiic.o
    0x080028f4   0x00000068   Code   RO         1598    i.IIC_Read_Byte     myiic.o
    0x0800295c   0x00000060   Code   RO         1599    i.IIC_Send_Byte     myiic.o
    0x080029bc   0x00000040   Code   RO         1600    i.IIC_Start         myiic.o
    0x080029fc   0x00000044   Code   RO         1601    i.IIC_Stop          myiic.o
    0x08002a40   0x00000054   Code   RO         1602    i.IIC_Wait_Ack      myiic.o
    0x08002a94   0x0000009c   Code   RO          922    i.InitMPU6050       6050.o
    0x08002b30   0x00000084   Code   RO          923    i.MPU6050_Read      6050.o
    0x08002bb4   0x0000006c   Code   RO         1512    i.MPU_Read_Len      mpu6050.o
    0x08002c20   0x00000052   Code   RO         1518    i.MPU_Write_Len     mpu6050.o
    0x08002c72   0x00000002   PAD
    0x08002c74   0x00000074   Code   RO          372    i.MX_CAN1_Init      can.o
    0x08002ce8   0x0000005c   Code   RO          373    i.MX_CAN2_Init      can.o
    0x08002d44   0x0000003c   Code   RO          285    i.MX_DMA_Init       dma.o
    0x08002d80   0x0000003c   Code   RO          179    i.MX_GPIO_Init      gpio.o
    0x08002dbc   0x0000004c   Code   RO          312    i.MX_TIM2_Init      tim.o
    0x08002e08   0x00000058   Code   RO          313    i.MX_TIM3_Init      tim.o
    0x08002e60   0x0000005c   Code   RO          314    i.MX_TIM4_Init      tim.o
    0x08002ebc   0x0000002c   Code   RO          211    i.MX_USART1_UART_Init  usart.o
    0x08002ee8   0x00000028   Code   RO          212    i.MX_USART2_UART_Init  usart.o
    0x08002f10   0x00000028   Code   RO          213    i.MX_USART3_UART_Init  usart.o
    0x08002f38   0x00000002   Code   RO          473    i.MemManage_Handler  stm32f4xx_it.o
    0x08002f3a   0x00000002   Code   RO          474    i.NMI_Handler       stm32f4xx_it.o
    0x08002f3c   0x00000020   Code   RO         2347    i.NVIC_SetPriority  stm32f4xx_hal_cortex.o
    0x08002f5c   0x00000088   Code   RO          676    i.Readremote        communi.o
    0x08002fe4   0x0000001c   Code   RO          623    i.RemoteFeed        core.o
    0x08003000   0x0000002c   Code   RO          214    i.Remote_rx_start   usart.o
    0x0800302c   0x0000004e   Code   RO          829    i.Single_Read       i2c.o
    0x0800307a   0x00000044   Code   RO          830    i.Single_Write      i2c.o
    0x080030be   0x0000000e   Code   RO          475    i.SysTick_Handler   stm32f4xx_it.o
    0x080030cc   0x00000090   Code   RO            4    i.SystemClock_Config  main.o
    0x0800315c   0x00000054   Code   RO         1664    i.SystemInit        system_stm32f4xx.o
    0x080031b0   0x0000000c   Code   RO          476    i.TIM2_IRQHandler   stm32f4xx_it.o
    0x080031bc   0x00000018   Code   RO          477    i.TIM3_IRQHandler   stm32f4xx_it.o
    0x080031d4   0x00000060   Code   RO          478    i.TIM4_IRQHandler   stm32f4xx_it.o
    0x08003234   0x000000c0   Code   RO         1786    i.TIM_Base_SetConfig  stm32f4xx_hal_tim.o
    0x080032f4   0x00000014   Code   RO         1793    i.TIM_ETR_SetConfig  stm32f4xx_hal_tim.o
    0x08003308   0x00000010   Code   RO         1794    i.TIM_ITRx_SetConfig  stm32f4xx_hal_tim.o
    0x08003318   0x00000022   Code   RO         1800    i.TIM_TI1_ConfigInputStage  stm32f4xx_hal_tim.o
    0x0800333a   0x00000024   Code   RO         1802    i.TIM_TI2_ConfigInputStage  stm32f4xx_hal_tim.o
    0x0800335e   0x00000022   Code   RO         2912    i.UART_DMAError     stm32f4xx_hal_uart.o
    0x08003380   0x00000028   Code   RO         2913    i.UART_DMAReceiveCplt  stm32f4xx_hal_uart.o
    0x080033a8   0x0000000a   Code   RO         2914    i.UART_DMARxHalfCplt  stm32f4xx_hal_uart.o
    0x080033b2   0x0000002e   Code   RO         2915    i.UART_DMATransmitCplt  stm32f4xx_hal_uart.o
    0x080033e0   0x0000000a   Code   RO         2916    i.UART_DMATxHalfCplt  stm32f4xx_hal_uart.o
    0x080033ea   0x00000096   Code   RO         2917    i.UART_Receive_IT   stm32f4xx_hal_uart.o
    0x08003480   0x000002ac   Code   RO         2918    i.UART_SetConfig    stm32f4xx_hal_uart.o
    0x0800372c   0x00000062   Code   RO         2919    i.UART_Transmit_IT  stm32f4xx_hal_uart.o
    0x0800378e   0x00000002   PAD
    0x08003790   0x00000074   Code   RO          479    i.USART1_IRQHandler  stm32f4xx_it.o
    0x08003804   0x0000004c   Code   RO          480    i.USART2_IRQHandler  stm32f4xx_it.o
    0x08003850   0x0000000c   Code   RO          481    i.USART3_IRQHandler  stm32f4xx_it.o
    0x0800385c   0x00000002   Code   RO          482    i.UsageFault_Handler  stm32f4xx_it.o
    0x0800385e   0x00000002   PAD
    0x08003860   0x00000028   Code   RO          215    i.Usart2_rx_start   usart.o
    0x08003888   0x00000100   Code   RO          624    i.Usart_Tx          core.o
    0x08003988   0x00000020   Code   RO         4561    i.__0printf$8       mc_w.l(printf8.o)
    0x080039a8   0x00000030   Code   RO         4689    i.__ARM_fpclassify  m_wm.l(fpclassify.o)
    0x080039d8   0x00000360   Code   RO         4315    i.__hardfp_asin     m_wm.l(asin.o)
    0x08003d38   0x000002d8   Code   RO         4655    i.__hardfp_atan     m_wm.l(atan.o)
    0x08004010   0x000001f0   Code   RO         4329    i.__hardfp_atan2    m_wm.l(atan2.o)
    0x08004200   0x000000f8   Code   RO         4691    i.__kernel_poly     m_wm.l(poly.o)
    0x080042f8   0x00000014   Code   RO         4670    i.__mathlib_dbl_infnan  m_wm.l(dunder.o)
    0x0800430c   0x00000014   Code   RO         4671    i.__mathlib_dbl_infnan2  m_wm.l(dunder.o)
    0x08004320   0x00000020   Code   RO         4672    i.__mathlib_dbl_invalid  m_wm.l(dunder.o)
    0x08004340   0x00000020   Code   RO         4675    i.__mathlib_dbl_underflow  m_wm.l(dunder.o)
    0x08004360   0x0000000e   Code   RO         4763    i.__scatterload_copy  mc_w.l(handlers.o)
    0x0800436e   0x00000002   Code   RO         4764    i.__scatterload_null  mc_w.l(handlers.o)
    0x08004370   0x0000000e   Code   RO         4765    i.__scatterload_zeroinit  mc_w.l(handlers.o)
    0x0800437e   0x00000002   PAD
    0x08004380   0x0000000c   Code   RO         4735    i.__set_errno       mc_w.l(errno.o)
    0x0800438c   0x00000410   Code   RO         4568    i._printf_core      mc_w.l(printf8.o)
    0x0800479c   0x00000024   Code   RO         4569    i._printf_post_padding  mc_w.l(printf8.o)
    0x080047c0   0x0000002e   Code   RO         4570    i._printf_pre_padding  mc_w.l(printf8.o)
    0x080047ee   0x00000002   PAD
    0x080047f0   0x00000090   Code   RO          977    i.accel_self_test   inv_mpu.o
    0x08004880   0x00000010   Code   RO         4657    i.atan              m_wm.l(atan.o)
    0x08004890   0x0000006e   Code   RO          374    i.can_send_msg      can.o
    0x080048fe   0x0000000a   Code   RO          832    i.delay5ms          i2c.o
    0x08004908   0x0000000c   Code   RO          924    i.delayms           6050.o
    0x08004914   0x0000000e   Code   RO          925    i.delayus           6050.o
    0x08004922   0x0000003a   Code   RO         1322    i.dmp_enable_6x_lp_quat  inv_mpu_dmp_motion_driver.o
    0x0800495c   0x000001d8   Code   RO         1323    i.dmp_enable_feature  inv_mpu_dmp_motion_driver.o
    0x08004b34   0x0000003c   Code   RO         1324    i.dmp_enable_gyro_cal  inv_mpu_dmp_motion_driver.o
    0x08004b70   0x0000003a   Code   RO         1325    i.dmp_enable_lp_quat  inv_mpu_dmp_motion_driver.o
    0x08004baa   0x00000002   PAD
    0x08004bac   0x00000014   Code   RO         1330    i.dmp_load_motion_driver_firmware  inv_mpu_dmp_motion_driver.o
    0x08004bc0   0x00000148   Code   RO         1331    i.dmp_read_fifo     inv_mpu_dmp_motion_driver.o
    0x08004d08   0x000000d8   Code   RO         1334    i.dmp_set_accel_bias  inv_mpu_dmp_motion_driver.o
    0x08004de0   0x00000064   Code   RO         1335    i.dmp_set_fifo_rate  inv_mpu_dmp_motion_driver.o
    0x08004e44   0x000000cc   Code   RO         1336    i.dmp_set_gyro_bias  inv_mpu_dmp_motion_driver.o
    0x08004f10   0x0000010c   Code   RO         1338    i.dmp_set_orientation  inv_mpu_dmp_motion_driver.o
    0x0800501c   0x00000030   Code   RO         1341    i.dmp_set_shake_reject_thresh  inv_mpu_dmp_motion_driver.o
    0x0800504c   0x00000020   Code   RO         1342    i.dmp_set_shake_reject_time  inv_mpu_dmp_motion_driver.o
    0x0800506c   0x00000020   Code   RO         1343    i.dmp_set_shake_reject_timeout  inv_mpu_dmp_motion_driver.o
    0x0800508c   0x00000040   Code   RO         1344    i.dmp_set_tap_axes  inv_mpu_dmp_motion_driver.o
    0x080050cc   0x00000022   Code   RO         1345    i.dmp_set_tap_count  inv_mpu_dmp_motion_driver.o
    0x080050ee   0x00000002   PAD
    0x080050f0   0x00000160   Code   RO         1346    i.dmp_set_tap_thresh  inv_mpu_dmp_motion_driver.o
    0x08005250   0x00000020   Code   RO         1347    i.dmp_set_tap_time  inv_mpu_dmp_motion_driver.o
    0x08005270   0x00000020   Code   RO         1348    i.dmp_set_tap_time_multi  inv_mpu_dmp_motion_driver.o
    0x08005290   0x00000018   Code   RO         4685    i.fabs              m_wm.l(fabs.o)
    0x080052a8   0x00000012   Code   RO         4720    i.fputc             mc_w.l(fputc.o)
    0x080052ba   0x00000002   PAD
    0x080052bc   0x00000050   Code   RO         4615    i.free              mc_w.l(malloc.o)
    0x0800530c   0x000000b4   Code   RO          978    i.get_accel_prod_shift  inv_mpu.o
    0x080053c0   0x00000314   Code   RO          979    i.get_st_biases     inv_mpu.o
    0x080056d4   0x000000d4   Code   RO          980    i.gyro_self_test    inv_mpu.o
    0x080057a8   0x00000006   Code   RO          762    i.imu               imu.o
    0x080057ae   0x00000022   Code   RO          981    i.inv_orientation_matrix_to_scalar  inv_mpu.o
    0x080057d0   0x00000048   Code   RO          982    i.inv_row_2_scale   inv_mpu.o
    0x08005818   0x0000003c   Code   RO          180    i.led_config        gpio.o
    0x08005854   0x000000a0   Code   RO            5    i.main              main.o
    0x080058f4   0x0000006c   Code   RO         4616    i.malloc            mc_w.l(malloc.o)
    0x08005960   0x00000002   Code   RO          983    i.mget_ms           inv_mpu.o
    0x08005962   0x00000002   PAD
    0x08005964   0x00000054   Code   RO          984    i.mpu_configure_fifo  inv_mpu.o
    0x080059b8   0x00000164   Code   RO          985    i.mpu_dmp_get_data  inv_mpu.o
    0x08005b1c   0x000000a4   Code   RO          986    i.mpu_dmp_init      inv_mpu.o
    0x08005bc0   0x0000003c   Code   RO          987    i.mpu_get_accel_fsr  inv_mpu.o
    0x08005bfc   0x00000044   Code   RO          989    i.mpu_get_accel_sens  inv_mpu.o
    0x08005c40   0x00000034   Code   RO          995    i.mpu_get_gyro_fsr  inv_mpu.o
    0x08005c74   0x0000004c   Code   RO          997    i.mpu_get_gyro_sens  inv_mpu.o
    0x08005cc0   0x00000038   Code   RO          999    i.mpu_get_lpf       inv_mpu.o
    0x08005cf8   0x0000001c   Code   RO         1001    i.mpu_get_sample_rate  inv_mpu.o
    0x08005d14   0x00000188   Code   RO         1003    i.mpu_init          inv_mpu.o
    0x08005e9c   0x000000a0   Code   RO         1004    i.mpu_load_firmware  inv_mpu.o
    0x08005f3c   0x000000b8   Code   RO         1005    i.mpu_lp_accel_mode  inv_mpu.o
    0x08005ff4   0x00000090   Code   RO         1008    i.mpu_read_fifo_stream  inv_mpu.o
    0x08006084   0x00000054   Code   RO         1009    i.mpu_read_mem      inv_mpu.o
    0x080060d8   0x00000160   Code   RO         1012    i.mpu_reset_fifo    inv_mpu.o
    0x08006238   0x000000f0   Code   RO         1013    i.mpu_run_self_test  inv_mpu.o
    0x08006328   0x00000068   Code   RO         1015    i.mpu_set_accel_fsr  inv_mpu.o
    0x08006390   0x000000dc   Code   RO         1016    i.mpu_set_bypass    inv_mpu.o
    0x0800646c   0x00000078   Code   RO         1018    i.mpu_set_dmp_state  inv_mpu.o
    0x080064e4   0x0000006c   Code   RO         1019    i.mpu_set_gyro_fsr  inv_mpu.o
    0x08006550   0x00000064   Code   RO         1020    i.mpu_set_int_latched  inv_mpu.o
    0x080065b4   0x0000006c   Code   RO         1022    i.mpu_set_lpf       inv_mpu.o
    0x08006620   0x00000080   Code   RO         1023    i.mpu_set_sample_rate  inv_mpu.o
    0x080066a0   0x000000b8   Code   RO         1024    i.mpu_set_sensors   inv_mpu.o
    0x08006758   0x00000054   Code   RO         1025    i.mpu_write_mem     inv_mpu.o
    0x080067ac   0x00000048   Code   RO          764    i.readIMU           imu.o
    0x080067f4   0x00000088   Code   RO         1026    i.run_self_test     inv_mpu.o
    0x0800687c   0x00000058   Code   RO         1027    i.set_int_enable    inv_mpu.o
    0x080068d4   0x0000006e   Code   RO         4696    i.sqrt              m_wm.l(sqrt.o)
    0x08006942   0x0000001b   Data   RO         1029    .constdata          inv_mpu.o
    0x0800695d   0x00000001   PAD
    0x0800695e   0x0000000c   Data   RO         1030    .constdata          inv_mpu.o
    0x0800696a   0x00000002   PAD
    0x0800696c   0x00000028   Data   RO         1031    .constdata          inv_mpu.o
    0x08006994   0x00000bf6   Data   RO         1350    .constdata          inv_mpu_dmp_motion_driver.o
    0x0800758a   0x00000010   Data   RO         3134    .constdata          stm32f4xx_hal_rcc.o
    0x0800759a   0x00000008   Data   RO         3718    .constdata          stm32f4xx_hal_dma.o
    0x080075a2   0x00000006   PAD
    0x080075a8   0x00000050   Data   RO         4318    .constdata          m_wm.l(asin.o)
    0x080075f8   0x00000098   Data   RO         4658    .constdata          m_wm.l(atan.o)
    0x08007690   0x00000008   Data   RO         4693    .constdata          m_wm.l(qnan.o)
    0x08007698   0x0000004d   Data   RO         1032    .conststring        inv_mpu.o
    0x080076e5   0x00000003   PAD
    0x080076e8   0x00000020   Data   RO         4761    Region$$Table       anon$$obj.o


    Execution Region RW_IRAM1 (Base: 0x20000000, Size: 0x00000fc0, Max: 0x00020000, ABSOLUTE)

    Base Addr    Size         Type   Attr      Idx    E Section Name        Object

    0x20000000   0x00000001   Data   RW            8    .data               main.o
    0x20000001   0x0000000a   Data   RW          220    .data               usart.o
    0x2000000b   0x00000001   PAD
    0x2000000c   0x00000004   Data   RW          376    .data               can.o
    0x20000010   0x00000014   Data   RW          484    .data               stm32f4xx_it.o
    0x20000024   0x00000005   Data   RW          626    .data               core.o
    0x20000029   0x00000001   Data   RW          678    .data               communi.o
    0x2000002a   0x00000002   PAD
    0x2000002c   0x00000010   Data   RW          768    .data               imu.o
    0x2000003c   0x00000008   Data   RW          769    .data               imu.o
    0x20000044   0x00000001   Data   RW          927    .data               6050.o
    0x20000045   0x00000003   PAD
    0x20000048   0x00000035   Data   RW         1033    .data               inv_mpu.o
    0x2000007d   0x00000003   PAD
    0x20000080   0x00000004   Data   RW         1666    .data               system_stm32f4xx.o
    0x20000084   0x00000004   Data   RW         3330    .data               stm32f4xx_hal.o
    0x20000088   0x00000004   Data   RW         4722    .data               mc_w.l(stdout.o)
    0x2000008c   0x00000004   Data   RW         4731    .data               mc_w.l(mvars.o)
    0x20000090   0x00000004   Data   RW         4732    .data               mc_w.l(mvars.o)
    0x20000094   0x00000004   Data   RW         4736    .data               mc_w.l(errno.o)
    0x20000098   0x00000010   Zero   RW            6    .bss                main.o
    0x200000a8   0x0000028a   Zero   RW          217    .bss                usart.o
    0x20000332   0x00000012   Zero   RW          218    .bss                usart.o
    0x20000344   0x00000020   Zero   RW          219    .bss                usart.o
    0x20000364   0x000000b4   Zero   RW          315    .bss                tim.o
    0x20000418   0x00000110   Zero   RW          375    .bss                can.o
    0x20000528   0x00000010   Zero   RW          625    .bss                core.o
    0x20000538   0x00000014   Zero   RW          677    .bss                communi.o
    0x2000054c   0x0000000c   Zero   RW          766    .bss                imu.o
    0x20000558   0x00000058   Zero   RW          926    .bss                6050.o
    0x200005b0   0x00000010   Zero   RW         1349    .bss                inv_mpu_dmp_motion_driver.o
    0x200005c0   0x00000200   Zero   RW         1654    HEAP                startup_stm32f405xx.o
    0x200007c0   0x00000800   Zero   RW         1653    STACK               startup_stm32f405xx.o


==============================================================================

Image component sizes


      Code (inc. data)   RO Data    RW Data    ZI Data      Debug   Object Name

       506         22          0          1         88       4775   6050.o
       646         56          0          4        272       5810   can.o
       136         10          0          1         20       1217   communi.o
       444         62          0          5         16       3282   core.o
        60          4          0          0          0        822   dma.o
       120         12          0          0          0       1384   gpio.o
       764         34          0          0          0       6776   i2c.o
        78          8          0         24         12       3368   imu.o
      5312        304        156         53          0      31622   inv_mpu.o
      2410        134       3062          0         16      20330   inv_mpu_dmp_motion_driver.o
       304         24          0          1         16     363030   main.o
       190          0          0          0          0       2160   mpu6050.o
       544         62          0          0          0       4063   myiic.o
        36          8        392          0       2560        820   startup_stm32f405xx.o
       114         16          0          4          0       3707   stm32f4xx_hal.o
      1740         38          0          0          0       7063   stm32f4xx_hal_can.o
       228         14          0          0          0      32265   stm32f4xx_hal_cortex.o
       694         14          8          0          0       4607   stm32f4xx_hal_dma.o
       476         50          0          0          0       3876   stm32f4xx_hal_gpio.o
        68          0          0          0          0        530   stm32f4xx_hal_msp.o
      1312         64         16          0          0       6027   stm32f4xx_hal_rcc.o
       962         44          0          0          0      10051   stm32f4xx_hal_tim.o
        84          0          0          0          0       2474   stm32f4xx_hal_tim_ex.o
      1656         36          0          0          0      12102   stm32f4xx_hal_uart.o
       590        142          0         20          0      11374   stm32f4xx_it.o
        84         18          0          4          0       1377   system_stm32f4xx.o
       432         40          0          0        180       3988   tim.o
       708         90          0         10        700       4753   usart.o

    ----------------------------------------------------------------------
     20722       1306       3678        136       3880     553653   Object Totals
         0          0         32          0          0          0   (incl. Generated)
        24          0         12          9          0          0   (incl. Padding)

    ----------------------------------------------------------------------

      Code (inc. data)   RO Data    RW Data    ZI Data      Debug   Library Member Name

       864         94         80          0          0        280   asin.o
       744        106        152          0          0        352   atan.o
       496         64          0          0          0        192   atan2.o
       104         16          0          0          0        496   dunder.o
        24          0          0          0          0        124   fabs.o
        48          0          0          0          0        124   fpclassify.o
       248          0          0          0          0        152   poly.o
         0          0          8          0          0          0   qnan.o
       110          0          0          0          0        148   sqrt.o
         0          0          0          0          0          0   entry.o
         0          0          0          0          0          0   entry10a.o
         0          0          0          0          0          0   entry11a.o
         8          4          0          0          0          0   entry2.o
         4          0          0          0          0          0   entry5.o
         0          0          0          0          0          0   entry7b.o
         0          0          0          0          0          0   entry8b.o
         8          4          0          0          0          0   entry9a.o
        12          6          0          4          0         68   errno.o
        18          0          0          0          0         80   fputc.o
        30          0          0          0          0          0   handlers.o
        36          8          0          0          0         68   init.o
         0          0          0          0          0          0   iusefp.o
         0          0          0          0          0          0   iusesemip.o
        98          0          0          0          0         84   ldiv.o
        30          0          0          0          0         68   llshl.o
        36          0          0          0          0         68   llsshr.o
        32          0          0          0          0         68   llushr.o
       188         20          0          0          0        160   malloc.o
        26          0          0          0          0         80   memcmp.o
        36          0          0          0          0         68   memcpya.o
        36          0          0          0          0        108   memseta.o
         0          0          0          8          0          0   mvars.o
      1154         54          0          0          0        352   printf8.o
         0          0          0          0          0          0   semi.o
         0          0          0          4          0          0   stdout.o
        98          0          0          0          0         92   uldiv.o
        56          0          0          0          0         88   d2f.o
       334          0          0          0          0        148   dadd.o
       222          0          0          0          0        100   ddiv.o
       186          0          0          0          0        176   depilogue.o
       228          0          0          0          0         96   dmul.o
       162          0          0          0          0        100   dsqrt.o
        38          0          0          0          0         68   f2d.o
       110          0          0          0          0        168   fepilogue.o

    ----------------------------------------------------------------------
      5832        376        240         16          0       4176   Library Totals
         8          0          0          0          0          0   (incl. Padding)

    ----------------------------------------------------------------------

      Code (inc. data)   RO Data    RW Data    ZI Data      Debug   Library Name

      2638        280        240          0          0       1868   m_wm.l
      1850         96          0         16          0       1364   mc_w.l
      1336          0          0          0          0        944   mf_w.l

    ----------------------------------------------------------------------
      5832        376        240         16          0       4176   Library Totals

    ----------------------------------------------------------------------

==============================================================================


      Code (inc. data)   RO Data    RW Data    ZI Data      Debug   

     26554       1682       3918        152       3880     537089   Grand Totals
     26554       1682       3918        152       3880     537089   ELF Image Totals
     26554       1682       3918        152          0          0   ROM Totals

==============================================================================

    Total RO  Size (Code + RO Data)                30472 (  29.76kB)
    Total RW  Size (RW Data + ZI Data)              4032 (   3.94kB)
    Total ROM Size (Code + RO Data + RW Data)      30624 (  29.91kB)

==============================================================================

